2000000 0 0
2000001 0 0
2000002 0 0
2000003 656 656
2000004 800 800
2000005 800 800
2000006 800 800
2000007 800 800
2000008 800 800
2000009 800 800
2000010 800 800
2000011 1392 1392
2000012 1600 1600
2000013 1600 1600
2000014 1600 1600
2000015 1600 1600
2000016 1600 1600
2000017 1600 1600
2000018 1600 1600
2000019 2128 2128
2000020 2400 2400
2000021 2400 2400
2000022 2400 2400
2000023 2400 2400
2000024 2400 2400
2000025 2400 2400
2000026 2400 2400
2000027 2864 2864
2000028 3200 3200
2000029 3200 3200
2000030 3200 3200
2000031 3200 3200
2000032 3200 3200
2000033 3200 3200
2000034 3200 3200
2000035 3600 3600
2000036 4000 4000
2000037 4000 4000
2000038 4000 4000
2000039 4000 4000
2000040 4000 4000
2000041 4000 4000
2000042 4000 4000
2000043 4336 4336
2000044 4800 4800
2000045 4800 4800
2000046 4800 4800
2000047 4800 4800
2000048 4800 4800
2000049 4800 4800
2000050 4800 4800
2000051 5072 5072
2000052 5600 5600
2000053 5600 5600
2000054 5600 5600
2000055 5600 5600
2000056 5600 5600
2000057 5600 5600
2000058 5600 5600
2000059 5808 5808
2000060 6400 6400
2000061 6400 6400
2000062 6400 6400
2000063 6400 6400
2000064 6400 6400
2000065 6400 6400
2000066 6400 6400
2000067 6544 6544
2000068 7200 7200
2000069 7200 7200
2000070 7200 7200
2000071 7200 7200
2000072 7200 7200
2000073 7200 7200
2000074 7200 7200
2000075 7280 7280
2000076 7952 7952
2000077 8000 8000
2000078 8000 8000
2000079 8000 8000
2000080 8000 8000
2000081 8000 8000
2000082 8000 8000
2000083 8016 8016
2000084 8688 8688
2000085 8800 8800
2000086 8800 8800
2000087 8800 8800
2000088 8800 8800
2000089 8800 8800
2000090 8800 8800
2000091 8800 8800
2000092 9424 9424
2000093 9600 9600
2000094 9600 9600
2000095 9600 9600
2000096 9600 9600
2000097 9600 9600
2000098 9600 9600
2000099 9600 9600
2000100 10160 10160
2000101 10400 10400
2000102 10400 10400
2000103 10400 10400
2000104 10400 10400
2000105 10400 10400
2000106 10400 10400
2000107 10400 10400
2000108 10896 10896
2000109 11200 11200
2000110 11200 11200
2000111 11200 11200
2000112 11200 11200
2000113 11200 11200
2000114 11200 11200
2000115 11200 11200
2000116 11632 11632
2000117 12000 12000
2000118 12000 12000
2000119 12000 12000
2000120 12000 12000
2000121 12000 12000
2000122 12000 12000
2000123 12000 12000
2000124 12368 12368
2000125 12800 12800
2000126 12800 12800
2000127 12800 12800
2000128 12800 12800
2000129 12800 12800
2000130 12800 12800
2000131 12800 12800
2000132 13104 13104
2000133 13600 13600
2000134 13600 13600
2000135 13600 13600
2000136 13600 13600
2000137 13600 13600
2000138 13600 13600
2000139 13600 13600
2000140 13840 13840
2000141 14400 14400
2000142 14400 14400
2000143 14400 14400
2000144 14400 14400
2000145 14400 14400
2000146 14400 14400
2000147 14400 14400
2000148 14576 14576
2000149 15200 15200
2000150 15200 15200
2000151 15200 15200
2000152 15200 15200
2000153 15200 15200
2000154 15200 15200
2000155 15200 15200
2000156 15312 15312
2000157 15984 15984
2000158 16000 16000
2000159 16000 16000
2000160 16000 16000
2000161 16000 16000
2000162 16000 16000
2000163 16000 16000
2000164 16048 16048
2000165 16720 16720
2000166 16800 16800
2000167 16800 16800
2000168 16800 16800
2000169 16800 16800
2000170 16800 16800
2000171 16800 16800
2000172 16800 16800
2000173 17456 17456
2000174 17600 17600
2000175 17600 17600
2000176 17600 17600
2000177 17600 17600
2000178 17600 17600
2000179 17600 17600
2000180 17600 17600
2000181 18192 18192
2000182 18400 18400
2000183 18400 18400
2000184 18400 18400
2000185 18400 18400
2000186 18400 18400
2000187 18400 18400
2000188 18400 18400
2000189 18928 18928
2000190 19200 19200
2000191 19200 19200
2000192 19200 19200
2000193 19200 19200
2000194 19200 19200
2000195 19200 19200
2000196 19200 19200
2000197 19664 19664
2000198 20000 20000
2000199 20000 20000
2000200 20000 20000
2000201 20000 20000
2000202 20000 20000
2000203 20000 20000
2000204 20000 20000
2000205 20400 20400
2000206 20800 20800
2000207 20800 20800
2000208 20800 20800
2000209 20800 20800
2000210 20800 20800
2000211 20800 20800
2000212 20800 20800
2000213 21136 21136
2000214 21600 21600
2000215 21600 21600
2000216 21600 21600
2000217 21600 21600
2000218 21600 21600
2000219 21600 21600
2000220 21600 21600
2000221 21872 21872
2000222 22400 22400
2000223 22400 22400
2000224 22400 22400
2000225 22400 22400
2000226 22400 22400
2000227 22400 22400
2000228 22400 22400
2000229 22608 22608
2000230 23200 23200
2000231 23200 23200
2000232 23200 23200
2000233 23200 23200
2000234 23200 23200
2000235 23200 23200
2000236 23200 23200
2000237 23344 23344
2000238 24000 24000
2000239 24000 24000
2000240 24000 24000
2000241 24000 24000
2000242 24000 24000
2000243 24000 24000
2000244 24000 24000
2000245 24080 24080
2000246 24736 24736
2000247 24800 24800
2000248 24800 24800
2000249 24800 24800
2000250 24800 24800
2000251 24800 24800
2000252 24800 24800
2000253 24816 24816
2000254 25472 25472
2000255 25600 25600
2000256 25600 25600
2000257 25600 25600
2000258 25600 25600
2000259 25600 25600
2000260 25600 25600
2000261 25600 25600
2000262 26208 26208
2000263 26400 26400
2000264 26400 26400
2000265 26400 26400
2000266 26400 26400
2000267 26400 26400
2000268 26400 26400
2000269 26400 26400
2000270 26944 26944
2000271 27200 27200
2000272 27200 27200
2000273 27200 27200
2000274 27200 27200
2000275 27200 27200
2000276 27200 27200
2000277 27200 27200
2000278 27680 27680
2000279 28000 28000
2000280 28000 28000
2000281 28000 28000
2000282 28000 28000
2000283 28000 28000
2000284 28000 28000
2000285 28000 28000
2000286 28416 28416
2000287 28800 28800
2000288 28800 28800
2000289 28800 28800
2000290 28800 28800
2000291 28800 28800
2000292 28800 28800
2000293 28800 28800
2000294 29152 29152
2000295 29600 29600
2000296 29600 29600
2000297 29600 29600
2000298 29600 29600
2000299 29600 29600
2000300 29600 29600
2000301 29600 29600
2000302 29888 29888
2000303 30400 30400
2000304 30400 30400
2000305 30400 30400
2000306 30400 30400
2000307 30400 30400
2000308 30400 30400
2000309 30400 30400
2000310 30624 30624
2000311 31200 31200
2000312 31200 31200
2000313 31200 31200
2000314 31200 31200
2000315 31200 31200
2000316 31200 31200
2000317 31200 31200
2000318 31360 31360
2000319 32000 32000
2000320 32000 32000
2000321 32000 32000
2000322 32000 32000
2000323 32000 32000
2000324 32000 32000
2000325 32000 32000
2000326 32096 32096
2000327 32768 32768
2000328 32800 32800
2000329 32800 32800
2000330 32800 32800
2000331 32800 32800
2000332 32800 32800
2000333 32800 32800
2000334 32832 32832
2000335 33504 33504
2000336 33600 33600
2000337 33600 33600
2000338 33600 33600
2000339 33600 33600
2000340 33600 33600
2000341 33600 33600
2000342 33600 33600
2000343 34240 34240
2000344 34400 34400
2000345 34400 34400
2000346 34400 34400
2000347 34400 34400
2000348 34400 34400
2000349 34400 34400
2000350 34400 34400
2000351 34976 34976
2000352 35200 35200
2000353 35200 35200
2000354 35200 35200
2000355 35200 35200
2000356 35200 35200
2000357 35200 35200
2000358 35200 35200
2000359 35712 35712
2000360 36000 36000
2000361 36000 36000
2000362 36000 36000
2000363 36000 36000
2000364 36000 36000
2000365 36000 36000
2000366 36000 36000
2000367 36448 36448
2000368 36800 36800
2000369 36800 36800
2000370 36800 36800
2000371 36800 36800
2000372 36800 36800
2000373 36800 36800
2000374 36800 36800
2000375 37184 37184
2000376 37600 37600
2000377 37600 37600
2000378 37600 37600
2000379 37600 37600
2000380 37600 37600
2000381 37600 37600
2000382 37600 37600
2000383 37920 37920
2000384 38400 38400
2000385 38400 38400
2000386 38400 38400
2000387 38400 38400
2000388 38400 38400
2000389 38400 38400
2000390 38400 38400
2000391 38656 38656
2000392 39200 39200
2000393 39200 39200
2000394 39200 39200
2000395 39200 39200
2000396 39200 39200
2000397 39200 39200
2000398 39200 39200
2000399 39392 39392
2000400 40000 40000
2000401 40000 40000
2000402 40000 40000
2000403 40000 40000
2000404 40000 40000
2000405 40000 40000
2000406 40000 40000
2000407 40128 40128
2000408 40800 40800
2000409 40800 40800
2000410 40800 40800
2000411 40800 40800
2000412 40800 40800
2000413 40800 40800
2000414 40800 40800
2000415 40864 40864
2000416 41536 41536
2000417 41600 41600
2000418 41600 41600
2000419 41600 41600
2000420 41600 41600
2000421 41600 41600
2000422 41600 41600
2000423 41600 41600
2000424 42272 42272
2000425 42400 42400
2000426 42400 42400
2000427 42400 42400
2000428 42400 42400
2000429 42400 42400
2000430 42400 42400
2000431 42400 42400
2000432 43008 43008
2000433 43200 43200
2000434 43200 43200
2000435 43200 43200
2000436 43200 43200
2000437 43200 43200
2000438 43200 43200
2000439 43200 43200
2000440 43744 43744
2000441 44000 44000
2000442 44000 44000
2000443 44000 44000
2000444 44000 44000
2000445 44000 44000
2000446 44000 44000
2000447 44000 44000
2000448 44480 44480
2000449 44800 44800
2000450 44800 44800
2000451 44800 44800
2000452 44800 44800
2000453 44800 44800
2000454 44800 44800
2000455 44800 44800
2000456 45216 45216
2000457 45600 45600
2000458 45600 45600
2000459 45600 45600
2000460 45600 45600
2000461 45600 45600
2000462 45600 45600
2000463 45600 45600
2000464 45952 45952
2000465 46400 46400
2000466 46400 46400
2000467 46400 46400
2000468 46400 46400
2000469 46400 46400
2000470 46400 46400
2000471 46400 46400
2000472 46688 46688
2000473 47200 47200
2000474 47200 47200
2000475 47200 47200
2000476 47200 47200
2000477 47200 47200
2000478 47200 47200
2000479 47200 47200
2000480 47424 47424
2000481 48000 48000
2000482 48000 48000
2000483 48000 48000
2000484 48000 48000
2000485 48000 48000
2000486 48000 48000
2000487 48000 48000
2000488 48160 48160
2000489 48800 48800
2000490 48800 48800
2000491 48800 48800
2000492 48800 48800
2000493 48800 48800
2000494 48800 48800
2000495 48800 48800
2000496 48896 48896
2000497 49552 49552
2000498 49600 49600
2000499 49600 49600
2000500 49600 49600
2000501 49600 49600
2000502 49600 49600
2000503 49600 49600
2000504 49632 49632
2000505 50288 50288
2000506 50400 50400
2000507 50400 50400
2000508 50400 50400
2000509 50400 50400
2000510 50400 50400
2000511 50400 50400
2000512 50400 50400
2000513 51024 51024
2000514 51200 51200
2000515 51200 51200
2000516 51200 51200
2000517 51200 51200
2000518 51200 51200
2000519 51200 51200
2000520 51200 51200
2000521 51760 51760
2000522 52000 52000
2000523 52000 52000
2000524 52000 52000
2000525 52000 52000
2000526 52000 52000
2000527 52000 52000
2000528 52000 52000
2000529 52496 52496
2000530 52800 52800
2000531 52800 52800
2000532 52800 52800
2000533 52800 52800
2000534 52800 52800
2000535 52800 52800
2000536 52800 52800
2000537 53232 53232
2000538 53600 53600
2000539 53600 53600
2000540 53600 53600
2000541 53600 53600
2000542 53600 53600
2000543 53600 53600
2000544 53600 53600
2000545 53968 53968
2000546 54400 54400
2000547 54400 54400
2000548 54400 54400
2000549 54400 54400
2000550 54400 54400
2000551 54400 54400
2000552 54400 54400
2000553 54704 54704
2000554 55200 55200
2000555 55200 55200
2000556 55200 55200
2000557 55200 55200
2000558 55200 55200
2000559 55200 55200
2000560 55200 55200
2000561 55440 55440
2000562 56000 56000
2000563 56000 56000
2000564 56000 56000
2000565 56000 56000
2000566 56000 56000
2000567 56000 56000
2000568 56000 56000
2000569 56176 56176
2000570 56800 56800
2000571 56800 56800
2000572 56800 56800
2000573 56800 56800
2000574 56800 56800
2000575 56800 56800
2000576 56800 56800
2000577 56912 56912
2000578 57584 57584
2000579 57600 57600
2000580 57600 57600
2000581 57600 57600
2000582 57600 57600
2000583 57600 57600
2000584 57600 57600
2000585 57648 57648
2000586 58320 58320
2000587 58400 58400
2000588 58400 58400
2000589 58400 58400
2000590 58400 58400
2000591 58400 58400
2000592 58400 58400
2000593 58400 58400
2000594 59056 59056
2000595 59200 59200
2000596 59200 59200
2000597 59200 59200
2000598 59200 59200
2000599 59200 59200
2000600 59200 59200
2000601 59200 59200
2000602 59792 59792
2000603 60000 60000
2000604 60000 60000
2000605 60000 60000
2000606 60000 60000
2000607 60000 60000
2000608 60000 60000
2000609 60000 60000
2000610 60528 60528
2000611 60800 60800
2000612 60800 60800
2000613 60800 60800
2000614 60800 60800
2000615 60800 60800
2000616 60800 60800
2000617 60800 60800
2000618 61264 61264
2000619 61600 61600
2000620 61600 61600
2000621 61600 61600
2000622 61600 61600
2000623 61600 61600
2000624 61600 61600
2000625 61600 61600
2000626 62000 62000
2000627 62400 62400
2000628 62400 62400
2000629 62400 62400
2000630 62400 62400
2000631 62400 62400
2000632 62400 62400
2000633 62400 62400
2000634 62736 62736
2000635 63200 63200
2000636 63200 63200
2000637 63200 63200
2000638 63200 63200
2000639 63200 63200
2000640 63200 63200
2000641 63200 63200
2000642 63472 63472
2000643 64000 64000
2000644 64000 64000
2000645 64000 64000
2000646 64000 64000
2000647 64000 64000
2000648 64000 64000
2000649 64000 64000
2000650 64208 64208
2000651 64800 64800
2000652 64800 64800
2000653 64800 64800
2000654 64800 64800
2000655 64800 64800
2000656 64800 64800
2000657 64800 64800
2000658 64944 64944
2000659 65600 65600
2000660 65600 65600
2000661 65600 65600
2000662 65600 65600
2000663 65600 65600
2000664 65600 65600
2000665 65600 65600
2000666 65680 65680
2000667 66352 66352
2000668 66400 66400
2000669 66400 66400
2000670 66400 66400
2000671 66400 66400
2000672 66400 66400
2000673 66400 66400
2000674 66416 66416
2000675 67088 67088
2000676 67200 67200
2000677 67200 67200
2000678 67200 67200
2000679 67200 67200
2000680 67200 67200
2000681 67200 67200
2000682 67200 67200
2000683 67824 67824
2000684 68000 68000
2000685 68000 68000
2000686 68000 68000
2000687 68000 68000
2000688 68000 68000
2000689 68000 68000
2000690 68000 68000
2000691 68560 68560
2000692 68800 68800
2000693 68800 68800
2000694 68800 68800
2000695 68800 68800
2000696 68800 68800
2000697 68800 68800
2000698 68800 68800
2000699 69296 69296
2000700 69600 69600
2000701 69600 69600
2000702 69600 69600
2000703 69600 69600
2000704 69600 69600
2000705 69600 69600
2000706 69600 69600
2000707 70032 70032
2000708 70400 70400
2000709 70400 70400
2000710 70400 70400
2000711 70400 70400
2000712 70400 70400
2000713 70400 70400
2000714 70400 70400
2000715 70768 70768
2000716 71200 71200
2000717 71200 71200
2000718 71200 71200
2000719 71200 71200
2000720 71200 71200
2000721 71200 71200
2000722 71200 71200
2000723 71504 71504
2000724 72000 72000
2000725 72000 72000
2000726 72000 72000
2000727 72000 72000
2000728 72000 72000
2000729 72000 72000
2000730 72000 72000
2000731 72240 72240
2000732 72800 72800
2000733 72800 72800
2000734 72800 72800
2000735 72800 72800
2000736 72800 72800
2000737 72800 72800
2000738 72800 72800
2000739 72976 72976
2000740 73600 73600
2000741 73600 73600
2000742 73600 73600
2000743 73600 73600
2000744 73600 73600
2000745 73600 73600
2000746 73600 73600
2000747 73712 73712
2000748 74368 74368
2000749 74400 74400
2000750 74400 74400
2000751 74400 74400
2000752 74400 74400
2000753 74400 74400
2000754 74400 74400
2000755 74448 74448
2000756 75104 75104
2000757 75200 75200
2000758 75200 75200
2000759 75200 75200
2000760 75200 75200
2000761 75200 75200
2000762 75200 75200
2000763 75200 75200
2000764 75840 75840
2000765 76000 76000
2000766 76000 76000
2000767 76000 76000
2000768 76000 76000
2000769 76000 76000
2000770 76000 76000
2000771 76000 76000
2000772 76576 76576
2000773 76800 76800
2000774 76800 76800
2000775 76800 76800
2000776 76800 76800
2000777 76800 76800
2000778 76800 76800
2000779 76800 76800
2000780 77312 77312
2000781 77600 77600
2000782 77600 77600
2000783 77600 77600
2000784 77600 77600
2000785 77600 77600
2000786 77600 77600
2000787 77600 77600
2000788 78048 78048
2000789 78400 78400
2000790 78400 78400
2000791 78400 78400
2000792 78400 78400
2000793 78400 78400
2000794 78400 78400
2000795 78400 78400
2000796 78784 78784
2000797 79200 79200
2000798 79200 79200
2000799 79200 79200
2000800 79200 79200
2000801 79200 79200
2000802 79200 79200
2000803 79200 79200
2000804 79520 79520
2000805 80000 80000
2000806 80000 80000
2000807 80000 80000
2000808 80000 80000
2000809 80000 80000
2000810 80000 80000
2000811 80000 80000
2000812 80256 80256
2000813 80800 80800
2000814 80800 80800
2000815 80800 80800
2000816 80800 80800
2000817 80800 80800
2000818 80800 80800
2000819 80800 80800
2000820 80992 80992
2000821 81600 81600
2000822 81600 81600
2000823 81600 81600
2000824 81600 81600
2000825 81600 81600
2000826 81600 81600
2000827 81600 81600
2000828 81728 81728
2000829 82400 82400
2000830 82400 82400
2000831 82400 82400
2000832 82400 82400
2000833 82400 82400
2000834 82400 82400
2000835 82400 82400
2000836 82464 82464
2000837 83136 83136
2000838 83200 83200
2000839 83200 83200
2000840 83200 83200
2000841 83200 83200
2000842 83200 83200
2000843 83200 83200
2000844 83200 83200
2000845 83872 83872
2000846 84000 84000
2000847 84000 84000
2000848 84000 84000
2000849 84000 84000
2000850 84000 84000
2000851 84000 84000
2000852 84000 84000
2000853 84608 84608
2000854 84800 84800
2000855 84800 84800
2000856 84800 84800
2000857 84800 84800
2000858 84800 84800
2000859 84800 84800
2000860 84800 84800
2000861 85344 85344
2000862 85600 85600
2000863 85600 85600
2000864 85600 85600
2000865 85600 85600
2000866 85600 85600
2000867 85600 85600
2000868 85600 85600
2000869 86080 86080
2000870 86400 86400
2000871 86400 86400
2000872 86400 86400
2000873 86400 86400
2000874 86400 86400
2000875 86400 86400
2000876 86400 86400
2000877 86816 86816
2000878 87200 87200
2000879 87200 87200
2000880 87200 87200
2000881 87200 87200
2000882 87200 87200
2000883 87200 87200
2000884 87200 87200
2000885 87552 87552
2000886 88000 88000
2000887 88000 88000
2000888 88000 88000
2000889 88000 88000
2000890 88000 88000
2000891 88000 88000
2000892 88000 88000
2000893 88288 88288
2000894 88800 88800
2000895 88800 88800
2000896 88800 88800
2000897 88800 88800
2000898 88800 88800
2000899 88800 88800
2000900 88800 88800
2000901 89024 89024
2000902 89600 89600
2000903 89600 89600
2000904 89600 89600
2000905 89600 89600
2000906 89600 89600
2000907 89600 89600
2000908 89600 89600
2000909 89760 89760
2000910 90400 90400
2000911 90400 90400
2000912 90400 90400
2000913 90400 90400
2000914 90400 90400
2000915 90400 90400
2000916 90400 90400
2000917 90496 90496
2000918 91168 91168
2000919 91200 91200
2000920 91200 91200
2000921 91200 91200
2000922 91200 91200
2000923 91200 91200
2000924 91200 91200
2000925 91232 91232
2000926 91904 91904
2000927 92000 92000
2000928 92000 92000
2000929 92000 92000
2000930 92000 92000
2000931 92000 92000
2000932 92000 92000
2000933 92000 92000
2000934 92640 92640
2000935 92800 92800
2000936 92800 92800
2000937 92800 92800
2000938 92800 92800
2000939 92800 92800
2000940 92800 92800
2000941 92800 92800
2000942 93376 93376
2000943 93600 93600
2000944 93600 93600
2000945 93600 93600
2000946 93600 93600
2000947 93600 93600
2000948 93600 93600
2000949 93600 93600
2000950 94112 94112
2000951 94400 94400
2000952 94400 94400
2000953 94400 94400
2000954 94400 94400
2000955 94400 94400
2000956 94400 94400
2000957 94400 94400
2000958 94848 94848
2000959 95200 95200
2000960 95200 95200
2000961 95200 95200
2000962 95200 95200
2000963 95200 95200
2000964 95200 95200
2000965 95200 95200
2000966 95584 95584
2000967 96000 96000
2000968 96000 96000
2000969 96000 96000
2000970 96000 96000
2000971 96000 96000
2000972 96000 96000
2000973 96000 96000
2000974 96320 96320
2000975 96800 96800
2000976 96800 96800
2000977 96800 96800
2000978 96800 96800
2000979 96800 96800
2000980 96800 96800
2000981 96800 96800
2000982 97056 97056
2000983 97600 97600
2000984 97600 97600
2000985 97600 97600
2000986 97600 97600
2000987 97600 97600
2000988 97600 97600
2000989 97600 97600
2000990 97792 97792
2000991 98400 98400
2000992 98400 98400
2000993 98400 98400
2000994 98400 98400
2000995 98400 98400
2000996 98400 98400
2000997 98400 98400
2000998 98528 98528
2000999 99184 99184
2001000 99200 99200
2001001 99200 99200
2001002 99200 99200
2001003 99200 99200
2001004 99200 99200
2001005 99200 99200
2001006 99264 99264
2001007 99920 99920
2001008 100000 100000
2001009 100000 100000
2001010 100000 100000
2001011 100000 100000
2001012 100000 100000
2001013 100000 100000
2001014 100000 100000
2001015 100656 100656
2001016 100800 100800
2001017 100800 100800
2001018 100800 100800
2001019 100800 100800
2001020 100800 100800
2001021 100800 100800
2001022 100800 100800
2001023 101392 101392
2001024 101600 101600
2001025 101600 101600
2001026 101600 101600
2001027 101600 101600
2001028 101600 101600
2001029 101600 101600
2001030 101600 101600
2001031 102128 102128
2001032 102400 102400
2001033 102400 102400
2001034 102400 102400
2001035 102400 102400
2001036 102400 102400
2001037 102400 102400
2001038 102400 102400
2001039 102864 102864
2001040 103200 103200
2001041 103200 103200
2001042 103200 103200
2001043 103200 103200
2001044 103200 103200
2001045 103200 103200
2001046 103200 103200
2001047 103600 103600
2001048 104000 104000
2001049 104000 104000
2001050 104000 104000
2001051 104000 104000
2001052 104000 104000
2001053 104000 104000
2001054 104000 104000
2001055 104336 104336
2001056 104800 104800
2001057 104800 104800
2001058 104800 104800
2001059 104800 104800
2001060 104800 104800
2001061 104800 104800
2001062 104800 104800
2001063 105072 105072
2001064 105600 105600
2001065 105600 105600
2001066 105600 105600
2001067 105600 105600
2001068 105600 105600
2001069 105600 105600
2001070 105600 105600
2001071 105808 105808
2001072 106400 106400
2001073 106400 106400
2001074 106400 106400
2001075 106400 106400
2001076 106400 106400
2001077 106400 106400
2001078 106400 106400
2001079 106544 106544
2001080 107200 107200
2001081 107200 107200
2001082 107200 107200
2001083 107200 107200
2001084 107200 107200
2001085 107200 107200
2001086 107200 107200
2001087 107280 107280
2001088 107952 107952
2001089 108000 108000
2001090 108000 108000
2001091 108000 108000
2001092 108000 108000
2001093 108000 108000
2001094 108000 108000
2001095 108016 108016
2001096 108688 108688
2001097 108800 108800
2001098 108800 108800
2001099 108800 108800
2001100 108800 108800
2001101 108800 108800
2001102 108800 108800
2001103 108800 108800
2001104 109424 109424
2001105 109600 109600
2001106 109600 109600
2001107 109600 109600
2001108 109600 109600
2001109 109600 109600
2001110 109600 109600
2001111 109600 109600
2001112 110160 110160
2001113 110400 110400
2001114 110400 110400
2001115 110400 110400
2001116 110400 110400
2001117 110400 110400
2001118 110400 110400
2001119 110400 110400
2001120 110896 110896
2001121 111200 111200
2001122 111200 111200
2001123 111200 111200
2001124 111200 111200
2001125 111200 111200
2001126 111200 111200
2001127 111200 111200
2001128 111632 111632
2001129 112000 112000
2001130 112000 112000
2001131 112000 112000
2001132 112000 112000
2001133 112000 112000
2001134 112000 112000
2001135 112000 112000
2001136 112368 112368
2001137 112800 112800
2001138 112800 112800
2001139 112800 112800
2001140 112800 112800
2001141 112800 112800
2001142 112800 112800
2001143 112800 112800
2001144 113104 113104
2001145 113600 113600
2001146 113600 113600
2001147 113600 113600
2001148 113600 113600
2001149 113600 113600
2001150 113600 113600
2001151 113600 113600
2001152 113840 113840
2001153 114400 114400
2001154 114400 114400
2001155 114400 114400
2001156 114400 114400
2001157 114400 114400
2001158 114400 114400
2001159 114400 114400
2001160 114576 114576
2001161 115200 115200
2001162 115200 115200
2001163 115200 115200
2001164 115200 115200
2001165 115200 115200
2001166 115200 115200
2001167 115200 115200
2001168 115312 115312
2001169 115984 115984
2001170 116000 116000
2001171 116000 116000
2001172 116000 116000
2001173 116000 116000
2001174 116000 116000
2001175 116000 116000
2001176 116048 116048
2001177 116720 116720
2001178 116800 116800
2001179 116800 116800
2001180 116800 116800
2001181 116800 116800
2001182 116800 116800
2001183 116800 116800
2001184 116800 116800
2001185 117456 117456
2001186 117600 117600
2001187 117600 117600
2001188 117600 117600
2001189 117600 117600
2001190 117600 117600
2001191 117600 117600
2001192 117600 117600
2001193 118192 118192
2001194 118400 118400
2001195 118400 118400
2001196 118400 118400
2001197 118400 118400
2001198 118400 118400
2001199 118400 118400
2001200 118400 118400
2001201 118928 118928
2001202 119200 119200
2001203 119200 119200
2001204 119200 119200
2001205 119200 119200
2001206 119200 119200
2001207 119200 119200
2001208 119200 119200
2001209 119664 119664
2001210 120000 120000
2001211 120000 120000
2001212 120000 120000
2001213 120000 120000
2001214 120000 120000
2001215 120000 120000
2001216 120000 120000
2001217 120400 120400
2001218 120800 120800
2001219 120800 120800
2001220 120800 120800
2001221 120800 120800
2001222 120800 120800
2001223 120800 120800
2001224 120800 120800
2001225 121136 121136
2001226 121600 121600
2001227 121600 121600
2001228 121600 121600
2001229 121600 121600
2001230 121600 121600
2001231 121600 121600
2001232 121600 121600
2001233 121872 121872
2001234 122400 122400
2001235 122400 122400
2001236 122400 122400
2001237 122400 122400
2001238 122400 122400
2001239 122400 122400
2001240 122400 122400
2001241 122608 122608
2001242 123200 123200
2001243 123200 123200
2001244 123200 123200
2001245 123200 123200
2001246 123200 123200
2001247 123200 123200
2001248 123200 123200
2001249 123344 123344
2001250 124000 124000
2001251 124000 124000
2001252 124000 124000
2001253 124000 124000
2001254 124000 124000
2001255 124000 124000
2001256 124000 124000
2001257 124080 124080
2001258 124736 124736
2001259 124800 124800
2001260 124800 124800
2001261 124800 124800
2001262 124800 124800
2001263 124800 124800
2001264 124800 124800
2001265 124816 124816
2001266 125472 125472
2001267 125600 125600
2001268 125600 125600
2001269 125600 125600
2001270 125600 125600
2001271 125600 125600
2001272 125600 125600
2001273 125600 125600
2001274 126208 126208
2001275 126400 126400
2001276 126400 126400
2001277 126400 126400
2001278 126400 126400
2001279 126400 126400
2001280 126400 126400
2001281 126400 126400
2001282 126944 126944
2001283 127200 127200
2001284 127200 127200
2001285 127200 127200
2001286 127200 127200
2001287 127200 127200
2001288 127200 127200
2001289 127200 127200
2001290 127680 127680
2001291 128000 128000
2001292 128000 128000
2001293 128000 128000
2001294 128000 128000
2001295 128000 128000
2001296 128000 128000
2001297 128000 128000
2001298 128416 128416
2001299 128800 128800
2001300 128800 128800
2001301 128800 128800
2001302 128800 128800
2001303 128800 128800
2001304 128800 128800
2001305 128800 128800
2001306 129152 129152
2001307 129600 129600
2001308 129600 129600
2001309 129600 129600
2001310 129600 129600
2001311 129600 129600
2001312 129600 129600
2001313 129600 129600
2001314 129888 129888
2001315 130400 130400
2001316 130400 130400
2001317 130400 130400
2001318 130400 130400
2001319 130400 130400
2001320 130400 130400
2001321 130400 130400
2001322 130624 130624
2001323 131200 131200
2001324 131200 131200
2001325 131200 131200
2001326 131200 131200
2001327 131200 131200
2001328 131200 131200
2001329 131200 131200
2001330 131360 131360
2001331 132000 132000
2001332 132000 132000
2001333 132000 132000
2001334 132000 132000
2001335 132000 132000
2001336 132000 132000
2001337 132000 132000
2001338 132096 132096
2001339 132768 132768
2001340 132800 132800
2001341 132800 132800
2001342 132800 132800
2001343 132800 132800
2001344 132800 132800
2001345 132800 132800
2001346 132832 132832
2001347 133504 133504
2001348 133600 133600
2001349 133600 133600
2001350 133600 133600
2001351 133600 133600
2001352 133600 133600
2001353 133600 133600
2001354 133600 133600
2001355 134240 134240
2001356 134400 134400
2001357 134400 134400
2001358 134400 134400
2001359 134400 134400
2001360 134400 134400
2001361 134400 134400
2001362 134400 134400
2001363 134976 134976
2001364 135200 135200
2001365 135200 135200
2001366 135200 135200
2001367 135200 135200
2001368 135200 135200
2001369 135200 135200
2001370 135200 135200
2001371 135712 135712
2001372 136000 136000
2001373 136000 136000
2001374 136000 136000
2001375 136000 136000
2001376 136000 136000
2001377 136000 136000
2001378 136000 136000
2001379 136448 136448
2001380 136800 136800
2001381 136800 136800
2001382 136800 136800
2001383 136800 136800
2001384 136800 136800
2001385 136800 136800
2001386 136800 136800
2001387 137184 137184
2001388 137600 137600
2001389 137600 137600
2001390 137600 137600
2001391 137600 137600
2001392 137600 137600
2001393 137600 137600
2001394 137600 137600
2001395 137920 137920
2001396 138400 138400
2001397 138400 138400
2001398 138400 138400
2001399 138400 138400
2001400 138400 138400
2001401 138400 138400
2001402 138400 138400
2001403 138656 138656
2001404 139200 139200
2001405 139200 139200
2001406 139200 139200
2001407 139200 139200
2001408 139200 139200
2001409 139200 139200
2001410 139200 139200
2001411 139392 139392
2001412 140000 140000
2001413 140000 140000
2001414 140000 140000
2001415 140000 140000
2001416 140000 140000
2001417 140000 140000
2001418 140000 140000
2001419 140128 140128
2001420 140800 140800
2001421 140800 140800
2001422 140800 140800
2001423 140800 140800
2001424 140800 140800
2001425 140800 140800
2001426 140800 140800
2001427 140864 140864
2001428 141536 141536
2001429 141600 141600
2001430 141600 141600
2001431 141600 141600
2001432 141600 141600
2001433 141600 141600
2001434 141600 141600
2001435 141600 141600
2001436 142272 142272
2001437 142400 142400
2001438 142400 142400
2001439 142400 142400
2001440 142400 142400
2001441 142400 142400
2001442 142400 142400
2001443 142400 142400
2001444 143008 143008
2001445 143200 143200
2001446 143200 143200
2001447 143200 143200
2001448 143200 143200
2001449 143200 143200
2001450 143200 143200
2001451 143200 143200
2001452 143744 143744
2001453 144000 144000
2001454 144000 144000
2001455 144000 144000
2001456 144000 144000
2001457 144000 144000
2001458 144000 144000
2001459 144000 144000
2001460 144480 144480
2001461 144800 144800
2001462 144800 144800
2001463 144800 144800
2001464 144800 144800
2001465 144800 144800
2001466 144800 144800
2001467 144800 144800
2001468 145216 145216
2001469 145600 145600
2001470 145600 145600
2001471 145600 145600
2001472 145600 145600
2001473 145600 145600
2001474 145600 145600
2001475 145600 145600
2001476 145952 145952
2001477 146400 146400
2001478 146400 146400
2001479 146400 146400
2001480 146400 146400
2001481 146400 146400
2001482 146400 146400
2001483 146400 146400
2001484 146688 146688
2001485 147200 147200
2001486 147200 147200
2001487 147200 147200
2001488 147200 147200
2001489 147200 147200
2001490 147200 147200
2001491 147200 147200
2001492 147424 147424
2001493 148000 148000
2001494 148000 148000
2001495 148000 148000
2001496 148000 148000
2001497 148000 148000
2001498 148000 148000
2001499 148000 148000
2001500 148160 148160
2001501 148800 148800
2001502 148800 148800
2001503 148800 148800
2001504 148800 148800
2001505 148800 148800
2001506 148800 148800
2001507 148800 148800
2001508 148896 148896
2001509 149552 149552
2001510 149600 149600
2001511 149600 149600
2001512 149600 149600
2001513 149600 149600
2001514 149600 149600
2001515 149600 149600
2001516 149632 149632
2001517 150288 150288
2001518 150400 150400
2001519 150400 150400
2001520 150400 150400
2001521 150400 150400
2001522 150400 150400
2001523 150400 150400
2001524 150400 150400
2001525 151024 151024
2001526 151200 151200
2001527 151200 151200
2001528 151200 151200
2001529 151200 151200
2001530 151200 151200
2001531 151200 151200
2001532 151200 151200
2001533 151760 151760
2001534 152000 152000
2001535 152000 152000
2001536 152000 152000
2001537 152000 152000
2001538 152000 152000
2001539 152000 152000
2001540 152000 152000
2001541 152496 152496
2001542 152800 152800
2001543 152800 152800
2001544 152800 152800
2001545 152800 152800
2001546 152800 152800
2001547 152800 152800
2001548 152800 152800
2001549 153232 153232
2001550 153600 153600
2001551 153600 153600
2001552 153600 153600
2001553 153600 153600
2001554 153600 153600
2001555 153600 153600
2001556 153600 153600
2001557 153968 153968
2001558 154400 154400
2001559 154400 154400
2001560 154400 154400
2001561 154400 154400
2001562 154400 154400
2001563 154400 154400
2001564 154400 154400
2001565 154704 154704
2001566 155200 155200
2001567 155200 155200
2001568 155200 155200
2001569 155200 155200
2001570 155200 155200
2001571 155200 155200
2001572 155200 155200
2001573 155440 155440
2001574 156000 156000
2001575 156000 156000
2001576 156000 156000
2001577 156000 156000
2001578 156000 156000
2001579 156000 156000
2001580 156000 156000
2001581 156176 156176
2001582 156800 156800
2001583 156800 156800
2001584 156800 156800
2001585 156800 156800
2001586 156800 156800
2001587 156800 156800
2001588 156800 156800
2001589 156912 156912
2001590 157584 157584
2001591 157600 157600
2001592 157600 157600
2001593 157600 157600
2001594 157600 157600
2001595 157600 157600
2001596 157600 157600
2001597 157648 157648
2001598 158320 158320
2001599 158400 158400
2001600 158400 158400
2001601 158400 158400
2001602 158400 158400
2001603 158400 158400
2001604 158400 158400
2001605 158400 158400
2001606 159056 159056
2001607 159200 159200
2001608 159200 159200
2001609 159200 159200
2001610 159200 159200
2001611 159200 159200
2001612 159200 159200
2001613 159200 159200
2001614 159792 159792
2001615 160000 160000
2001616 160000 160000
2001617 160000 160000
2001618 160000 160000
2001619 160000 160000
2001620 160000 160000
2001621 160000 160000
2001622 160528 160528
2001623 160800 160800
2001624 160800 160800
2001625 160800 160800
2001626 160800 160800
2001627 160800 160800
2001628 160800 160800
2001629 160800 160800
2001630 161264 161264
2001631 161600 161600
2001632 161600 161600
2001633 161600 161600
2001634 161600 161600
2001635 161600 161600
2001636 161600 161600
2001637 161600 161600
2001638 162000 162000
2001639 162400 162400
2001640 162400 162400
2001641 162400 162400
2001642 162400 162400
2001643 162400 162400
2001644 162400 162400
2001645 162400 162400
2001646 162736 162736
2001647 163200 163200
2001648 163200 163200
2001649 163200 163200
2001650 163200 163200
2001651 163200 163200
2001652 163200 163200
2001653 163200 163200
2001654 163472 163472
2001655 164000 164000
2001656 164000 164000
2001657 164000 164000
2001658 164000 164000
2001659 164000 164000
2001660 164000 164000
2001661 164000 164000
2001662 164208 164208
2001663 164800 164800
2001664 164800 164800
2001665 164800 164800
2001666 164800 164800
2001667 164800 164800
2001668 164800 164800
2001669 164800 164800
2001670 164944 164944
2001671 165600 165600
2001672 165600 165600
2001673 165600 165600
2001674 165600 165600
2001675 165600 165600
2001676 165600 165600
2001677 165600 165600
2001678 165680 165680
2001679 166352 166352
2001680 166400 166400
2001681 166400 166400
2001682 166400 166400
2001683 166400 166400
2001684 166400 166400
2001685 166400 166400
2001686 166416 166416
2001687 167088 167088
2001688 167200 167200
2001689 167200 167200
2001690 167200 167200
2001691 167200 167200
2001692 167200 167200
2001693 167200 167200
2001694 167200 167200
2001695 167824 167824
2001696 168000 168000
2001697 168000 168000
2001698 168000 168000
2001699 168000 168000
2001700 168000 168000
2001701 168000 168000
2001702 168000 168000
2001703 168560 168560
2001704 168800 168800
2001705 168800 168800
2001706 168800 168800
2001707 168800 168800
2001708 168800 168800
2001709 168800 168800
2001710 168800 168800
2001711 169296 169296
2001712 169600 169600
2001713 169600 169600
2001714 169600 169600
2001715 169600 169600
2001716 169600 169600
2001717 169600 169600
2001718 169600 169600
2001719 170032 170032
2001720 170400 170400
2001721 170400 170400
2001722 170400 170400
2001723 170400 170400
2001724 170400 170400
2001725 170400 170400
2001726 170400 170400
2001727 170768 170768
2001728 171200 171200
2001729 171200 171200
2001730 171200 171200
2001731 171200 171200
2001732 171200 171200
2001733 171200 171200
2001734 171200 171200
2001735 171504 171504
2001736 172000 172000
2001737 172000 172000
2001738 172000 172000
2001739 172000 172000
2001740 172000 172000
2001741 172000 172000
2001742 172000 172000
2001743 172240 172240
2001744 172800 172800
2001745 172800 172800
2001746 172800 172800
2001747 172800 172800
2001748 172800 172800
2001749 172800 172800
2001750 172800 172800
2001751 172976 172976
2001752 173600 173600
2001753 173600 173600
2001754 173600 173600
2001755 173600 173600
2001756 173600 173600
2001757 173600 173600
2001758 173600 173600
2001759 173712 173712
2001760 174368 174368
2001761 174400 174400
2001762 174400 174400
2001763 174400 174400
2001764 174400 174400
2001765 174400 174400
2001766 174400 174400
2001767 174448 174448
2001768 175104 175104
2001769 175200 175200
2001770 175200 175200
2001771 175200 175200
2001772 175200 175200
2001773 175200 175200
2001774 175200 175200
2001775 175200 175200
2001776 175840 175840
2001777 176000 176000
2001778 176000 176000
2001779 176000 176000
2001780 176000 176000
2001781 176000 176000
2001782 176000 176000
2001783 176000 176000
2001784 176576 176576
2001785 176800 176800
2001786 176800 176800
2001787 176800 176800
2001788 176800 176800
2001789 176800 176800
2001790 176800 176800
2001791 176800 176800
2001792 177312 177312
2001793 177600 177600
2001794 177600 177600
2001795 177600 177600
2001796 177600 177600
2001797 177600 177600
2001798 177600 177600
2001799 177600 177600
2001800 178048 178048
2001801 178400 178400
2001802 178400 178400
2001803 178400 178400
2001804 178400 178400
2001805 178400 178400
2001806 178400 178400
2001807 178400 178400
2001808 178784 178784
2001809 179200 179200
2001810 179200 179200
2001811 179200 179200
2001812 179200 179200
2001813 179200 179200
2001814 179200 179200
2001815 179200 179200
2001816 179520 179520
2001817 180000 180000
2001818 180000 180000
2001819 180000 180000
2001820 180000 180000
2001821 180000 180000
2001822 180000 180000
2001823 180000 180000
2001824 180256 180256
2001825 180800 180800
2001826 180800 180800
2001827 180800 180800
2001828 180800 180800
2001829 180800 180800
2001830 180800 180800
2001831 180800 180800
2001832 180992 180992
2001833 181600 181600
2001834 181600 181600
2001835 181600 181600
2001836 181600 181600
2001837 181600 181600
2001838 181600 181600
2001839 181600 181600
2001840 181728 181728
2001841 182400 182400
2001842 182400 182400
2001843 182400 182400
2001844 182400 182400
2001845 182400 182400
2001846 182400 182400
2001847 182400 182400
2001848 182464 182464
2001849 183136 183136
2001850 183200 183200
2001851 183200 183200
2001852 183200 183200
2001853 183200 183200
2001854 183200 183200
2001855 183200 183200
2001856 183200 183200
2001857 183872 183872
2001858 184000 184000
2001859 184000 184000
2001860 184000 184000
2001861 184000 184000
2001862 184000 184000
2001863 184000 184000
2001864 184000 184000
2001865 184608 184608
2001866 184800 184800
2001867 184800 184800
2001868 184800 184800
2001869 184800 184800
2001870 184800 184800
2001871 184800 184800
2001872 184800 184800
2001873 185344 185344
2001874 185600 185600
2001875 185600 185600
2001876 185600 185600
2001877 185600 185600
2001878 185600 185600
2001879 185600 185600
2001880 185600 185600
2001881 186080 186080
2001882 186400 186400
2001883 186400 186400
2001884 186400 186400
2001885 186400 186400
2001886 186400 186400
2001887 186400 186400
2001888 186400 186400
2001889 186816 186816
2001890 187200 187200
2001891 187200 187200
2001892 187200 187200
2001893 187200 187200
2001894 187200 187200
2001895 187200 187200
2001896 187200 187200
2001897 187552 187552
2001898 188000 188000
2001899 188000 188000
2001900 188000 188000
2001901 188000 188000
2001902 188000 188000
2001903 188000 188000
2001904 188000 188000
2001905 188288 188288
2001906 188800 188800
2001907 188800 188800
2001908 188800 188800
2001909 188800 188800
2001910 188800 188800
2001911 188800 188800
2001912 188800 188800
2001913 189024 189024
2001914 189600 189600
2001915 189600 189600
2001916 189600 189600
2001917 189600 189600
2001918 189600 189600
2001919 189600 189600
2001920 189600 189600
2001921 189760 189760
2001922 190400 190400
2001923 190400 190400
2001924 190400 190400
2001925 190400 190400
2001926 190400 190400
2001927 190400 190400
2001928 190400 190400
2001929 190496 190496
2001930 191168 191168
2001931 191200 191200
2001932 191200 191200
2001933 191200 191200
2001934 191200 191200
2001935 191200 191200
2001936 191200 191200
2001937 191232 191232
2001938 191904 191904
2001939 192000 192000
2001940 192000 192000
2001941 192000 192000
2001942 192000 192000
2001943 192000 192000
2001944 192000 192000
2001945 192000 192000
2001946 192640 192640
2001947 192800 192800
2001948 192800 192800
2001949 192800 192800
2001950 192800 192800
2001951 192800 192800
2001952 192800 192800
2001953 192800 192800
2001954 193376 193376
2001955 193600 193600
2001956 193600 193600
2001957 193600 193600
2001958 193600 193600
2001959 193600 193600
2001960 193600 193600
2001961 193600 193600
2001962 194112 194112
2001963 194400 194400
2001964 194400 194400
2001965 194400 194400
2001966 194400 194400
2001967 194400 194400
2001968 194400 194400
2001969 194400 194400
2001970 194848 194848
2001971 195200 195200
2001972 195200 195200
2001973 195200 195200
2001974 195200 195200
2001975 195200 195200
2001976 195200 195200
2001977 195200 195200
2001978 195584 195584
2001979 196000 196000
2001980 196000 196000
2001981 196000 196000
2001982 196000 196000
2001983 196000 196000
2001984 196000 196000
2001985 196000 196000
2001986 196320 196320
2001987 196800 196800
2001988 196800 196800
2001989 196800 196800
2001990 196800 196800
2001991 196800 196800
2001992 196800 196800
2001993 196800 196800
2001994 197056 197056
2001995 197600 197600
2001996 197600 197600
2001997 197600 197600
2001998 197600 197600
2001999 197600 197600
2002000 197600 197600
2002001 197600 197600
2002002 197792 197792
2002003 198400 198400
2002004 198400 198400
2002005 198400 198400
2002006 198400 198400
2002007 198400 198400
2002008 198400 198400
2002009 198400 198400
2002010 198528 198528
2002011 199184 199184
2002012 199200 199200
2002013 199200 199200
2002014 199200 199200
2002015 199200 199200
2002016 199200 199200
2002017 199200 199200
2002018 199264 199264
2002019 199920 199920
2002020 200000 200000
2002021 200000 200000
2002022 200000 200000
2002023 200000 200000
2002024 200000 200000
2002025 200000 200000
2002026 200000 200000
2002027 200656 200656
2002028 200800 200800
2002029 200800 200800
2002030 200800 200800
2002031 200800 200800
2002032 200800 200800
2002033 200800 200800
2002034 200800 200800
2002035 201392 201392
2002036 201600 201600
2002037 201600 201600
2002038 201600 201600
2002039 201600 201600
2002040 201600 201600
2002041 201600 201600
2002042 201600 201600
2002043 202128 202128
2002044 202400 202400
2002045 202400 202400
2002046 202400 202400
2002047 202400 202400
2002048 202400 202400
2002049 202400 202400
2002050 202400 202400
2002051 202864 202864
2002052 203200 203200
2002053 203200 203200
2002054 203200 203200
2002055 203200 203200
2002056 203200 203200
2002057 203200 203200
2002058 203200 203200
2002059 203600 203600
2002060 204000 204000
2002061 204000 204000
2002062 204000 204000
2002063 204000 204000
2002064 204000 204000
2002065 204000 204000
2002066 204000 204000
2002067 204336 204336
2002068 204800 204800
2002069 204800 204800
2002070 204800 204800
2002071 204800 204800
2002072 204800 204800
2002073 204800 204800
2002074 204800 204800
2002075 205072 205072
2002076 205600 205600
2002077 205600 205600
2002078 205600 205600
2002079 205600 205600
2002080 205600 205600
2002081 205600 205600
2002082 205600 205600
2002083 205808 205808
2002084 206400 206400
2002085 206400 206400
2002086 206400 206400
2002087 206400 206400
2002088 206400 206400
2002089 206400 206400
2002090 206400 206400
2002091 206544 206544
2002092 207200 207200
2002093 207200 207200
2002094 207200 207200
2002095 207200 207200
2002096 207200 207200
2002097 207200 207200
2002098 207200 207200
2002099 207280 207280
2002100 207952 207952
2002101 208000 208000
2002102 208000 208000
2002103 208000 208000
2002104 208000 208000
2002105 208000 208000
2002106 208000 208000
2002107 208016 208016
2002108 208688 208688
2002109 208800 208800
2002110 208800 208800
2002111 208800 208800
2002112 208800 208800
2002113 208800 208800
2002114 208800 208800
2002115 208800 208800
2002116 209424 209424
2002117 209600 209600
2002118 209600 209600
2002119 209600 209600
2002120 209600 209600
2002121 209600 209600
2002122 209600 209600
2002123 209600 209600
2002124 210160 210160
2002125 210400 210400
2002126 210400 210400
2002127 210400 210400
2002128 210400 210400
2002129 210400 210400
2002130 210400 210400
2002131 210400 210400
2002132 210896 210896
2002133 211200 211200
2002134 211200 211200
2002135 211200 211200
2002136 211200 211200
2002137 211200 211200
2002138 211200 211200
2002139 211200 211200
2002140 211632 211632
2002141 212000 212000
2002142 212000 212000
2002143 212000 212000
2002144 212000 212000
2002145 212000 212000
2002146 212000 212000
2002147 212000 212000
2002148 212368 212368
2002149 212800 212800
2002150 212800 212800
2002151 212800 212800
2002152 212800 212800
2002153 212800 212800
2002154 212800 212800
2002155 212800 212800
2002156 213104 213104
2002157 213600 213600
2002158 213600 213600
2002159 213600 213600
2002160 213600 213600
2002161 213600 213600
2002162 213600 213600
2002163 213600 213600
2002164 213840 213840
2002165 214400 214400
2002166 214400 214400
2002167 214400 214400
2002168 214400 214400
2002169 214400 214400
2002170 214400 214400
2002171 214400 214400
2002172 214576 214576
2002173 215200 215200
2002174 215200 215200
2002175 215200 215200
2002176 215200 215200
2002177 215200 215200
2002178 215200 215200
2002179 215200 215200
2002180 215312 215312
2002181 215984 215984
2002182 216000 216000
2002183 216000 216000
2002184 216000 216000
2002185 216000 216000
2002186 216000 216000
2002187 216000 216000
2002188 216048 216048
2002189 216720 216720
2002190 216800 216800
2002191 216800 216800
2002192 216800 216800
2002193 216800 216800
2002194 216800 216800
2002195 216800 216800
2002196 216800 216800
2002197 217456 217456
2002198 217600 217600
2002199 217600 217600
2002200 217600 217600
2002201 217600 217600
2002202 217600 217600
2002203 217600 217600
2002204 217600 217600
2002205 218192 218192
2002206 218400 218400
2002207 218400 218400
2002208 218400 218400
2002209 218400 218400
2002210 218400 218400
2002211 218400 218400
2002212 218400 218400
2002213 218928 218928
2002214 219200 219200
2002215 219200 219200
2002216 219200 219200
2002217 219200 219200
2002218 219200 219200
2002219 219200 219200
2002220 219200 219200
2002221 219664 219664
2002222 220000 220000
2002223 220000 220000
2002224 220000 220000
2002225 220000 220000
2002226 220000 220000
2002227 220000 220000
2002228 220000 220000
2002229 220400 220400
2002230 220800 220800
2002231 220800 220800
2002232 220800 220800
2002233 220800 220800
2002234 220800 220800
2002235 220800 220800
2002236 220800 220800
2002237 221136 221136
2002238 221600 221600
2002239 221600 221600
2002240 221600 221600
2002241 221600 221600
2002242 221600 221600
2002243 221600 221600
2002244 221600 221600
2002245 221872 221872
2002246 222400 222400
2002247 222400 222400
2002248 222400 222400
2002249 222400 222400
2002250 222400 222400
2002251 222400 222400
2002252 222400 222400
2002253 222608 222608
2002254 223200 223200
2002255 223200 223200
2002256 223200 223200
2002257 223200 223200
2002258 223200 223200
2002259 223200 223200
2002260 223200 223200
2002261 223344 223344
2002262 224000 224000
2002263 224000 224000
2002264 224000 224000
2002265 224000 224000
2002266 224000 224000
2002267 224000 224000
2002268 224000 224000
2002269 224080 224080
2002270 224736 224736
2002271 224800 224800
2002272 224800 224800
2002273 224800 224800
2002274 224800 224800
2002275 224800 224800
2002276 224800 224800
2002277 224816 224816
2002278 225472 225472
2002279 225600 225600
2002280 225600 225600
2002281 225600 225600
2002282 225600 225600
2002283 225600 225600
2002284 225600 225600
2002285 225600 225600
2002286 226208 226208
2002287 226400 226400
2002288 226400 226400
2002289 226400 226400
2002290 226400 226400
2002291 226400 226400
2002292 226400 226400
2002293 226400 226400
2002294 226944 226944
2002295 227200 227200
2002296 227200 227200
2002297 227200 227200
2002298 227200 227200
2002299 227200 227200
2002300 227200 227200
2002301 227200 227200
2002302 227680 227680
2002303 228000 228000
2002304 228000 228000
2002305 228000 228000
2002306 228000 228000
2002307 228000 228000
2002308 228000 228000
2002309 228000 228000
2002310 228416 228416
2002311 228800 228800
2002312 228800 228800
2002313 228800 228800
2002314 228800 228800
2002315 228800 228800
2002316 228800 228800
2002317 228800 228800
2002318 229152 229152
2002319 229600 229600
2002320 229600 229600
2002321 229600 229600
2002322 229600 229600
2002323 229600 229600
2002324 229600 229600
2002325 229600 229600
2002326 229888 229888
2002327 230400 230400
2002328 230400 230400
2002329 230400 230400
2002330 230400 230400
2002331 230400 230400
2002332 230400 230400
2002333 230400 230400
2002334 230624 230624
2002335 231200 231200
2002336 231200 231200
2002337 231200 231200
2002338 231200 231200
2002339 231200 231200
2002340 231200 231200
2002341 231200 231200
2002342 231360 231360
2002343 232000 232000
2002344 232000 232000
2002345 232000 232000
2002346 232000 232000
2002347 232000 232000
2002348 232000 232000
2002349 232000 232000
2002350 232096 232096
2002351 232768 232768
2002352 232800 232800
2002353 232800 232800
2002354 232800 232800
2002355 232800 232800
2002356 232800 232800
2002357 232800 232800
2002358 232832 232832
2002359 233504 233504
2002360 233600 233600
2002361 233600 233600
2002362 233600 233600
2002363 233600 233600
2002364 233600 233600
2002365 233600 233600
2002366 233600 233600
2002367 234240 234240
2002368 234400 234400
2002369 234400 234400
2002370 234400 234400
2002371 234400 234400
2002372 234400 234400
2002373 234400 234400
2002374 234400 234400
2002375 234976 234976
2002376 235200 235200
2002377 235200 235200
2002378 235200 235200
2002379 235200 235200
2002380 235200 235200
2002381 235200 235200
2002382 235200 235200
2002383 235712 235712
2002384 236000 236000
2002385 236000 236000
2002386 236000 236000
2002387 236000 236000
2002388 236000 236000
2002389 236000 236000
2002390 236000 236000
2002391 236448 236448
2002392 236800 236800
2002393 236800 236800
2002394 236800 236800
2002395 236800 236800
2002396 236800 236800
2002397 236800 236800
2002398 236800 236800
2002399 237184 237184
2002400 237600 237600
2002401 237600 237600
2002402 237600 237600
2002403 237600 237600
2002404 237600 237600
2002405 237600 237600
2002406 237600 237600
2002407 237920 237920
2002408 238400 238400
2002409 238400 238400
2002410 238400 238400
2002411 238400 238400
2002412 238400 238400
2002413 238400 238400
2002414 238400 238400
2002415 238656 238656
2002416 239200 239200
2002417 239200 239200
2002418 239200 239200
2002419 239200 239200
2002420 239200 239200
2002421 239200 239200
2002422 239200 239200
2002423 239392 239392
2002424 240000 240000
2002425 240000 240000
2002426 240000 240000
2002427 240000 240000
2002428 240000 240000
2002429 240000 240000
2002430 240000 240000
2002431 240128 240128
2002432 240800 240800
2002433 240800 240800
2002434 240800 240800
2002435 240800 240800
2002436 240800 240800
2002437 240800 240800
2002438 240800 240800
2002439 240864 240864
2002440 241536 241536
2002441 241600 241600
2002442 241600 241600
2002443 241600 241600
2002444 241600 241600
2002445 241600 241600
2002446 241600 241600
2002447 241600 241600
2002448 242272 242272
2002449 242400 242400
2002450 242400 242400
2002451 242400 242400
2002452 242400 242400
2002453 242400 242400
2002454 242400 242400
2002455 242400 242400
2002456 243008 243008
2002457 243200 243200
2002458 243200 243200
2002459 243200 243200
2002460 243200 243200
2002461 243200 243200
2002462 243200 243200
2002463 243200 243200
2002464 243744 243744
2002465 244000 244000
2002466 244000 244000
2002467 244000 244000
2002468 244000 244000
2002469 244000 244000
2002470 244000 244000
2002471 244000 244000
2002472 244480 244480
2002473 244800 244800
2002474 244800 244800
2002475 244800 244800
2002476 244800 244800
2002477 244800 244800
2002478 244800 244800
2002479 244800 244800
2002480 245216 245216
2002481 245600 245600
2002482 245600 245600
2002483 245600 245600
2002484 245600 245600
2002485 245600 245600
2002486 245600 245600
2002487 245600 245600
2002488 245952 245952
2002489 246400 246400
2002490 246400 246400
2002491 246400 246400
2002492 246400 246400
2002493 246400 246400
2002494 246400 246400
2002495 246400 246400
2002496 246688 246688
2002497 247200 247200
2002498 247200 247200
2002499 247200 247200
2002500 247200 247200
2002501 247200 247200
2002502 247200 247200
2002503 247200 247200
2002504 247424 247424
2002505 248000 248000
2002506 248000 248000
2002507 248000 248000
2002508 248000 248000
2002509 248000 248000
2002510 248000 248000
2002511 248000 248000
2002512 248160 248160
2002513 248800 248800
2002514 248800 248800
2002515 248800 248800
2002516 248800 248800
2002517 248800 248800
2002518 248800 248800
2002519 248800 248800
2002520 248896 248896
2002521 249552 249552
2002522 249600 249600
2002523 249600 249600
2002524 249600 249600
2002525 249600 249600
2002526 249600 249600
2002527 249600 249600
2002528 249632 249632
2002529 250288 250288
2002530 250400 250400
2002531 250400 250400
2002532 250400 250400
2002533 250400 250400
2002534 250400 250400
2002535 250400 250400
2002536 250400 250400
2002537 251024 251024
2002538 251200 251200
2002539 251200 251200
2002540 251200 251200
2002541 251200 251200
2002542 251200 251200
2002543 251200 251200
2002544 251200 251200
2002545 251760 251760
2002546 252000 252000
2002547 252000 252000
2002548 252000 252000
2002549 252000 252000
2002550 252000 252000
2002551 252000 252000
2002552 252000 252000
2002553 252496 252496
2002554 252800 252800
2002555 252800 252800
2002556 252800 252800
2002557 252800 252800
2002558 252800 252800
2002559 252800 252800
2002560 252800 252800
2002561 253232 253232
2002562 253600 253600
2002563 253600 253600
2002564 253600 253600
2002565 253600 253600
2002566 253600 253600
2002567 253600 253600
2002568 253600 253600
2002569 253968 253968
2002570 254400 254400
2002571 254400 254400
2002572 254400 254400
2002573 254400 254400
2002574 254400 254400
2002575 254400 254400
2002576 254400 254400
2002577 254704 254704
2002578 255200 255200
2002579 255200 255200
2002580 255200 255200
2002581 255200 255200
2002582 255200 255200
2002583 255200 255200
2002584 255200 255200
2002585 255440 255440
2002586 256000 256000
2002587 256000 256000
2002588 256000 256000
2002589 256000 256000
2002590 256000 256000
2002591 256000 256000
2002592 256000 256000
2002593 256176 256176
2002594 256800 256800
2002595 256800 256800
2002596 256800 256800
2002597 256800 256800
2002598 256800 256800
2002599 256800 256800
2002600 256800 256800
2002601 256912 256912
2002602 257584 257584
2002603 257600 257600
2002604 257600 257600
2002605 257600 257600
2002606 257600 257600
2002607 257600 257600
2002608 257600 257600
2002609 257648 257648
2002610 258320 258320
2002611 258400 258400
2002612 258400 258400
2002613 258400 258400
2002614 258400 258400
2002615 258400 258400
2002616 258400 258400
2002617 258400 258400
2002618 259056 259056
2002619 259200 259200
2002620 259200 259200
2002621 259200 259200
2002622 259200 259200
2002623 259200 259200
2002624 259200 259200
2002625 259200 259200
2002626 259792 259792
2002627 260000 260000
2002628 260000 260000
2002629 260000 260000
2002630 260000 260000
2002631 260000 260000
2002632 260000 260000
2002633 260000 260000
2002634 260528 260528
2002635 260800 260800
2002636 260800 260800
2002637 260800 260800
2002638 260800 260800
2002639 260800 260800
2002640 260800 260800
2002641 260800 260800
2002642 261264 261264
2002643 261600 261600
2002644 261600 261600
2002645 261600 261600
2002646 261600 261600
2002647 261600 261600
2002648 261600 261600
2002649 261600 261600
2002650 262000 262000
2002651 262400 262400
2002652 262400 262400
2002653 262400 262400
2002654 262400 262400
2002655 262400 262400
2002656 262400 262400
2002657 262400 262400
2002658 262736 262736
2002659 263200 263200
2002660 263200 263200
2002661 263200 263200
2002662 263200 263200
2002663 263200 263200
2002664 263200 263200
2002665 263200 263200
2002666 263472 263472
2002667 264000 264000
2002668 264000 264000
2002669 264000 264000
2002670 264000 264000
2002671 264000 264000
2002672 264000 264000
2002673 264000 264000
2002674 264208 264208
2002675 264800 264800
2002676 264800 264800
2002677 264800 264800
2002678 264800 264800
2002679 264800 264800
2002680 264800 264800
2002681 264800 264800
2002682 264944 264944
2002683 265600 265600
2002684 265600 265600
2002685 265600 265600
2002686 265600 265600
2002687 265600 265600
2002688 265600 265600
2002689 265600 265600
2002690 265680 265680
2002691 266352 266352
2002692 266400 266400
2002693 266400 266400
2002694 266400 266400
2002695 266400 266400
2002696 266400 266400
2002697 266400 266400
2002698 266416 266416
2002699 267088 267088
2002700 267200 267200
2002701 267200 267200
2002702 267200 267200
2002703 267200 267200
2002704 267200 267200
2002705 267200 267200
2002706 267200 267200
2002707 267824 267824
2002708 268000 268000
2002709 268000 268000
2002710 268000 268000
2002711 268000 268000
2002712 268000 268000
2002713 268000 268000
2002714 268000 268000
2002715 268560 268560
2002716 268800 268800
2002717 268800 268800
2002718 268800 268800
2002719 268800 268800
2002720 268800 268800
2002721 268800 268800
2002722 268800 268800
2002723 269296 269296
2002724 269600 269600
2002725 269600 269600
2002726 269600 269600
2002727 269600 269600
2002728 269600 269600
2002729 269600 269600
2002730 269600 269600
2002731 270032 270032
2002732 270400 270400
2002733 270400 270400
2002734 270400 270400
2002735 270400 270400
2002736 270400 270400
2002737 270400 270400
2002738 270400 270400
2002739 270768 270768
2002740 271200 271200
2002741 271200 271200
2002742 271200 271200
2002743 271200 271200
2002744 271200 271200
2002745 271200 271200
2002746 271200 271200
2002747 271504 271504
2002748 272000 272000
2002749 272000 272000
2002750 272000 272000
2002751 272000 272000
2002752 272000 272000
2002753 272000 272000
2002754 272000 272000
2002755 272240 272240
2002756 272800 272800
2002757 272800 272800
2002758 272800 272800
2002759 272800 272800
2002760 272800 272800
2002761 272800 272800
2002762 272800 272800
2002763 272976 272976
2002764 273600 273600
2002765 273600 273600
2002766 273600 273600
2002767 273600 273600
2002768 273600 273600
2002769 273600 273600
2002770 273600 273600
2002771 273712 273712
2002772 274368 274368
2002773 274400 274400
2002774 274400 274400
2002775 274400 274400
2002776 274400 274400
2002777 274400 274400
2002778 274400 274400
2002779 274448 274448
2002780 275104 275104
2002781 275200 275200
2002782 275200 275200
2002783 275200 275200
2002784 275200 275200
2002785 275200 275200
2002786 275200 275200
2002787 275200 275200
2002788 275840 275840
2002789 276000 276000
2002790 276000 276000
2002791 276000 276000
2002792 276000 276000
2002793 276000 276000
2002794 276000 276000
2002795 276000 276000
2002796 276576 276576
2002797 276800 276800
2002798 276800 276800
2002799 276800 276800
2002800 276800 276800
2002801 276800 276800
2002802 276800 276800
2002803 276800 276800
2002804 277312 277312
2002805 277600 277600
2002806 277600 277600
2002807 277600 277600
2002808 277600 277600
2002809 277600 277600
2002810 277600 277600
2002811 277600 277600
2002812 278048 278048
2002813 278400 278400
2002814 278400 278400
2002815 278400 278400
2002816 278400 278400
2002817 278400 278400
2002818 278400 278400
2002819 278400 278400
2002820 278784 278784
2002821 279200 279200
2002822 279200 279200
2002823 279200 279200
2002824 279200 279200
2002825 279200 279200
2002826 279200 279200
2002827 279200 279200
2002828 279520 279520
2002829 280000 280000
2002830 280000 280000
2002831 280000 280000
2002832 280000 280000
2002833 280000 280000
2002834 280000 280000
2002835 280000 280000
2002836 280256 280256
2002837 280800 280800
2002838 280800 280800
2002839 280800 280800
2002840 280800 280800
2002841 280800 280800
2002842 280800 280800
2002843 280800 280800
2002844 280992 280992
2002845 281600 281600
2002846 281600 281600
2002847 281600 281600
2002848 281600 281600
2002849 281600 281600
2002850 281600 281600
2002851 281600 281600
2002852 281728 281728
2002853 282400 282400
2002854 282400 282400
2002855 282400 282400
2002856 282400 282400
2002857 282400 282400
2002858 282400 282400
2002859 282400 282400
2002860 282464 282464
2002861 283136 283136
2002862 283200 283200
2002863 283200 283200
2002864 283200 283200
2002865 283200 283200
2002866 283200 283200
2002867 283200 283200
2002868 283200 283200
2002869 283872 283872
2002870 284000 284000
2002871 284000 284000
2002872 284000 284000
2002873 284000 284000
2002874 284000 284000
2002875 284000 284000
2002876 284000 284000
2002877 284608 284608
2002878 284800 284800
2002879 284800 284800
2002880 284800 284800
2002881 284800 284800
2002882 284800 284800
2002883 284800 284800
2002884 284800 284800
2002885 285344 285344
2002886 285600 285600
2002887 285600 285600
2002888 285600 285600
2002889 285600 285600
2002890 285600 285600
2002891 285600 285600
2002892 285600 285600
2002893 286080 286080
2002894 286400 286400
2002895 286400 286400
2002896 286400 286400
2002897 286400 286400
2002898 286400 286400
2002899 286400 286400
2002900 286400 286400
2002901 286816 286816
2002902 287200 287200
2002903 287200 287200
2002904 287200 287200
2002905 287200 287200
2002906 287200 287200
2002907 287200 287200
2002908 287200 287200
2002909 287552 287552
2002910 288000 288000
2002911 288000 288000
2002912 288000 288000
2002913 288000 288000
2002914 288000 288000
2002915 288000 288000
2002916 288000 288000
2002917 288288 288288
2002918 288800 288800
2002919 288800 288800
2002920 288800 288800
2002921 288800 288800
2002922 288800 288800
2002923 288800 288800
2002924 288800 288800
2002925 289024 289024
2002926 289600 289600
2002927 289600 289600
2002928 289600 289600
2002929 289600 289600
2002930 289600 289600
2002931 289600 289600
2002932 289600 289600
2002933 289760 289760
2002934 290400 290400
2002935 290400 290400
2002936 290400 290400
2002937 290400 290400
2002938 290400 290400
2002939 290400 290400
2002940 290400 290400
2002941 290496 290496
2002942 291168 291168
2002943 291200 291200
2002944 291200 291200
2002945 291200 291200
2002946 291200 291200
2002947 291200 291200
2002948 291200 291200
2002949 291232 291232
2002950 291904 291904
2002951 292000 292000
2002952 292000 292000
2002953 292000 292000
2002954 292000 292000
2002955 292000 292000
2002956 292000 292000
2002957 292000 292000
2002958 292640 292640
2002959 292800 292800
2002960 292800 292800
2002961 292800 292800
2002962 292800 292800
2002963 292800 292800
2002964 292800 292800
2002965 292800 292800
2002966 293376 293376
2002967 293600 293600
2002968 293600 293600
2002969 293600 293600
2002970 293600 293600
2002971 293600 293600
2002972 293600 293600
2002973 293600 293600
2002974 294112 294112
2002975 294400 294400
2002976 294400 294400
2002977 294400 294400
2002978 294400 294400
2002979 294400 294400
2002980 294400 294400
2002981 294400 294400
2002982 294848 294848
2002983 295200 295200
2002984 295200 295200
2002985 295200 295200
2002986 295200 295200
2002987 295200 295200
2002988 295200 295200
2002989 295200 295200
2002990 295584 295584
2002991 296000 296000
2002992 296000 296000
2002993 296000 296000
2002994 296000 296000
2002995 296000 296000
2002996 296000 296000
2002997 296000 296000
2002998 296320 296320
2002999 296800 296800
2003000 296800 296800
2003001 296800 296800
2003002 296800 296800
2003003 296800 296800
2003004 296800 296800
2003005 296800 296800
2003006 297056 297056
2003007 297600 297600
2003008 297600 297600
2003009 297600 297600
2003010 297600 297600
2003011 297600 297600
2003012 297600 297600
2003013 297600 297600
2003014 297792 297792
2003015 298400 298400
2003016 298400 298400
2003017 298400 298400
2003018 298400 298400
2003019 298400 298400
2003020 298400 298400
2003021 298400 298400
2003022 298528 298528
2003023 299184 299184
2003024 299200 299200
2003025 299200 299200
2003026 299200 299200
2003027 299200 299200
2003028 299200 299200
2003029 299200 299200
2003030 299264 299264
2003031 299920 299920
2003032 300000 300000
2003033 300000 300000
2003034 300000 300000
2003035 300000 300000
2003036 300000 300000
2003037 300000 300000
2003038 300000 300000
2003039 300656 300656
2003040 300800 300800
2003041 300800 300800
2003042 300800 300800
2003043 300800 300800
2003044 300800 300800
2003045 300800 300800
2003046 300800 300800
2003047 301392 301392
2003048 301600 301600
2003049 301600 301600
2003050 301600 301600
2003051 301600 301600
2003052 301600 301600
2003053 301600 301600
2003054 301600 301600
2003055 302128 302128
2003056 302400 302400
2003057 302400 302400
2003058 302400 302400
2003059 302400 302400
2003060 302400 302400
2003061 302400 302400
2003062 302400 302400
2003063 302864 302864
2003064 303200 303200
2003065 303200 303200
2003066 303200 303200
2003067 303200 303200
2003068 303200 303200
2003069 303200 303200
2003070 303200 303200
2003071 303600 303600
2003072 304000 304000
2003073 304000 304000
2003074 304000 304000
2003075 304000 304000
2003076 304000 304000
2003077 304000 304000
2003078 304000 304000
2003079 304336 304336
2003080 304800 304800
2003081 304800 304800
2003082 304800 304800
2003083 304800 304800
2003084 304800 304800
2003085 304800 304800
2003086 304800 304800
2003087 305072 305072
2003088 305600 305600
2003089 305600 305600
2003090 305600 305600
2003091 305600 305600
2003092 305600 305600
2003093 305600 305600
2003094 305600 305600
2003095 305808 305808
2003096 306400 306400
2003097 306400 306400
2003098 306400 306400
2003099 306400 306400
2003100 306400 306400
2003101 306400 306400
2003102 306400 306400
2003103 306544 306544
2003104 307200 307200
2003105 307200 307200
2003106 307200 307200
2003107 307200 307200
2003108 307200 307200
2003109 307200 307200
2003110 307200 307200
2003111 307280 307280
2003112 307952 307952
2003113 308000 308000
2003114 308000 308000
2003115 308000 308000
2003116 308000 308000
2003117 308000 308000
2003118 308000 308000
2003119 308016 308016
2003120 308688 308688
2003121 308800 308800
2003122 308800 308800
2003123 308800 308800
2003124 308800 308800
2003125 308800 308800
2003126 308800 308800
2003127 308800 308800
2003128 309424 309424
2003129 309600 309600
2003130 309600 309600
2003131 309600 309600
2003132 309600 309600
2003133 309600 309600
2003134 309600 309600
2003135 309600 309600
2003136 310160 310160
2003137 310400 310400
2003138 310400 310400
2003139 310400 310400
2003140 310400 310400
2003141 310400 310400
2003142 310400 310400
2003143 310400 310400
2003144 310896 310896
2003145 311200 311200
2003146 311200 311200
2003147 311200 311200
2003148 311200 311200
2003149 311200 311200
2003150 311200 311200
2003151 311200 311200
2003152 311632 311632
2003153 312000 312000
2003154 312000 312000
2003155 312000 312000
2003156 312000 312000
2003157 312000 312000
2003158 312000 312000
2003159 312000 312000
2003160 312368 312368
2003161 312800 312800
2003162 312800 312800
2003163 312800 312800
2003164 312800 312800
2003165 312800 312800
2003166 312800 312800
2003167 312800 312800
2003168 313104 313104
2003169 313600 313600
2003170 313600 313600
2003171 313600 313600
2003172 313600 313600
2003173 313600 313600
2003174 313600 313600
2003175 313600 313600
2003176 313840 313840
2003177 314400 314400
2003178 314400 314400
2003179 314400 314400
2003180 314400 314400
2003181 314400 314400
2003182 314400 314400
2003183 314400 314400
2003184 314576 314576
2003185 315200 315200
2003186 315200 315200
2003187 315200 315200
2003188 315200 315200
2003189 315200 315200
2003190 315200 315200
2003191 315200 315200
2003192 315312 315312
2003193 315984 315984
2003194 316000 316000
2003195 316000 316000
2003196 316000 316000
2003197 316000 316000
2003198 316000 316000
2003199 316000 316000
2003200 316048 316048
2003201 316720 316720
2003202 316800 316800
2003203 316800 316800
2003204 316800 316800
2003205 316800 316800
2003206 316800 316800
2003207 316800 316800
2003208 316800 316800
2003209 317456 317456
2003210 317600 317600
2003211 317600 317600
2003212 317600 317600
2003213 317600 317600
2003214 317600 317600
2003215 317600 317600
2003216 317600 317600
2003217 318192 318192
2003218 318400 318400
2003219 318400 318400
2003220 318400 318400
2003221 318400 318400
2003222 318400 318400
2003223 318400 318400
2003224 318400 318400
2003225 318928 318928
2003226 319200 319200
2003227 319200 319200
2003228 319200 319200
2003229 319200 319200
2003230 319200 319200
2003231 319200 319200
2003232 319200 319200
2003233 319664 319664
2003234 320000 320000
2003235 320000 320000
2003236 320000 320000
2003237 320000 320000
2003238 320000 320000
2003239 320000 320000
2003240 320000 320000
2003241 320400 320400
2003242 320800 320800
2003243 320800 320800
2003244 320800 320800
2003245 320800 320800
2003246 320800 320800
2003247 320800 320800
2003248 320800 320800
2003249 321136 321136
2003250 321600 321600
2003251 321600 321600
2003252 321600 321600
2003253 321600 321600
2003254 321600 321600
2003255 321600 321600
2003256 321600 321600
2003257 321872 321872
2003258 322400 322400
2003259 322400 322400
2003260 322400 322400
2003261 322400 322400
2003262 322400 322400
2003263 322400 322400
2003264 322400 322400
2003265 322608 322608
2003266 323200 323200
2003267 323200 323200
2003268 323200 323200
2003269 323200 323200
2003270 323200 323200
2003271 323200 323200
2003272 323200 323200
2003273 323344 323344
2003274 324000 324000
2003275 324000 324000
2003276 324000 324000
2003277 324000 324000
2003278 324000 324000
2003279 324000 324000
2003280 324000 324000
2003281 324080 324080
2003282 324736 324736
2003283 324800 324800
2003284 324800 324800
2003285 324800 324800
2003286 324800 324800
2003287 324800 324800
2003288 324800 324800
2003289 324816 324816
2003290 325472 325472
2003291 325600 325600
2003292 325600 325600
2003293 325600 325600
2003294 325600 325600
2003295 325600 325600
2003296 325600 325600
2003297 325600 325600
2003298 326208 326208
2003299 326400 326400
2003300 326400 326400
2003301 326400 326400
2003302 326400 326400
2003303 326400 326400
2003304 326400 326400
2003305 326400 326400
2003306 326944 326944
2003307 327200 327200
2003308 327200 327200
2003309 327200 327200
2003310 327200 327200
2003311 327200 327200
2003312 327200 327200
2003313 327200 327200
2003314 327680 327680
2003315 328000 328000
2003316 328000 328000
2003317 328000 328000
2003318 328000 328000
2003319 328000 328000
2003320 328000 328000
2003321 328000 328000
2003322 328416 328416
2003323 328800 328800
2003324 328800 328800
2003325 328800 328800
2003326 328800 328800
2003327 328800 328800
2003328 328800 328800
2003329 328800 328800
2003330 329152 329152
2003331 329600 329600
2003332 329600 329600
2003333 329600 329600
2003334 329600 329600
2003335 329600 329600
2003336 329600 329600
2003337 329600 329600
2003338 329888 329888
2003339 330400 330400
2003340 330400 330400
2003341 330400 330400
2003342 330400 330400
2003343 330400 330400
2003344 330400 330400
2003345 330400 330400
2003346 330624 330624
2003347 331200 331200
2003348 331200 331200
2003349 331200 331200
2003350 331200 331200
2003351 331200 331200
2003352 331200 331200
2003353 331200 331200
2003354 331360 331360
2003355 332000 332000
2003356 332000 332000
2003357 332000 332000
2003358 332000 332000
2003359 332000 332000
2003360 332000 332000
2003361 332000 332000
2003362 332096 332096
2003363 332768 332768
2003364 332800 332800
2003365 332800 332800
2003366 332800 332800
2003367 332800 332800
2003368 332800 332800
2003369 332800 332800
2003370 332832 332832
2003371 333504 333504
2003372 333600 333600
2003373 333600 333600
2003374 333600 333600
2003375 333600 333600
2003376 333600 333600
2003377 333600 333600
2003378 333600 333600
2003379 334240 334240
2003380 334400 334400
2003381 334400 334400
2003382 334400 334400
2003383 334400 334400
2003384 334400 334400
2003385 334400 334400
2003386 334400 334400
2003387 334976 334976
2003388 335200 335200
2003389 335200 335200
2003390 335200 335200
2003391 335200 335200
2003392 335200 335200
2003393 335200 335200
2003394 335200 335200
2003395 335712 335712
2003396 336000 336000
2003397 336000 336000
2003398 336000 336000
2003399 336000 336000
2003400 336000 336000
2003401 336000 336000
2003402 336000 336000
2003403 336448 336448
2003404 336800 336800
2003405 336800 336800
2003406 336800 336800
2003407 336800 336800
2003408 336800 336800
2003409 336800 336800
2003410 336800 336800
2003411 337184 337184
2003412 337600 337600
2003413 337600 337600
2003414 337600 337600
2003415 337600 337600
2003416 337600 337600
2003417 337600 337600
2003418 337600 337600
2003419 337920 337920
2003420 338400 338400
2003421 338400 338400
2003422 338400 338400
2003423 338400 338400
2003424 338400 338400
2003425 338400 338400
2003426 338400 338400
2003427 338656 338656
2003428 339200 339200
2003429 339200 339200
2003430 339200 339200
2003431 339200 339200
2003432 339200 339200
2003433 339200 339200
2003434 339200 339200
2003435 339392 339392
2003436 340000 340000
2003437 340000 340000
2003438 340000 340000
2003439 340000 340000
2003440 340000 340000
2003441 340000 340000
2003442 340000 340000
2003443 340128 340128
2003444 340800 340800
2003445 340800 340800
2003446 340800 340800
2003447 340800 340800
2003448 340800 340800
2003449 340800 340800
2003450 340800 340800
2003451 340864 340864
2003452 341536 341536
2003453 341600 341600
2003454 341600 341600
2003455 341600 341600
2003456 341600 341600
2003457 341600 341600
2003458 341600 341600
2003459 341600 341600
2003460 342272 342272
2003461 342400 342400
2003462 342400 342400
2003463 342400 342400
2003464 342400 342400
2003465 342400 342400
2003466 342400 342400
2003467 342400 342400
2003468 343008 343008
2003469 343200 343200
2003470 343200 343200
2003471 343200 343200
2003472 343200 343200
2003473 343200 343200
2003474 343200 343200
2003475 343200 343200
2003476 343744 343744
2003477 344000 344000
2003478 344000 344000
2003479 344000 344000
2003480 344000 344000
2003481 344000 344000
2003482 344000 344000
2003483 344000 344000
2003484 344480 344480
2003485 344800 344800
2003486 344800 344800
2003487 344800 344800
2003488 344800 344800
2003489 344800 344800
2003490 344800 344800
2003491 344800 344800
2003492 345216 345216
2003493 345600 345600
2003494 345600 345600
2003495 345600 345600
2003496 345600 345600
2003497 345600 345600
2003498 345600 345600
2003499 345600 345600
2003500 345952 345952
2003501 346400 346400
2003502 346400 346400
2003503 346400 346400
2003504 346400 346400
2003505 346400 346400
2003506 346400 346400
2003507 346400 346400
2003508 346688 346688
2003509 347200 347200
2003510 347200 347200
2003511 347200 347200
2003512 347200 347200
2003513 347200 347200
2003514 347200 347200
2003515 347200 347200
2003516 347424 347424
2003517 348000 348000
2003518 348000 348000
2003519 348000 348000
2003520 348000 348000
2003521 348000 348000
2003522 348000 348000
2003523 348000 348000
2003524 348160 348160
2003525 348800 348800
2003526 348800 348800
2003527 348800 348800
2003528 348800 348800
2003529 348800 348800
2003530 348800 348800
2003531 348800 348800
2003532 348896 348896
2003533 349552 349552
2003534 349600 349600
2003535 349600 349600
2003536 349600 349600
2003537 349600 349600
2003538 349600 349600
2003539 349600 349600
2003540 349632 349632
2003541 350288 350288
2003542 350400 350400
2003543 350400 350400
2003544 350400 350400
2003545 350400 350400
2003546 350400 350400
2003547 350400 350400
2003548 350400 350400
2003549 351024 351024
2003550 351200 351200
2003551 351200 351200
2003552 351200 351200
2003553 351200 351200
2003554 351200 351200
2003555 351200 351200
2003556 351200 351200
2003557 351760 351760
2003558 352000 352000
2003559 352000 352000
2003560 352000 352000
2003561 352000 352000
2003562 352000 352000
2003563 352000 352000
2003564 352000 352000
2003565 352496 352496
2003566 352800 352800
2003567 352800 352800
2003568 352800 352800
2003569 352800 352800
2003570 352800 352800
2003571 352800 352800
2003572 352800 352800
2003573 353232 353232
2003574 353600 353600
2003575 353600 353600
2003576 353600 353600
2003577 353600 353600
2003578 353600 353600
2003579 353600 353600
2003580 353600 353600
2003581 353968 353968
2003582 354400 354400
2003583 354400 354400
2003584 354400 354400
2003585 354400 354400
2003586 354400 354400
2003587 354400 354400
2003588 354400 354400
2003589 354704 354704
2003590 355200 355200
2003591 355200 355200
2003592 355200 355200
2003593 355200 355200
2003594 355200 355200
2003595 355200 355200
2003596 355200 355200
2003597 355440 355440
2003598 356000 356000
2003599 356000 356000
2003600 356000 356000
2003601 356000 356000
2003602 356000 356000
2003603 356000 356000
2003604 356000 356000
2003605 356176 356176
2003606 356800 356800
2003607 356800 356800
2003608 356800 356800
2003609 356800 356800
2003610 356800 356800
2003611 356800 356800
2003612 356800 356800
2003613 356912 356912
2003614 357584 357584
2003615 357600 357600
2003616 357600 357600
2003617 357600 357600
2003618 357600 357600
2003619 357600 357600
2003620 357600 357600
2003621 357648 357648
2003622 358320 358320
2003623 358400 358400
2003624 358400 358400
2003625 358400 358400
2003626 358400 358400
2003627 358400 358400
2003628 358400 358400
2003629 358400 358400
2003630 359056 359056
2003631 359200 359200
2003632 359200 359200
2003633 359200 359200
2003634 359200 359200
2003635 359200 359200
2003636 359200 359200
2003637 359200 359200
2003638 359792 359792
2003639 360000 360000
2003640 360000 360000
2003641 360000 360000
2003642 360000 360000
2003643 360000 360000
2003644 360000 360000
2003645 360000 360000
2003646 360528 360528
2003647 360800 360800
2003648 360800 360800
2003649 360800 360800
2003650 360800 360800
2003651 360800 360800
2003652 360800 360800
2003653 360800 360800
2003654 361264 361264
2003655 361600 361600
2003656 361600 361600
2003657 361600 361600
2003658 361600 361600
2003659 361600 361600
2003660 361600 361600
2003661 361600 361600
2003662 362000 362000
2003663 362400 362400
2003664 362400 362400
2003665 362400 362400
2003666 362400 362400
2003667 362400 362400
2003668 362400 362400
2003669 362400 362400
2003670 362736 362736
2003671 363200 363200
2003672 363200 363200
2003673 363200 363200
2003674 363200 363200
2003675 363200 363200
2003676 363200 363200
2003677 363200 363200
2003678 363472 363472
2003679 364000 364000
2003680 364000 364000
2003681 364000 364000
2003682 364000 364000
2003683 364000 364000
2003684 364000 364000
2003685 364000 364000
2003686 364208 364208
2003687 364800 364800
2003688 364800 364800
2003689 364800 364800
2003690 364800 364800
2003691 364800 364800
2003692 364800 364800
2003693 364800 364800
2003694 364944 364944
2003695 365600 365600
2003696 365600 365600
2003697 365600 365600
2003698 365600 365600
2003699 365600 365600
2003700 365600 365600
2003701 365600 365600
2003702 365680 365680
2003703 366352 366352
2003704 366400 366400
2003705 366400 366400
2003706 366400 366400
2003707 366400 366400
2003708 366400 366400
2003709 366400 366400
2003710 366416 366416
2003711 367088 367088
2003712 367200 367200
2003713 367200 367200
2003714 367200 367200
2003715 367200 367200
2003716 367200 367200
2003717 367200 367200
2003718 367200 367200
2003719 367824 367824
2003720 368000 368000
2003721 368000 368000
2003722 368000 368000
2003723 368000 368000
2003724 368000 368000
2003725 368000 368000
2003726 368000 368000
2003727 368560 368560
2003728 368800 368800
2003729 368800 368800
2003730 368800 368800
2003731 368800 368800
2003732 368800 368800
2003733 368800 368800
2003734 368800 368800
2003735 369296 369296
2003736 369600 369600
2003737 369600 369600
2003738 369600 369600
2003739 369600 369600
2003740 369600 369600
2003741 369600 369600
2003742 369600 369600
2003743 370032 370032
2003744 370400 370400
2003745 370400 370400
2003746 370400 370400
2003747 370400 370400
2003748 370400 370400
2003749 370400 370400
2003750 370400 370400
2003751 370768 370768
2003752 371200 371200
2003753 371200 371200
2003754 371200 371200
2003755 371200 371200
2003756 371200 371200
2003757 371200 371200
2003758 371200 371200
2003759 371504 371504
2003760 372000 372000
2003761 372000 372000
2003762 372000 372000
2003763 372000 372000
2003764 372000 372000
2003765 372000 372000
2003766 372000 372000
2003767 372240 372240
2003768 372800 372800
2003769 372800 372800
2003770 372800 372800
2003771 372800 372800
2003772 372800 372800
2003773 372800 372800
2003774 372800 372800
2003775 372976 372976
2003776 373600 373600
2003777 373600 373600
2003778 373600 373600
2003779 373600 373600
2003780 373600 373600
2003781 373600 373600
2003782 373600 373600
2003783 373712 373712
2003784 374368 374368
2003785 374400 374400
2003786 374400 374400
2003787 374400 374400
2003788 374400 374400
2003789 374400 374400
2003790 374400 374400
2003791 374448 374448
2003792 375104 375104
2003793 375200 375200
2003794 375200 375200
2003795 375200 375200
2003796 375200 375200
2003797 375200 375200
2003798 375200 375200
2003799 375200 375200
2003800 375840 375840
2003801 376000 376000
2003802 376000 376000
2003803 376000 376000
2003804 376000 376000
2003805 376000 376000
2003806 376000 376000
2003807 376000 376000
2003808 376576 376576
2003809 376800 376800
2003810 376800 376800
2003811 376800 376800
2003812 376800 376800
2003813 376800 376800
2003814 376800 376800
2003815 376800 376800
2003816 377312 377312
2003817 377600 377600
2003818 377600 377600
2003819 377600 377600
2003820 377600 377600
2003821 377600 377600
2003822 377600 377600
2003823 377600 377600
2003824 378048 378048
2003825 378400 378400
2003826 378400 378400
2003827 378400 378400
2003828 378400 378400
2003829 378400 378400
2003830 378400 378400
2003831 378400 378400
2003832 378784 378784
2003833 379200 379200
2003834 379200 379200
2003835 379200 379200
2003836 379200 379200
2003837 379200 379200
2003838 379200 379200
2003839 379200 379200
2003840 379520 379520
2003841 380000 380000
2003842 380000 380000
2003843 380000 380000
2003844 380000 380000
2003845 380000 380000
2003846 380000 380000
2003847 380000 380000
2003848 380256 380256
2003849 380800 380800
2003850 380800 380800
2003851 380800 380800
2003852 380800 380800
2003853 380800 380800
2003854 380800 380800
2003855 380800 380800
2003856 380992 380992
2003857 381600 381600
2003858 381600 381600
2003859 381600 381600
2003860 381600 381600
2003861 381600 381600
2003862 381600 381600
2003863 381600 381600
2003864 381728 381728
2003865 382400 382400
2003866 382400 382400
2003867 382400 382400
2003868 382400 382400
2003869 382400 382400
2003870 382400 382400
2003871 382400 382400
2003872 382464 382464
2003873 383136 383136
2003874 383200 383200
2003875 383200 383200
2003876 383200 383200
2003877 383200 383200
2003878 383200 383200
2003879 383200 383200
2003880 383200 383200
2003881 383872 383872
2003882 384000 384000
2003883 384000 384000
2003884 384000 384000
2003885 384000 384000
2003886 384000 384000
2003887 384000 384000
2003888 384000 384000
2003889 384608 384608
2003890 384800 384800
2003891 384800 384800
2003892 384800 384800
2003893 384800 384800
2003894 384800 384800
2003895 384800 384800
2003896 384800 384800
2003897 385344 385344
2003898 385600 385600
2003899 385600 385600
2003900 385600 385600
2003901 385600 385600
2003902 385600 385600
2003903 385600 385600
2003904 385600 385600
2003905 386080 386080
2003906 386400 386400
2003907 386400 386400
2003908 386400 386400
2003909 386400 386400
2003910 386400 386400
2003911 386400 386400
2003912 386400 386400
2003913 386816 386816
2003914 387200 387200
2003915 387200 387200
2003916 387200 387200
2003917 387200 387200
2003918 387200 387200
2003919 387200 387200
2003920 387200 387200
2003921 387552 387552
2003922 388000 388000
2003923 388000 388000
2003924 388000 388000
2003925 388000 388000
2003926 388000 388000
2003927 388000 388000
2003928 388000 388000
2003929 388288 388288
2003930 388800 388800
2003931 388800 388800
2003932 388800 388800
2003933 388800 388800
2003934 388800 388800
2003935 388800 388800
2003936 388800 388800
2003937 389024 389024
2003938 389600 389600
2003939 389600 389600
2003940 389600 389600
2003941 389600 389600
2003942 389600 389600
2003943 389600 389600
2003944 389600 389600
2003945 389760 389760
2003946 390400 390400
2003947 390400 390400
2003948 390400 390400
2003949 390400 390400
2003950 390400 390400
2003951 390400 390400
2003952 390400 390400
2003953 390496 390496
2003954 391168 391168
2003955 391200 391200
2003956 391200 391200
2003957 391200 391200
2003958 391200 391200
2003959 391200 391200
2003960 391200 391200
2003961 391232 391232
2003962 391904 391904
2003963 392000 392000
2003964 392000 392000
2003965 392000 392000
2003966 392000 392000
2003967 392000 392000
2003968 392000 392000
2003969 392000 392000
2003970 392640 392640
2003971 392800 392800
2003972 392800 392800
2003973 392800 392800
2003974 392800 392800
2003975 392800 392800
2003976 392800 392800
2003977 392800 392800
2003978 393376 393376
2003979 393600 393600
2003980 393600 393600
2003981 393600 393600
2003982 393600 393600
2003983 393600 393600
2003984 393600 393600
2003985 393600 393600
2003986 394112 394112
2003987 394400 394400
2003988 394400 394400
2003989 394400 394400
2003990 394400 394400
2003991 394400 394400
2003992 394400 394400
2003993 394400 394400
2003994 394848 394848
2003995 395200 395200
2003996 395200 395200
2003997 395200 395200
2003998 395200 395200
2003999 395200 395200
2004000 395200 395200
2004001 395200 395200
2004002 395584 395584
2004003 396000 396000
2004004 396000 396000
2004005 396000 396000
2004006 396000 396000
2004007 396000 396000
2004008 396000 396000
2004009 396000 396000
2004010 396320 396320
2004011 396800 396800
2004012 396800 396800
2004013 396800 396800
2004014 396800 396800
2004015 396800 396800
2004016 396800 396800
2004017 396800 396800
2004018 397056 397056
2004019 397600 397600
2004020 397600 397600
2004021 397600 397600
2004022 397600 397600
2004023 397600 397600
2004024 397600 397600
2004025 397600 397600
2004026 397792 397792
2004027 398400 398400
2004028 398400 398400
2004029 398400 398400
2004030 398400 398400
2004031 398400 398400
2004032 398400 398400
2004033 398400 398400
2004034 398528 398528
2004035 399184 399184
2004036 399200 399200
2004037 399200 399200
2004038 399200 399200
2004039 399200 399200
2004040 399200 399200
2004041 399200 399200
2004042 399264 399264
2004043 399920 399920
2004044 400000 400000
2004045 400000 400000
2004046 400000 400000
2004047 400000 400000
2004048 400000 400000
2004049 400000 400000
2004050 400000 400000
2004051 400656 400656
2004052 400800 400800
2004053 400800 400800
2004054 400800 400800
2004055 400800 400800
2004056 400800 400800
2004057 400800 400800
2004058 400800 400800
2004059 401392 401392
2004060 401600 401600
2004061 401600 401600
2004062 401600 401600
2004063 401600 401600
2004064 401600 401600
2004065 401600 401600
2004066 401600 401600
2004067 402128 402128
2004068 402400 402400
2004069 402400 402400
2004070 402400 402400
2004071 402400 402400
2004072 402400 402400
2004073 402400 402400
2004074 402400 402400
2004075 402864 402864
2004076 403200 403200
2004077 403200 403200
2004078 403200 403200
2004079 403200 403200
2004080 403200 403200
2004081 403200 403200
2004082 403200 403200
2004083 403600 403600
2004084 404000 404000
2004085 404000 404000
2004086 404000 404000
2004087 404000 404000
2004088 404000 404000
2004089 404000 404000
2004090 404000 404000
2004091 404336 404336
2004092 404800 404800
2004093 404800 404800
2004094 404800 404800
2004095 404800 404800
2004096 404800 404800
2004097 404800 404800
2004098 404800 404800
2004099 405072 405072
2004100 405600 405600
2004101 405600 405600
2004102 405600 405600
2004103 405600 405600
2004104 405600 405600
2004105 405600 405600
2004106 405600 405600
2004107 405808 405808
2004108 406400 406400
2004109 406400 406400
2004110 406400 406400
2004111 406400 406400
2004112 406400 406400
2004113 406400 406400
2004114 406400 406400
2004115 406544 406544
2004116 407200 407200
2004117 407200 407200
2004118 407200 407200
2004119 407200 407200
2004120 407200 407200
2004121 407200 407200
2004122 407200 407200
2004123 407280 407280
2004124 407952 407952
2004125 408000 408000
2004126 408000 408000
2004127 408000 408000
2004128 408000 408000
2004129 408000 408000
2004130 408000 408000
2004131 408016 408016
2004132 408688 408688
2004133 408800 408800
2004134 408800 408800
2004135 408800 408800
2004136 408800 408800
2004137 408800 408800
2004138 408800 408800
2004139 408800 408800
2004140 409424 409424
2004141 409600 409600
2004142 409600 409600
2004143 409600 409600
2004144 409600 409600
2004145 409600 409600
2004146 409600 409600
2004147 409600 409600
2004148 410160 410160
2004149 410400 410400
2004150 410400 410400
2004151 410400 410400
2004152 410400 410400
2004153 410400 410400
2004154 410400 410400
2004155 410400 410400
2004156 410896 410896
2004157 411200 411200
2004158 411200 411200
2004159 411200 411200
2004160 411200 411200
2004161 411200 411200
2004162 411200 411200
2004163 411200 411200
2004164 411632 411632
2004165 412000 412000
2004166 412000 412000
2004167 412000 412000
2004168 412000 412000
2004169 412000 412000
2004170 412000 412000
2004171 412000 412000
2004172 412368 412368
2004173 412800 412800
2004174 412800 412800
2004175 412800 412800
2004176 412800 412800
2004177 412800 412800
2004178 412800 412800
2004179 412800 412800
2004180 413104 413104
2004181 413600 413600
2004182 413600 413600
2004183 413600 413600
2004184 413600 413600
2004185 413600 413600
2004186 413600 413600
2004187 413600 413600
2004188 413840 413840
2004189 414400 414400
2004190 414400 414400
2004191 414400 414400
2004192 414400 414400
2004193 414400 414400
2004194 414400 414400
2004195 414400 414400
2004196 414576 414576
2004197 415200 415200
2004198 415200 415200
2004199 415200 415200
2004200 415200 415200
2004201 415200 415200
2004202 415200 415200
2004203 415200 415200
2004204 415312 415312
2004205 415984 415984
2004206 416000 416000
2004207 416000 416000
2004208 416000 416000
2004209 416000 416000
2004210 416000 416000
2004211 416000 416000
2004212 416048 416048
2004213 416720 416720
2004214 416800 416800
2004215 416800 416800
2004216 416800 416800
2004217 416800 416800
2004218 416800 416800
2004219 416800 416800
2004220 416800 416800
2004221 417456 417456
2004222 417600 417600
2004223 417600 417600
2004224 417600 417600
2004225 417600 417600
2004226 417600 417600
2004227 417600 417600
2004228 417600 417600
2004229 418192 418192
2004230 418400 418400
2004231 418400 418400
2004232 418400 418400
2004233 418400 418400
2004234 418400 418400
2004235 418400 418400
2004236 418400 418400
2004237 418928 418928
2004238 419200 419200
2004239 419200 419200
2004240 419200 419200
2004241 419200 419200
2004242 419200 419200
2004243 419200 419200
2004244 419200 419200
2004245 419664 419664
2004246 420000 420000
2004247 420000 420000
2004248 420000 420000
2004249 420000 420000
2004250 420000 420000
2004251 420000 420000
2004252 420000 420000
2004253 420400 420400
2004254 420800 420800
2004255 420800 420800
2004256 420800 420800
2004257 420800 420800
2004258 420800 420800
2004259 420800 420800
2004260 420800 420800
2004261 421136 421136
2004262 421600 421600
2004263 421600 421600
2004264 421600 421600
2004265 421600 421600
2004266 421600 421600
2004267 421600 421600
2004268 421600 421600
2004269 421872 421872
2004270 422400 422400
2004271 422400 422400
2004272 422400 422400
2004273 422400 422400
2004274 422400 422400
2004275 422400 422400
2004276 422400 422400
2004277 422608 422608
2004278 423200 423200
2004279 423200 423200
2004280 423200 423200
2004281 423200 423200
2004282 423200 423200
2004283 423200 423200
2004284 423200 423200
2004285 423344 423344
2004286 424000 424000
2004287 424000 424000
2004288 424000 424000
2004289 424000 424000
2004290 424000 424000
2004291 424000 424000
2004292 424000 424000
2004293 424080 424080
2004294 424736 424736
2004295 424800 424800
2004296 424800 424800
2004297 424800 424800
2004298 424800 424800
2004299 424800 424800
2004300 424800 424800
2004301 424816 424816
2004302 425472 425472
2004303 425600 425600
2004304 425600 425600
2004305 425600 425600
2004306 425600 425600
2004307 425600 425600
2004308 425600 425600
2004309 425600 425600
2004310 426208 426208
2004311 426400 426400
2004312 426400 426400
2004313 426400 426400
2004314 426400 426400
2004315 426400 426400
2004316 426400 426400
2004317 426400 426400
2004318 426944 426944
2004319 427200 427200
2004320 427200 427200
2004321 427200 427200
2004322 427200 427200
2004323 427200 427200
2004324 427200 427200
2004325 427200 427200
2004326 427680 427680
2004327 428000 428000
2004328 428000 428000
2004329 428000 428000
2004330 428000 428000
2004331 428000 428000
2004332 428000 428000
2004333 428000 428000
2004334 428416 428416
2004335 428800 428800
2004336 428800 428800
2004337 428800 428800
2004338 428800 428800
2004339 428800 428800
2004340 428800 428800
2004341 428800 428800
2004342 429152 429152
2004343 429600 429600
2004344 429600 429600
2004345 429600 429600
2004346 429600 429600
2004347 429600 429600
2004348 429600 429600
2004349 429600 429600
2004350 429888 429888
2004351 430400 430400
2004352 430400 430400
2004353 430400 430400
2004354 430400 430400
2004355 430400 430400
2004356 430400 430400
2004357 430400 430400
2004358 430624 430624
2004359 431200 431200
2004360 431200 431200
2004361 431200 431200
2004362 431200 431200
2004363 431200 431200
2004364 431200 431200
2004365 431200 431200
2004366 431360 431360
2004367 432000 432000
2004368 432000 432000
2004369 432000 432000
2004370 432000 432000
2004371 432000 432000
2004372 432000 432000
2004373 432000 432000
2004374 432096 432096
2004375 432768 432768
2004376 432800 432800
2004377 432800 432800
2004378 432800 432800
2004379 432800 432800
2004380 432800 432800
2004381 432800 432800
2004382 432832 432832
2004383 433504 433504
2004384 433600 433600
2004385 433600 433600
2004386 433600 433600
2004387 433600 433600
2004388 433600 433600
2004389 433600 433600
2004390 433600 433600
2004391 434240 434240
2004392 434400 434400
2004393 434400 434400
2004394 434400 434400
2004395 434400 434400
2004396 434400 434400
2004397 434400 434400
2004398 434400 434400
2004399 434976 434976
2004400 435200 435200
2004401 435200 435200
2004402 435200 435200
2004403 435200 435200
2004404 435200 435200
2004405 435200 435200
2004406 435200 435200
2004407 435712 435712
2004408 436000 436000
2004409 436000 436000
2004410 436000 436000
2004411 436000 436000
2004412 436000 436000
2004413 436000 436000
2004414 436000 436000
2004415 436448 436448
2004416 436800 436800
2004417 436800 436800
2004418 436800 436800
2004419 436800 436800
2004420 436800 436800
2004421 436800 436800
2004422 436800 436800
2004423 437184 437184
2004424 437600 437600
2004425 437600 437600
2004426 437600 437600
2004427 437600 437600
2004428 437600 437600
2004429 437600 437600
2004430 437600 437600
2004431 437920 437920
2004432 438400 438400
2004433 438400 438400
2004434 438400 438400
2004435 438400 438400
2004436 438400 438400
2004437 438400 438400
2004438 438400 438400
2004439 438656 438656
2004440 439200 439200
2004441 439200 439200
2004442 439200 439200
2004443 439200 439200
2004444 439200 439200
2004445 439200 439200
2004446 439200 439200
2004447 439392 439392
2004448 440000 440000
2004449 440000 440000
2004450 440000 440000
2004451 440000 440000
2004452 440000 440000
2004453 440000 440000
2004454 440000 440000
2004455 440128 440128
2004456 440800 440800
2004457 440800 440800
2004458 440800 440800
2004459 440800 440800
2004460 440800 440800
2004461 440800 440800
2004462 440800 440800
2004463 440864 440864
2004464 441536 441536
2004465 441600 441600
2004466 441600 441600
2004467 441600 441600
2004468 441600 441600
2004469 441600 441600
2004470 441600 441600
2004471 441600 441600
2004472 442272 442272
2004473 442400 442400
2004474 442400 442400
2004475 442400 442400
2004476 442400 442400
2004477 442400 442400
2004478 442400 442400
2004479 442400 442400
2004480 443008 443008
2004481 443200 443200
2004482 443200 443200
2004483 443200 443200
2004484 443200 443200
2004485 443200 443200
2004486 443200 443200
2004487 443200 443200
2004488 443744 443744
2004489 444000 444000
2004490 444000 444000
2004491 444000 444000
2004492 444000 444000
2004493 444000 444000
2004494 444000 444000
2004495 444000 444000
2004496 444480 444480
2004497 444800 444800
2004498 444800 444800
2004499 444800 444800
2004500 444800 444800
2004501 444800 444800
2004502 444800 444800
2004503 444800 444800
2004504 445216 445216
2004505 445600 445600
2004506 445600 445600
2004507 445600 445600
2004508 445600 445600
2004509 445600 445600
2004510 445600 445600
2004511 445600 445600
2004512 445952 445952
2004513 446400 446400
2004514 446400 446400
2004515 446400 446400
2004516 446400 446400
2004517 446400 446400
2004518 446400 446400
2004519 446400 446400
2004520 446688 446688
2004521 447200 447200
2004522 447200 447200
2004523 447200 447200
2004524 447200 447200
2004525 447200 447200
2004526 447200 447200
2004527 447200 447200
2004528 447424 447424
2004529 448000 448000
2004530 448000 448000
2004531 448000 448000
2004532 448000 448000
2004533 448000 448000
2004534 448000 448000
2004535 448000 448000
2004536 448160 448160
2004537 448800 448800
2004538 448800 448800
2004539 448800 448800
2004540 448800 448800
2004541 448800 448800
2004542 448800 448800
2004543 448800 448800
2004544 448896 448896
2004545 449552 449552
2004546 449600 449600
2004547 449600 449600
2004548 449600 449600
2004549 449600 449600
2004550 449600 449600
2004551 449600 449600
2004552 449632 449632
