2047 447 0 -> 0 0 -> 1
2047 446 0 -> 1 0 -> 1
2072 445 0 -> 0 0 -> 2
2072 444 0 -> 1 0 -> 2
2095 443 0 -> 0 0 -> 3
2095 442 0 -> 1 0 -> 3
2119 441 0 -> 0 0 -> 4
2119 440 0 -> 1 0 -> 4
2144 439 0 -> 0 0 -> 5
2144 438 0 -> 1 0 -> 5
2167 437 0 -> 0 0 -> 6
2167 436 0 -> 1 0 -> 6
2192 435 0 -> 0 0 -> 7
2192 434 0 -> 1 0 -> 7
2215 433 0 -> 0 0 -> 8
2215 432 0 -> 1 0 -> 8
2240 431 0 -> 0 0 -> 9
2240 430 0 -> 1 0 -> 9
2263 429 0 -> 0 0 -> 10
2263 428 0 -> 1 0 -> 10
2288 427 0 -> 0 0 -> 11
2288 426 0 -> 1 0 -> 11
2311 425 0 -> 0 0 -> 12
2311 424 0 -> 1 0 -> 12
2336 423 0 -> 0 0 -> 13
2336 422 0 -> 1 0 -> 13
2359 421 0 -> 0 0 -> 14
2359 420 0 -> 1 0 -> 14
2384 419 0 -> 0 0 -> 15
2384 418 0 -> 1 0 -> 15
2407 417 0 -> 0 0 -> 16
2407 416 0 -> 1 0 -> 16
2432 415 0 -> 0 0 -> 17
2432 414 0 -> 1 0 -> 17
2455 413 0 -> 0 0 -> 18
2455 412 0 -> 1 0 -> 18
2480 411 0 -> 0 0 -> 19
2480 410 0 -> 1 0 -> 19
2503 409 0 -> 0 0 -> 20
2503 408 0 -> 1 0 -> 20
2528 407 0 -> 0 0 -> 21
2528 406 0 -> 1 0 -> 21
2552 405 0 -> 0 0 -> 22
2552 404 0 -> 1 0 -> 22
2575 403 0 -> 0 0 -> 23
2575 402 0 -> 1 0 -> 23
2600 401 0 -> 0 0 -> 24
2600 400 0 -> 1 0 -> 24
2623 399 0 -> 0 0 -> 25
2623 398 0 -> 1 0 -> 25
2648 397 0 -> 0 0 -> 26
2648 396 0 -> 1 0 -> 26
2671 395 0 -> 0 0 -> 27
2671 394 0 -> 1 0 -> 27
2696 393 0 -> 0 0 -> 28
2696 392 0 -> 1 0 -> 28
2719 391 0 -> 0 0 -> 29
2719 390 0 -> 1 0 -> 29
2744 389 0 -> 0 0 -> 30
2744 388 0 -> 1 0 -> 30
2767 387 0 -> 0 0 -> 31
2767 386 0 -> 1 0 -> 31
2792 385 0 -> 0 0 -> 32
2792 384 0 -> 1 0 -> 32
2815 383 0 -> 0 0 -> 33
2815 382 0 -> 1 0 -> 33
2840 381 0 -> 0 0 -> 34
2840 380 0 -> 1 0 -> 34
2863 379 0 -> 0 0 -> 35
2863 378 0 -> 1 0 -> 35
2888 377 0 -> 0 0 -> 36
2888 376 0 -> 1 0 -> 36
2911 375 0 -> 0 0 -> 37
2911 374 0 -> 1 0 -> 37
2936 373 0 -> 0 0 -> 38
2936 372 0 -> 1 0 -> 38
2960 371 0 -> 0 0 -> 39
2960 370 0 -> 1 0 -> 39
2983 369 0 -> 0 0 -> 40
2983 368 0 -> 1 0 -> 40
3008 367 0 -> 0 0 -> 41
3008 366 0 -> 1 0 -> 41
3031 365 0 -> 0 0 -> 42
3031 364 0 -> 1 0 -> 42
3056 363 0 -> 0 0 -> 43
3056 362 0 -> 1 0 -> 43
3079 361 0 -> 0 0 -> 44
3079 360 0 -> 1 0 -> 44
3104 359 0 -> 0 0 -> 45
3104 358 0 -> 1 0 -> 45
3127 357 0 -> 0 0 -> 46
3127 356 0 -> 1 0 -> 46
3152 355 0 -> 0 0 -> 47
3152 354 0 -> 1 0 -> 47
3175 353 0 -> 0 0 -> 48
3175 352 0 -> 1 0 -> 48
3200 351 0 -> 0 0 -> 49
3200 350 0 -> 1 0 -> 49
10119 350 1 -> 0 49 -> 50
10119 351 0 -> 1 49 -> 50
10143 352 1 -> 0 48 -> 51
10143 353 0 -> 1 48 -> 51
10168 354 1 -> 0 47 -> 52
10168 355 0 -> 1 47 -> 52
10191 356 1 -> 0 46 -> 53
10191 357 0 -> 1 46 -> 53
10216 358 1 -> 0 45 -> 54
10216 359 0 -> 1 45 -> 54
10239 360 1 -> 0 44 -> 55
10239 361 0 -> 1 44 -> 55
10264 362 1 -> 0 43 -> 56
10264 363 0 -> 1 43 -> 56
10287 364 1 -> 0 42 -> 57
10287 365 0 -> 1 42 -> 57
10312 366 1 -> 0 41 -> 58
10312 367 0 -> 1 41 -> 58
10335 368 1 -> 0 40 -> 59
10335 369 0 -> 1 40 -> 59
10360 370 1 -> 0 39 -> 60
10360 371 0 -> 1 39 -> 60
10383 372 1 -> 0 38 -> 61
10383 373 0 -> 1 38 -> 61
10408 374 1 -> 0 37 -> 62
10408 375 0 -> 1 37 -> 62
10431 376 1 -> 0 36 -> 63
10431 377 0 -> 1 36 -> 63
10456 378 1 -> 0 35 -> 64
10456 379 0 -> 1 35 -> 64
10479 380 1 -> 0 34 -> 65
10479 381 0 -> 1 34 -> 65
10504 382 1 -> 0 33 -> 66
10504 383 0 -> 1 33 -> 66
10527 384 1 -> 0 32 -> 67
10527 385 0 -> 1 32 -> 67
10551 386 1 -> 0 31 -> 68
10551 387 0 -> 1 31 -> 68
10576 388 1 -> 0 30 -> 69
10576 389 0 -> 1 30 -> 69
10599 390 1 -> 0 29 -> 70
10599 391 0 -> 1 29 -> 70
10624 392 1 -> 0 28 -> 71
10624 393 0 -> 1 28 -> 71
10647 394 1 -> 0 27 -> 72
10647 395 0 -> 1 27 -> 72
10672 396 1 -> 0 26 -> 73
10672 397 0 -> 1 26 -> 73
10695 398 1 -> 0 25 -> 74
10695 399 0 -> 1 25 -> 74
10720 400 1 -> 0 24 -> 75
10720 401 0 -> 1 24 -> 75
10743 402 1 -> 0 23 -> 76
10743 403 0 -> 1 23 -> 76
10768 404 1 -> 0 22 -> 77
10768 405 0 -> 1 22 -> 77
10791 406 1 -> 0 21 -> 78
10791 407 0 -> 1 21 -> 78
10816 408 1 -> 0 20 -> 79
10816 409 0 -> 1 20 -> 79
10839 410 1 -> 0 19 -> 80
10839 411 0 -> 1 19 -> 80
10864 412 1 -> 0 18 -> 81
10864 413 0 -> 1 18 -> 81
10887 414 1 -> 0 17 -> 82
10887 415 0 -> 1 17 -> 82
10912 416 1 -> 0 16 -> 83
10912 417 0 -> 1 16 -> 83
10935 418 1 -> 0 15 -> 84
10935 419 0 -> 1 15 -> 84
10960 420 1 -> 0 14 -> 85
10960 421 0 -> 1 14 -> 85
10984 422 1 -> 0 13 -> 86
10984 423 0 -> 1 13 -> 86
11007 424 1 -> 0 12 -> 87
11007 425 0 -> 1 12 -> 87
11032 426 1 -> 0 11 -> 88
11032 427 0 -> 1 11 -> 88
11055 428 1 -> 0 10 -> 89
11055 429 0 -> 1 10 -> 89
11080 430 1 -> 0 9 -> 90
11080 431 0 -> 1 9 -> 90
11103 432 1 -> 0 8 -> 91
11103 433 0 -> 1 8 -> 91
11128 434 1 -> 0 7 -> 92
11128 435 0 -> 1 7 -> 92
11151 436 1 -> 0 6 -> 93
11151 437 0 -> 1 6 -> 93
11176 438 1 -> 0 5 -> 94
11176 439 0 -> 1 5 -> 94
11199 440 1 -> 0 4 -> 95
11199 441 0 -> 1 4 -> 95
11224 442 1 -> 0 3 -> 96
11224 443 0 -> 1 3 -> 96
11247 444 1 -> 0 2 -> 97
11247 445 0 -> 1 2 -> 97
11272 446 1 -> 0 1 -> 98
11272 447 0 -> 1 1 -> 98
11295 448 1 -> 0 0 -> 99
11295 449 0 -> 1 0 -> 99
18215 449 1 -> 0 99 -> 100
18215 448 0 -> 1 99 -> 100
18240 447 1 -> 0 98 -> 101
18240 446 0 -> 1 98 -> 101
18263 445 1 -> 0 97 -> 102
18263 444 0 -> 1 97 -> 102
18288 443 1 -> 0 96 -> 103
18288 442 0 -> 1 96 -> 103
18311 441 1 -> 0 95 -> 104
18311 440 0 -> 1 95 -> 104
18336 439 1 -> 0 94 -> 105
18336 438 0 -> 1 94 -> 105
18359 437 1 -> 0 93 -> 106
18359 436 0 -> 1 93 -> 106
18384 435 1 -> 0 92 -> 107
18384 434 0 -> 1 92 -> 107
18407 433 1 -> 0 91 -> 108
18407 432 0 -> 1 91 -> 108
18432 431 1 -> 0 90 -> 109
18432 430 0 -> 1 90 -> 109
18455 429 1 -> 0 89 -> 110
18455 428 0 -> 1 89 -> 110
18480 427 1 -> 0 88 -> 111
18480 426 0 -> 1 88 -> 111
18503 425 1 -> 0 87 -> 112
18503 424 0 -> 1 87 -> 112
18528 423 1 -> 0 86 -> 113
18528 422 0 -> 1 86 -> 113
18551 421 1 -> 0 85 -> 114
18551 420 0 -> 1 85 -> 114
18575 419 1 -> 0 84 -> 115
18575 418 0 -> 1 84 -> 115
18600 417 1 -> 0 83 -> 116
18600 416 0 -> 1 83 -> 116
18623 415 1 -> 0 82 -> 117
18623 414 0 -> 1 82 -> 117
18648 413 1 -> 0 81 -> 118
18648 412 0 -> 1 81 -> 118
18671 411 1 -> 0 80 -> 119
18671 410 0 -> 1 80 -> 119
18696 409 1 -> 0 79 -> 120
18696 408 0 -> 1 79 -> 120
18719 407 1 -> 0 78 -> 121
18719 406 0 -> 1 78 -> 121
18744 405 1 -> 0 77 -> 122
18744 404 0 -> 1 77 -> 122
18767 403 1 -> 0 76 -> 123
18767 402 0 -> 1 76 -> 123
18792 401 1 -> 0 75 -> 124
18792 400 0 -> 1 75 -> 124
18815 399 1 -> 0 74 -> 125
18815 398 0 -> 1 74 -> 125
18840 397 1 -> 0 73 -> 126
18840 396 0 -> 1 73 -> 126
18863 395 1 -> 0 72 -> 127
18863 394 0 -> 1 72 -> 127
18888 393 1 -> 0 71 -> 128
18888 392 0 -> 1 71 -> 128
18911 391 1 -> 0 70 -> 129
18911 390 0 -> 1 70 -> 129
18936 389 1 -> 0 69 -> 130
18936 388 0 -> 1 69 -> 130
18959 387 1 -> 0 68 -> 131
18959 386 0 -> 1 68 -> 131
18983 385 1 -> 0 67 -> 132
18983 384 0 -> 1 67 -> 132
19008 383 1 -> 0 66 -> 133
19008 382 0 -> 1 66 -> 133
19031 381 1 -> 0 65 -> 134
19031 380 0 -> 1 65 -> 134
19056 379 1 -> 0 64 -> 135
19056 378 0 -> 1 64 -> 135
19079 377 1 -> 0 63 -> 136
19079 376 0 -> 1 63 -> 136
19104 375 1 -> 0 62 -> 137
19104 374 0 -> 1 62 -> 137
19127 373 1 -> 0 61 -> 138
19127 372 0 -> 1 61 -> 138
19152 371 1 -> 0 60 -> 139
19152 370 0 -> 1 60 -> 139
19175 369 1 -> 0 59 -> 140
19175 368 0 -> 1 59 -> 140
19200 367 1 -> 0 58 -> 141
19200 366 0 -> 1 58 -> 141
19223 365 1 -> 0 57 -> 142
19223 364 0 -> 1 57 -> 142
19248 363 1 -> 0 56 -> 143
19248 362 0 -> 1 56 -> 143
19271 361 1 -> 0 55 -> 144
19271 360 0 -> 1 55 -> 144
19296 359 1 -> 0 54 -> 145
19296 358 0 -> 1 54 -> 145
19319 357 1 -> 0 53 -> 146
19319 356 0 -> 1 53 -> 146
19344 355 1 -> 0 52 -> 147
19344 354 0 -> 1 52 -> 147
19367 353 1 -> 0 51 -> 148
19367 352 0 -> 1 51 -> 148
19392 351 1 -> 0 50 -> 149
19392 350 0 -> 1 50 -> 149
26312 350 1 -> 0 149 -> 150
26312 351 0 -> 1 149 -> 150
26335 352 1 -> 0 148 -> 151
26335 353 0 -> 1 148 -> 151
26360 354 1 -> 0 147 -> 152
26360 355 0 -> 1 147 -> 152
26383 356 1 -> 0 146 -> 153
26383 357 0 -> 1 146 -> 153
26408 358 1 -> 0 145 -> 154
26408 359 0 -> 1 145 -> 154
26431 360 1 -> 0 144 -> 155
26431 361 0 -> 1 144 -> 155
26456 362 1 -> 0 143 -> 156
26456 363 0 -> 1 143 -> 156
26479 364 1 -> 0 142 -> 157
26479 365 0 -> 1 142 -> 157
26504 366 1 -> 0 141 -> 158
26504 367 0 -> 1 141 -> 158
26527 368 1 -> 0 140 -> 159
26527 369 0 -> 1 140 -> 159
26552 370 1 -> 0 139 -> 160
26552 371 0 -> 1 139 -> 160
26575 372 1 -> 0 138 -> 161
26575 373 0 -> 1 138 -> 161
26599 374 1 -> 0 137 -> 162
26599 375 0 -> 1 137 -> 162
26624 376 1 -> 0 136 -> 163
26624 377 0 -> 1 136 -> 163
26647 378 1 -> 0 135 -> 164
26647 379 0 -> 1 135 -> 164
26672 380 1 -> 0 134 -> 165
26672 381 0 -> 1 134 -> 165
26695 382 1 -> 0 133 -> 166
26695 383 0 -> 1 133 -> 166
26720 384 1 -> 0 132 -> 167
26720 385 0 -> 1 132 -> 167
26743 386 1 -> 0 131 -> 168
26743 387 0 -> 1 131 -> 168
26768 388 1 -> 0 130 -> 169
26768 389 0 -> 1 130 -> 169
26791 390 1 -> 0 129 -> 170
26791 391 0 -> 1 129 -> 170
26816 392 1 -> 0 128 -> 171
26816 393 0 -> 1 128 -> 171
26839 394 1 -> 0 127 -> 172
26839 395 0 -> 1 127 -> 172
26864 396 1 -> 0 126 -> 173
26864 397 0 -> 1 126 -> 173
26887 398 1 -> 0 125 -> 174
26887 399 0 -> 1 125 -> 174
26912 400 1 -> 0 124 -> 175
26912 401 0 -> 1 124 -> 175
26935 402 1 -> 0 123 -> 176
26935 403 0 -> 1 123 -> 176
26960 404 1 -> 0 122 -> 177
26960 405 0 -> 1 122 -> 177
26983 406 1 -> 0 121 -> 178
26983 407 0 -> 1 121 -> 178
27007 408 1 -> 0 120 -> 179
27007 409 0 -> 1 120 -> 179
27032 410 1 -> 0 119 -> 180
27032 411 0 -> 1 119 -> 180
27055 412 1 -> 0 118 -> 181
27055 413 0 -> 1 118 -> 181
27080 414 1 -> 0 117 -> 182
27080 415 0 -> 1 117 -> 182
27103 416 1 -> 0 116 -> 183
27103 417 0 -> 1 116 -> 183
27128 418 1 -> 0 115 -> 184
27128 419 0 -> 1 115 -> 184
27151 420 1 -> 0 114 -> 185
27151 421 0 -> 1 114 -> 185
27176 422 1 -> 0 113 -> 186
27176 423 0 -> 1 113 -> 186
27199 424 1 -> 0 112 -> 187
27199 425 0 -> 1 112 -> 187
27224 426 1 -> 0 111 -> 188
27224 427 0 -> 1 111 -> 188
27247 428 1 -> 0 110 -> 189
27247 429 0 -> 1 110 -> 189
27272 430 1 -> 0 109 -> 190
27272 431 0 -> 1 109 -> 190
27295 432 1 -> 0 108 -> 191
27295 433 0 -> 1 108 -> 191
27320 434 1 -> 0 107 -> 192
27320 435 0 -> 1 107 -> 192
27343 436 1 -> 0 106 -> 193
27343 437 0 -> 1 106 -> 193
27368 438 1 -> 0 105 -> 194
27368 439 0 -> 1 105 -> 194
27391 440 1 -> 0 104 -> 195
27391 441 0 -> 1 104 -> 195
27416 442 1 -> 0 103 -> 196
27416 443 0 -> 1 103 -> 196
27440 444 1 -> 0 102 -> 197
27440 445 0 -> 1 102 -> 197
27463 446 1 -> 0 101 -> 198
27463 447 0 -> 1 101 -> 198
27488 448 1 -> 0 100 -> 199
27488 449 0 -> 1 100 -> 199
34407 449 1 -> 0 199 -> 200
34407 448 0 -> 1 199 -> 200
34432 447 1 -> 0 198 -> 201
34432 446 0 -> 1 198 -> 201
34455 445 1 -> 0 197 -> 202
34455 444 0 -> 1 197 -> 202
34480 443 1 -> 0 196 -> 203
34480 442 0 -> 1 196 -> 203
34503 441 1 -> 0 195 -> 204
34503 440 0 -> 1 195 -> 204
34528 439 1 -> 0 194 -> 205
34528 438 0 -> 1 194 -> 205
34551 437 1 -> 0 193 -> 206
34551 436 0 -> 1 193 -> 206
34576 435 1 -> 0 192 -> 207
34576 434 0 -> 1 192 -> 207
34600 433 1 -> 0 191 -> 208
34600 432 0 -> 1 191 -> 208
34623 431 1 -> 0 190 -> 209
34623 430 0 -> 1 190 -> 209
34648 429 1 -> 0 189 -> 210
34648 428 0 -> 1 189 -> 210
34671 427 1 -> 0 188 -> 211
34671 426 0 -> 1 188 -> 211
34696 425 1 -> 0 187 -> 212
34696 424 0 -> 1 187 -> 212
34719 423 1 -> 0 186 -> 213
34719 422 0 -> 1 186 -> 213
34744 421 1 -> 0 185 -> 214
34744 420 0 -> 1 185 -> 214
34767 419 1 -> 0 184 -> 215
34767 418 0 -> 1 184 -> 215
34792 417 1 -> 0 183 -> 216
34792 416 0 -> 1 183 -> 216
34815 415 1 -> 0 182 -> 217
34815 414 0 -> 1 182 -> 217
34840 413 1 -> 0 181 -> 218
34840 412 0 -> 1 181 -> 218
34863 411 1 -> 0 180 -> 219
34863 410 0 -> 1 180 -> 219
34888 409 1 -> 0 179 -> 220
34888 408 0 -> 1 179 -> 220
34911 407 1 -> 0 178 -> 221
34911 406 0 -> 1 178 -> 221
34936 405 1 -> 0 177 -> 222
34936 404 0 -> 1 177 -> 222
34959 403 1 -> 0 176 -> 223
34959 402 0 -> 1 176 -> 223
34984 401 1 -> 0 175 -> 224
34984 400 0 -> 1 175 -> 224
35007 399 1 -> 0 174 -> 225
35007 398 0 -> 1 174 -> 225
35031 397 1 -> 0 173 -> 226
35031 396 0 -> 1 173 -> 226
35056 395 1 -> 0 172 -> 227
35056 394 0 -> 1 172 -> 227
35079 393 1 -> 0 171 -> 228
35079 392 0 -> 1 171 -> 228
35104 391 1 -> 0 170 -> 229
35104 390 0 -> 1 170 -> 229
35127 389 1 -> 0 169 -> 230
35127 388 0 -> 1 169 -> 230
35152 387 1 -> 0 168 -> 231
35152 386 0 -> 1 168 -> 231
35175 385 1 -> 0 167 -> 232
35175 384 0 -> 1 167 -> 232
35200 383 1 -> 0 166 -> 233
35200 382 0 -> 1 166 -> 233
35223 381 1 -> 0 165 -> 234
35223 380 0 -> 1 165 -> 234
35248 379 1 -> 0 164 -> 235
35248 378 0 -> 1 164 -> 235
35271 377 1 -> 0 163 -> 236
35271 376 0 -> 1 163 -> 236
35296 375 1 -> 0 162 -> 237
35296 374 0 -> 1 162 -> 237
35319 373 1 -> 0 161 -> 238
35319 372 0 -> 1 161 -> 238
35344 371 1 -> 0 160 -> 239
35344 370 0 -> 1 160 -> 239
35367 369 1 -> 0 159 -> 240
35367 368 0 -> 1 159 -> 240
35392 367 1 -> 0 158 -> 241
35392 366 0 -> 1 158 -> 241
35415 365 1 -> 0 157 -> 242
35415 364 0 -> 1 157 -> 242
35439 363 1 -> 0 156 -> 243
35439 362 0 -> 1 156 -> 243
35464 361 1 -> 0 155 -> 244
35464 360 0 -> 1 155 -> 244
35487 359 1 -> 0 154 -> 245
35487 358 0 -> 1 154 -> 245
35512 357 1 -> 0 153 -> 246
35512 356 0 -> 1 153 -> 246
35535 355 1 -> 0 152 -> 247
35535 354 0 -> 1 152 -> 247
35560 353 1 -> 0 151 -> 248
35560 352 0 -> 1 151 -> 248
35583 351 1 -> 0 150 -> 249
35583 350 0 -> 1 150 -> 249
42504 350 1 -> 0 249 -> 250
42504 351 0 -> 1 249 -> 250
42527 352 1 -> 0 248 -> 251
42527 353 0 -> 1 248 -> 251
42552 354 1 -> 0 247 -> 252
42552 355 0 -> 1 247 -> 252
42575 356 1 -> 0 246 -> 253
42575 357 0 -> 1 246 -> 253
42600 358 1 -> 0 245 -> 254
42600 359 0 -> 1 245 -> 254
42624 360 1 -> 0 244 -> 255
42624 361 0 -> 1 244 -> 255
42647 362 1 -> 0 243 -> 256
42647 363 0 -> 1 243 -> 256
42672 364 1 -> 0 242 -> 257
42672 365 0 -> 1 242 -> 257
42695 366 1 -> 0 241 -> 258
42695 367 0 -> 1 241 -> 258
42720 368 1 -> 0 240 -> 259
42720 369 0 -> 1 240 -> 259
42743 370 1 -> 0 239 -> 260
42743 371 0 -> 1 239 -> 260
42768 372 1 -> 0 238 -> 261
42768 373 0 -> 1 238 -> 261
42791 374 1 -> 0 237 -> 262
42791 375 0 -> 1 237 -> 262
42816 376 1 -> 0 236 -> 263
42816 377 0 -> 1 236 -> 263
42839 378 1 -> 0 235 -> 264
42839 379 0 -> 1 235 -> 264
42864 380 1 -> 0 234 -> 265
42864 381 0 -> 1 234 -> 265
42887 382 1 -> 0 233 -> 266
42887 383 0 -> 1 233 -> 266
42912 384 1 -> 0 232 -> 267
42912 385 0 -> 1 232 -> 267
42935 386 1 -> 0 231 -> 268
42935 387 0 -> 1 231 -> 268
42960 388 1 -> 0 230 -> 269
42960 389 0 -> 1 230 -> 269
42983 390 1 -> 0 229 -> 270
42983 391 0 -> 1 229 -> 270
43008 392 1 -> 0 228 -> 271
43008 393 0 -> 1 228 -> 271
43032 394 1 -> 0 227 -> 272
43032 395 0 -> 1 227 -> 272
43055 396 1 -> 0 226 -> 273
43055 397 0 -> 1 226 -> 273
43080 398 1 -> 0 225 -> 274
43080 399 0 -> 1 225 -> 274
43103 400 1 -> 0 224 -> 275
43103 401 0 -> 1 224 -> 275
43128 402 1 -> 0 223 -> 276
43128 403 0 -> 1 223 -> 276
43151 404 1 -> 0 222 -> 277
43151 405 0 -> 1 222 -> 277
43176 406 1 -> 0 221 -> 278
43176 407 0 -> 1 221 -> 278
43199 408 1 -> 0 220 -> 279
43199 409 0 -> 1 220 -> 279
43224 410 1 -> 0 219 -> 280
43224 411 0 -> 1 219 -> 280
43247 412 1 -> 0 218 -> 281
43247 413 0 -> 1 218 -> 281
43272 414 1 -> 0 217 -> 282
43272 415 0 -> 1 217 -> 282
43295 416 1 -> 0 216 -> 283
43295 417 0 -> 1 216 -> 283
43320 418 1 -> 0 215 -> 284
43320 419 0 -> 1 215 -> 284
43343 420 1 -> 0 214 -> 285
43343 421 0 -> 1 214 -> 285
43368 422 1 -> 0 213 -> 286
43368 423 0 -> 1 213 -> 286
43391 424 1 -> 0 212 -> 287
43391 425 0 -> 1 212 -> 287
43416 426 1 -> 0 211 -> 288
43416 427 0 -> 1 211 -> 288
43439 428 1 -> 0 210 -> 289
43439 429 0 -> 1 210 -> 289
43463 430 1 -> 0 209 -> 290
43463 431 0 -> 1 209 -> 290
43488 432 1 -> 0 208 -> 291
43488 433 0 -> 1 208 -> 291
43511 434 1 -> 0 207 -> 292
43511 435 0 -> 1 207 -> 292
43536 436 1 -> 0 206 -> 293
43536 437 0 -> 1 206 -> 293
43559 438 1 -> 0 205 -> 294
43559 439 0 -> 1 205 -> 294
43584 440 1 -> 0 204 -> 295
43584 441 0 -> 1 204 -> 295
43607 442 1 -> 0 203 -> 296
43607 443 0 -> 1 203 -> 296
43632 444 1 -> 0 202 -> 297
43632 445 0 -> 1 202 -> 297
43655 446 1 -> 0 201 -> 298
43655 447 0 -> 1 201 -> 298
43680 448 1 -> 0 200 -> 299
43680 449 0 -> 1 200 -> 299
50599 449 1 -> 0 299 -> 300
50599 448 0 -> 1 299 -> 300
50623 447 1 -> 0 298 -> 301
50623 446 0 -> 1 298 -> 301
50648 445 1 -> 0 297 -> 302
50648 444 0 -> 1 297 -> 302
50671 443 1 -> 0 296 -> 303
50671 442 0 -> 1 296 -> 303
50696 441 1 -> 0 295 -> 304
50696 440 0 -> 1 295 -> 304
50719 439 1 -> 0 294 -> 305
50719 438 0 -> 1 294 -> 305
50744 437 1 -> 0 293 -> 306
50744 436 0 -> 1 293 -> 306
50767 435 1 -> 0 292 -> 307
50767 434 0 -> 1 292 -> 307
50792 433 1 -> 0 291 -> 308
50792 432 0 -> 1 291 -> 308
50815 431 1 -> 0 290 -> 309
50815 430 0 -> 1 290 -> 309
50840 429 1 -> 0 289 -> 310
50840 428 0 -> 1 289 -> 310
50863 427 1 -> 0 288 -> 311
50863 426 0 -> 1 288 -> 311
50888 425 1 -> 0 287 -> 312
50888 424 0 -> 1 287 -> 312
50911 423 1 -> 0 286 -> 313
50911 422 0 -> 1 286 -> 313
50936 421 1 -> 0 285 -> 314
50936 420 0 -> 1 285 -> 314
50959 419 1 -> 0 284 -> 315
50959 418 0 -> 1 284 -> 315
50984 417 1 -> 0 283 -> 316
50984 416 0 -> 1 283 -> 316
51007 415 1 -> 0 282 -> 317
51007 414 0 -> 1 282 -> 317
51032 413 1 -> 0 281 -> 318
51032 412 0 -> 1 281 -> 318
51056 411 1 -> 0 280 -> 319
51056 410 0 -> 1 280 -> 319
51079 409 1 -> 0 279 -> 320
51079 408 0 -> 1 279 -> 320
51104 407 1 -> 0 278 -> 321
51104 406 0 -> 1 278 -> 321
51127 405 1 -> 0 277 -> 322
51127 404 0 -> 1 277 -> 322
51152 403 1 -> 0 276 -> 323
51152 402 0 -> 1 276 -> 323
51175 401 1 -> 0 275 -> 324
51175 400 0 -> 1 275 -> 324
51200 399 1 -> 0 274 -> 325
51200 398 0 -> 1 274 -> 325
51223 397 1 -> 0 273 -> 326
51223 396 0 -> 1 273 -> 326
51248 395 1 -> 0 272 -> 327
51248 394 0 -> 1 272 -> 327
51271 393 1 -> 0 271 -> 328
51271 392 0 -> 1 271 -> 328
51296 391 1 -> 0 270 -> 329
51296 390 0 -> 1 270 -> 329
51319 389 1 -> 0 269 -> 330
51319 388 0 -> 1 269 -> 330
51344 387 1 -> 0 268 -> 331
51344 386 0 -> 1 268 -> 331
51367 385 1 -> 0 267 -> 332
51367 384 0 -> 1 267 -> 332
51392 383 1 -> 0 266 -> 333
51392 382 0 -> 1 266 -> 333
51415 381 1 -> 0 265 -> 334
51415 380 0 -> 1 265 -> 334
51440 379 1 -> 0 264 -> 335
51440 378 0 -> 1 264 -> 335
51463 377 1 -> 0 263 -> 336
51463 376 0 -> 1 263 -> 336
51487 375 1 -> 0 262 -> 337
51487 374 0 -> 1 262 -> 337
51512 373 1 -> 0 261 -> 338
51512 372 0 -> 1 261 -> 338
51535 371 1 -> 0 260 -> 339
51535 370 0 -> 1 260 -> 339
51560 369 1 -> 0 259 -> 340
51560 368 0 -> 1 259 -> 340
51583 367 1 -> 0 258 -> 341
51583 366 0 -> 1 258 -> 341
51608 365 1 -> 0 257 -> 342
51608 364 0 -> 1 257 -> 342
51631 363 1 -> 0 256 -> 343
51631 362 0 -> 1 256 -> 343
51656 361 1 -> 0 255 -> 344
51656 360 0 -> 1 255 -> 344
51679 359 1 -> 0 254 -> 345
51679 358 0 -> 1 254 -> 345
51704 357 1 -> 0 253 -> 346
51704 356 0 -> 1 253 -> 346
51727 355 1 -> 0 252 -> 347
51727 354 0 -> 1 252 -> 347
51752 353 1 -> 0 251 -> 348
51752 352 0 -> 1 251 -> 348
51775 351 1 -> 0 250 -> 349
51775 350 0 -> 1 250 -> 349
58695 350 1 -> 0 349 -> 350
58695 351 0 -> 1 349 -> 350
58720 352 1 -> 0 348 -> 351
58720 353 0 -> 1 348 -> 351
58743 354 1 -> 0 347 -> 352
58743 355 0 -> 1 347 -> 352
58768 356 1 -> 0 346 -> 353
58768 357 0 -> 1 346 -> 353
58791 358 1 -> 0 345 -> 354
58791 359 0 -> 1 345 -> 354
58816 360 1 -> 0 344 -> 355
58816 361 0 -> 1 344 -> 355
58839 362 1 -> 0 343 -> 356
58839 363 0 -> 1 343 -> 356
58864 364 1 -> 0 342 -> 357
58864 365 0 -> 1 342 -> 357
58887 366 1 -> 0 341 -> 358
58887 367 0 -> 1 341 -> 358
58912 368 1 -> 0 340 -> 359
58912 369 0 -> 1 340 -> 359
58935 370 1 -> 0 339 -> 360
58935 371 0 -> 1 339 -> 360
58960 372 1 -> 0 338 -> 361
58960 373 0 -> 1 338 -> 361
58983 374 1 -> 0 337 -> 362
58983 375 0 -> 1 337 -> 362
59008 376 1 -> 0 336 -> 363
59008 377 0 -> 1 336 -> 363
59031 378 1 -> 0 335 -> 364
59031 379 0 -> 1 335 -> 364
59056 380 1 -> 0 334 -> 365
59056 381 0 -> 1 334 -> 365
59080 382 1 -> 0 333 -> 366
59080 383 0 -> 1 333 -> 366
59103 384 1 -> 0 332 -> 367
59103 385 0 -> 1 332 -> 367
59128 386 1 -> 0 331 -> 368
59128 387 0 -> 1 331 -> 368
59151 388 1 -> 0 330 -> 369
59151 389 0 -> 1 330 -> 369
59176 390 1 -> 0 329 -> 370
59176 391 0 -> 1 329 -> 370
59199 392 1 -> 0 328 -> 371
59199 393 0 -> 1 328 -> 371
59224 394 1 -> 0 327 -> 372
59224 395 0 -> 1 327 -> 372
59247 396 1 -> 0 326 -> 373
59247 397 0 -> 1 326 -> 373
59272 398 1 -> 0 325 -> 374
59272 399 0 -> 1 325 -> 374
59295 400 1 -> 0 324 -> 375
59295 401 0 -> 1 324 -> 375
59320 402 1 -> 0 323 -> 376
59320 403 0 -> 1 323 -> 376
59343 404 1 -> 0 322 -> 377
59343 405 0 -> 1 322 -> 377
59368 406 1 -> 0 321 -> 378
59368 407 0 -> 1 321 -> 378
59391 408 1 -> 0 320 -> 379
59391 409 0 -> 1 320 -> 379
59416 410 1 -> 0 319 -> 380
59416 411 0 -> 1 319 -> 380
59439 412 1 -> 0 318 -> 381
59439 413 0 -> 1 318 -> 381
59464 414 1 -> 0 317 -> 382
59464 415 0 -> 1 317 -> 382
59488 416 1 -> 0 316 -> 383
59488 417 0 -> 1 316 -> 383
59511 418 1 -> 0 315 -> 384
59511 419 0 -> 1 315 -> 384
59536 420 1 -> 0 314 -> 385
59536 421 0 -> 1 314 -> 385
59559 422 1 -> 0 313 -> 386
59559 423 0 -> 1 313 -> 386
59584 424 1 -> 0 312 -> 387
59584 425 0 -> 1 312 -> 387
59607 426 1 -> 0 311 -> 388
59607 427 0 -> 1 311 -> 388
59632 428 1 -> 0 310 -> 389
59632 429 0 -> 1 310 -> 389
59655 430 1 -> 0 309 -> 390
59655 431 0 -> 1 309 -> 390
59680 432 1 -> 0 308 -> 391
59680 433 0 -> 1 308 -> 391
59703 434 1 -> 0 307 -> 392
59703 435 0 -> 1 307 -> 392
59728 436 1 -> 0 306 -> 393
59728 437 0 -> 1 306 -> 393
59751 438 1 -> 0 305 -> 394
59751 439 0 -> 1 305 -> 394
59776 440 1 -> 0 304 -> 395
59776 441 0 -> 1 304 -> 395
59799 442 1 -> 0 303 -> 396
59799 443 0 -> 1 303 -> 396
59824 444 1 -> 0 302 -> 397
59824 445 0 -> 1 302 -> 397
59847 446 1 -> 0 301 -> 398
59847 447 0 -> 1 301 -> 398
59872 448 1 -> 0 300 -> 399
59872 449 0 -> 1 300 -> 399
66792 449 1 -> 0 399 -> 400
66792 448 0 -> 1 399 -> 400
66815 447 1 -> 0 398 -> 401
66815 446 0 -> 1 398 -> 401
66840 445 1 -> 0 397 -> 402
66840 444 0 -> 1 397 -> 402
66863 443 1 -> 0 396 -> 403
66863 442 0 -> 1 396 -> 403
66888 441 1 -> 0 395 -> 404
66888 440 0 -> 1 395 -> 404
66911 439 1 -> 0 394 -> 405
66911 438 0 -> 1 394 -> 405
66936 437 1 -> 0 393 -> 406
66936 436 0 -> 1 393 -> 406
66959 435 1 -> 0 392 -> 407
66959 434 0 -> 1 392 -> 407
66984 433 1 -> 0 391 -> 408
66984 432 0 -> 1 391 -> 408
67007 431 1 -> 0 390 -> 409
67007 430 0 -> 1 390 -> 409
67032 429 1 -> 0 389 -> 410
67032 428 0 -> 1 389 -> 410
67055 427 1 -> 0 388 -> 411
67055 426 0 -> 1 388 -> 411
67079 425 1 -> 0 387 -> 412
67079 424 0 -> 1 387 -> 412
67104 423 1 -> 0 386 -> 413
67104 422 0 -> 1 386 -> 413
67127 421 1 -> 0 385 -> 414
67127 420 0 -> 1 385 -> 414
67152 419 1 -> 0 384 -> 415
67152 418 0 -> 1 384 -> 415
67175 417 1 -> 0 383 -> 416
67175 416 0 -> 1 383 -> 416
67200 415 1 -> 0 382 -> 417
67200 414 0 -> 1 382 -> 417
67223 413 1 -> 0 381 -> 418
67223 412 0 -> 1 381 -> 418
67248 411 1 -> 0 380 -> 419
67248 410 0 -> 1 380 -> 419
67271 409 1 -> 0 379 -> 420
67271 408 0 -> 1 379 -> 420
67296 407 1 -> 0 378 -> 421
67296 406 0 -> 1 378 -> 421
67319 405 1 -> 0 377 -> 422
67319 404 0 -> 1 377 -> 422
67344 403 1 -> 0 376 -> 423
67344 402 0 -> 1 376 -> 423
67367 401 1 -> 0 375 -> 424
67367 400 0 -> 1 375 -> 424
67392 399 1 -> 0 374 -> 425
67392 398 0 -> 1 374 -> 425
67415 397 1 -> 0 373 -> 426
67415 396 0 -> 1 373 -> 426
67440 395 1 -> 0 372 -> 427
67440 394 0 -> 1 372 -> 427
67463 393 1 -> 0 371 -> 428
67463 392 0 -> 1 371 -> 428
67488 391 1 -> 0 370 -> 429
67488 390 0 -> 1 370 -> 429
67512 389 1 -> 0 369 -> 430
67512 388 0 -> 1 369 -> 430
67535 387 1 -> 0 368 -> 431
67535 386 0 -> 1 368 -> 431
67560 385 1 -> 0 367 -> 432
67560 384 0 -> 1 367 -> 432
67583 383 1 -> 0 366 -> 433
67583 382 0 -> 1 366 -> 433
67608 381 1 -> 0 365 -> 434
67608 380 0 -> 1 365 -> 434
67631 379 1 -> 0 364 -> 435
67631 378 0 -> 1 364 -> 435
67656 377 1 -> 0 363 -> 436
67656 376 0 -> 1 363 -> 436
67679 375 1 -> 0 362 -> 437
67679 374 0 -> 1 362 -> 437
67704 373 1 -> 0 361 -> 438
67704 372 0 -> 1 361 -> 438
67727 371 1 -> 0 360 -> 439
67727 370 0 -> 1 360 -> 439
67752 369 1 -> 0 359 -> 440
67752 368 0 -> 1 359 -> 440
67775 367 1 -> 0 358 -> 441
67775 366 0 -> 1 358 -> 441
67800 365 1 -> 0 357 -> 442
67800 364 0 -> 1 357 -> 442
67823 363 1 -> 0 356 -> 443
67823 362 0 -> 1 356 -> 443
67848 361 1 -> 0 355 -> 444
67848 360 0 -> 1 355 -> 444
67871 359 1 -> 0 354 -> 445
67871 358 0 -> 1 354 -> 445
67896 357 1 -> 0 353 -> 446
67896 356 0 -> 1 353 -> 446
67920 355 1 -> 0 352 -> 447
67920 354 0 -> 1 352 -> 447
67943 353 1 -> 0 351 -> 448
67943 352 0 -> 1 351 -> 448
67968 351 1 -> 0 350 -> 449
67968 350 0 -> 1 350 -> 449
74887 350 1 -> 0 449 -> 450
74887 351 0 -> 1 449 -> 450
74912 352 1 -> 0 448 -> 451
74912 353 0 -> 1 448 -> 451
74935 354 1 -> 0 447 -> 452
74935 355 0 -> 1 447 -> 452
74960 356 1 -> 0 446 -> 453
74960 357 0 -> 1 446 -> 453
74983 358 1 -> 0 445 -> 454
74983 359 0 -> 1 445 -> 454
75008 360 1 -> 0 444 -> 455
75008 361 0 -> 1 444 -> 455
75031 362 1 -> 0 443 -> 456
75031 363 0 -> 1 443 -> 456
75056 364 1 -> 0 442 -> 457
75056 365 0 -> 1 442 -> 457
75079 366 1 -> 0 441 -> 458
75079 367 0 -> 1 441 -> 458
75103 368 1 -> 0 440 -> 459
75103 369 0 -> 1 440 -> 459
75128 370 1 -> 0 439 -> 460
75128 371 0 -> 1 439 -> 460
75151 372 1 -> 0 438 -> 461
75151 373 0 -> 1 438 -> 461
75176 374 1 -> 0 437 -> 462
75176 375 0 -> 1 437 -> 462
75199 376 1 -> 0 436 -> 463
75199 377 0 -> 1 436 -> 463
75224 378 1 -> 0 435 -> 464
75224 379 0 -> 1 435 -> 464
75247 380 1 -> 0 434 -> 465
75247 381 0 -> 1 434 -> 465
75272 382 1 -> 0 433 -> 466
75272 383 0 -> 1 433 -> 466
75295 384 1 -> 0 432 -> 467
75295 385 0 -> 1 432 -> 467
75320 386 1 -> 0 431 -> 468
75320 387 0 -> 1 431 -> 468
75343 388 1 -> 0 430 -> 469
75343 389 0 -> 1 430 -> 469
75368 390 1 -> 0 429 -> 470
75368 391 0 -> 1 429 -> 470
75391 392 1 -> 0 428 -> 471
75391 393 0 -> 1 428 -> 471
75416 394 1 -> 0 427 -> 472
75416 395 0 -> 1 427 -> 472
75439 396 1 -> 0 426 -> 473
75439 397 0 -> 1 426 -> 473
75464 398 1 -> 0 425 -> 474
75464 399 0 -> 1 425 -> 474
75487 400 1 -> 0 424 -> 475
75487 401 0 -> 1 424 -> 475
75511 402 1 -> 0 423 -> 476
75511 403 0 -> 1 423 -> 476
75536 404 1 -> 0 422 -> 477
75536 405 0 -> 1 422 -> 477
75559 406 1 -> 0 421 -> 478
75559 407 0 -> 1 421 -> 478
75584 408 1 -> 0 420 -> 479
75584 409 0 -> 1 420 -> 479
75607 410 1 -> 0 419 -> 480
75607 411 0 -> 1 419 -> 480
75632 412 1 -> 0 418 -> 481
75632 413 0 -> 1 418 -> 481
75655 414 1 -> 0 417 -> 482
75655 415 0 -> 1 417 -> 482
75680 416 1 -> 0 416 -> 483
75680 417 0 -> 1 416 -> 483
75703 418 1 -> 0 415 -> 484
75703 419 0 -> 1 415 -> 484
75728 420 1 -> 0 414 -> 485
75728 421 0 -> 1 414 -> 485
75751 422 1 -> 0 413 -> 486
75751 423 0 -> 1 413 -> 486
75776 424 1 -> 0 412 -> 487
75776 425 0 -> 1 412 -> 487
75799 426 1 -> 0 411 -> 488
75799 427 0 -> 1 411 -> 488
75824 428 1 -> 0 410 -> 489
75824 429 0 -> 1 410 -> 489
75847 430 1 -> 0 409 -> 490
75847 431 0 -> 1 409 -> 490
75872 432 1 -> 0 408 -> 491
75872 433 0 -> 1 408 -> 491
75895 434 1 -> 0 407 -> 492
75895 435 0 -> 1 407 -> 492
75920 436 1 -> 0 406 -> 493
75920 437 0 -> 1 406 -> 493
75944 438 1 -> 0 405 -> 494
75944 439 0 -> 1 405 -> 494
75967 440 1 -> 0 404 -> 495
75967 441 0 -> 1 404 -> 495
75992 442 1 -> 0 403 -> 496
75992 443 0 -> 1 403 -> 496
76015 444 1 -> 0 402 -> 497
76015 445 0 -> 1 402 -> 497
76040 446 1 -> 0 401 -> 498
76040 447 0 -> 1 401 -> 498
76063 448 1 -> 0 400 -> 499
76063 449 0 -> 1 400 -> 499
82984 449 1 -> 0 499 -> 500
82984 448 0 -> 1 499 -> 500
83007 447 1 -> 0 498 -> 501
83007 446 0 -> 1 498 -> 501
83032 445 1 -> 0 497 -> 502
83032 444 0 -> 1 497 -> 502
83055 443 1 -> 0 496 -> 503
83055 442 0 -> 1 496 -> 503
83080 441 1 -> 0 495 -> 504
83080 440 0 -> 1 495 -> 504
83103 439 1 -> 0 494 -> 505
83103 438 0 -> 1 494 -> 505
83127 437 1 -> 0 493 -> 506
83127 436 0 -> 1 493 -> 506
83152 435 1 -> 0 492 -> 507
83152 434 0 -> 1 492 -> 507
83175 433 1 -> 0 491 -> 508
83175 432 0 -> 1 491 -> 508
83200 431 1 -> 0 490 -> 509
83200 430 0 -> 1 490 -> 509
83223 429 1 -> 0 489 -> 510
83223 428 0 -> 1 489 -> 510
83248 427 1 -> 0 488 -> 511
83248 426 0 -> 1 488 -> 511
83271 425 1 -> 0 487 -> 512
83271 424 0 -> 1 487 -> 512
83296 423 1 -> 0 486 -> 513
83296 422 0 -> 1 486 -> 513
83319 421 1 -> 0 485 -> 514
83319 420 0 -> 1 485 -> 514
83344 419 1 -> 0 484 -> 515
83344 418 0 -> 1 484 -> 515
83367 417 1 -> 0 483 -> 516
83367 416 0 -> 1 483 -> 516
83392 415 1 -> 0 482 -> 517
83392 414 0 -> 1 482 -> 517
83415 413 1 -> 0 481 -> 518
83415 412 0 -> 1 481 -> 518
83440 411 1 -> 0 480 -> 519
83440 410 0 -> 1 480 -> 519
83463 409 1 -> 0 479 -> 520
83463 408 0 -> 1 479 -> 520
83488 407 1 -> 0 478 -> 521
83488 406 0 -> 1 478 -> 521
83511 405 1 -> 0 477 -> 522
83511 404 0 -> 1 477 -> 522
83535 403 1 -> 0 476 -> 523
83535 402 0 -> 1 476 -> 523
83560 401 1 -> 0 475 -> 524
83560 400 0 -> 1 475 -> 524
83583 399 1 -> 0 474 -> 525
83583 398 0 -> 1 474 -> 525
83608 397 1 -> 0 473 -> 526
83608 396 0 -> 1 473 -> 526
83631 395 1 -> 0 472 -> 527
83631 394 0 -> 1 472 -> 527
83656 393 1 -> 0 471 -> 528
83656 392 0 -> 1 471 -> 528
83679 391 1 -> 0 470 -> 529
83679 390 0 -> 1 470 -> 529
83704 389 1 -> 0 469 -> 530
83704 388 0 -> 1 469 -> 530
83727 387 1 -> 0 468 -> 531
83727 386 0 -> 1 468 -> 531
83752 385 1 -> 0 467 -> 532
83752 384 0 -> 1 467 -> 532
83775 383 1 -> 0 466 -> 533
83775 382 0 -> 1 466 -> 533
83800 381 1 -> 0 465 -> 534
83800 380 0 -> 1 465 -> 534
83823 379 1 -> 0 464 -> 535
83823 378 0 -> 1 464 -> 535
83848 377 1 -> 0 463 -> 536
83848 376 0 -> 1 463 -> 536
83871 375 1 -> 0 462 -> 537
83871 374 0 -> 1 462 -> 537
83896 373 1 -> 0 461 -> 538
83896 372 0 -> 1 461 -> 538
83919 371 1 -> 0 460 -> 539
83919 370 0 -> 1 460 -> 539
83944 369 1 -> 0 459 -> 540
83944 368 0 -> 1 459 -> 540
83968 367 1 -> 0 458 -> 541
83968 366 0 -> 1 458 -> 541
83991 365 1 -> 0 457 -> 542
83991 364 0 -> 1 457 -> 542
84016 363 1 -> 0 456 -> 543
84016 362 0 -> 1 456 -> 543
84039 361 1 -> 0 455 -> 544
84039 360 0 -> 1 455 -> 544
84064 359 1 -> 0 454 -> 545
84064 358 0 -> 1 454 -> 545
84087 357 1 -> 0 453 -> 546
84087 356 0 -> 1 453 -> 546
84112 355 1 -> 0 452 -> 547
84112 354 0 -> 1 452 -> 547
84135 353 1 -> 0 451 -> 548
84135 352 0 -> 1 451 -> 548
84160 351 1 -> 0 450 -> 549
84160 350 0 -> 1 450 -> 549
91079 350 1 -> 0 549 -> 550
91079 351 0 -> 1 549 -> 550
91104 352 1 -> 0 548 -> 551
91104 353 0 -> 1 548 -> 551
91128 354 1 -> 0 547 -> 552
91128 355 0 -> 1 547 -> 552
91151 356 1 -> 0 546 -> 553
91151 357 0 -> 1 546 -> 553
91176 358 1 -> 0 545 -> 554
91176 359 0 -> 1 545 -> 554
91199 360 1 -> 0 544 -> 555
91199 361 0 -> 1 544 -> 555
91224 362 1 -> 0 543 -> 556
91224 363 0 -> 1 543 -> 556
91247 364 1 -> 0 542 -> 557
91247 365 0 -> 1 542 -> 557
91272 366 1 -> 0 541 -> 558
91272 367 0 -> 1 541 -> 558
91295 368 1 -> 0 540 -> 559
91295 369 0 -> 1 540 -> 559
91320 370 1 -> 0 539 -> 560
91320 371 0 -> 1 539 -> 560
91343 372 1 -> 0 538 -> 561
91343 373 0 -> 1 538 -> 561
91368 374 1 -> 0 537 -> 562
91368 375 0 -> 1 537 -> 562
91391 376 1 -> 0 536 -> 563
91391 377 0 -> 1 536 -> 563
91416 378 1 -> 0 535 -> 564
91416 379 0 -> 1 535 -> 564
91439 380 1 -> 0 534 -> 565
91439 381 0 -> 1 534 -> 565
91464 382 1 -> 0 533 -> 566
91464 383 0 -> 1 533 -> 566
91487 384 1 -> 0 532 -> 567
91487 385 0 -> 1 532 -> 567
91512 386 1 -> 0 531 -> 568
91512 387 0 -> 1 531 -> 568
91535 388 1 -> 0 530 -> 569
91535 389 0 -> 1 530 -> 569
91559 390 1 -> 0 529 -> 570
91559 391 0 -> 1 529 -> 570
91584 392 1 -> 0 528 -> 571
91584 393 0 -> 1 528 -> 571
91607 394 1 -> 0 527 -> 572
91607 395 0 -> 1 527 -> 572
91632 396 1 -> 0 526 -> 573
91632 397 0 -> 1 526 -> 573
91655 398 1 -> 0 525 -> 574
91655 399 0 -> 1 525 -> 574
91680 400 1 -> 0 524 -> 575
91680 401 0 -> 1 524 -> 575
91703 402 1 -> 0 523 -> 576
91703 403 0 -> 1 523 -> 576
91728 404 1 -> 0 522 -> 577
91728 405 0 -> 1 522 -> 577
91751 406 1 -> 0 521 -> 578
91751 407 0 -> 1 521 -> 578
91776 408 1 -> 0 520 -> 579
91776 409 0 -> 1 520 -> 579
91799 410 1 -> 0 519 -> 580
91799 411 0 -> 1 519 -> 580
91824 412 1 -> 0 518 -> 581
91824 413 0 -> 1 518 -> 581
91847 414 1 -> 0 517 -> 582
91847 415 0 -> 1 517 -> 582
91872 416 1 -> 0 516 -> 583
91872 417 0 -> 1 516 -> 583
91895 418 1 -> 0 515 -> 584
91895 419 0 -> 1 515 -> 584
91920 420 1 -> 0 514 -> 585
91920 421 0 -> 1 514 -> 585
91943 422 1 -> 0 513 -> 586
91943 423 0 -> 1 513 -> 586
91967 424 1 -> 0 512 -> 587
91967 425 0 -> 1 512 -> 587
91992 426 1 -> 0 511 -> 588
91992 427 0 -> 1 511 -> 588
92015 428 1 -> 0 510 -> 589
92015 429 0 -> 1 510 -> 589
92040 430 1 -> 0 509 -> 590
92040 431 0 -> 1 509 -> 590
92063 432 1 -> 0 508 -> 591
92063 433 0 -> 1 508 -> 591
92088 434 1 -> 0 507 -> 592
92088 435 0 -> 1 507 -> 592
92111 436 1 -> 0 506 -> 593
92111 437 0 -> 1 506 -> 593
92136 438 1 -> 0 505 -> 594
92136 439 0 -> 1 505 -> 594
92159 440 1 -> 0 504 -> 595
92159 441 0 -> 1 504 -> 595
92184 442 1 -> 0 503 -> 596
92184 443 0 -> 1 503 -> 596
92207 444 1 -> 0 502 -> 597
92207 445 0 -> 1 502 -> 597
92232 446 1 -> 0 501 -> 598
92232 447 0 -> 1 501 -> 598
92255 448 1 -> 0 500 -> 599
92255 449 0 -> 1 500 -> 599
99175 449 1 -> 0 599 -> 600
99175 448 0 -> 1 599 -> 600
99200 447 1 -> 0 598 -> 601
99200 446 0 -> 1 598 -> 601
99223 445 1 -> 0 597 -> 602
99223 444 0 -> 1 597 -> 602
99248 443 1 -> 0 596 -> 603
99248 442 0 -> 1 596 -> 603
99271 441 1 -> 0 595 -> 604
99271 440 0 -> 1 595 -> 604
99296 439 1 -> 0 594 -> 605
99296 438 0 -> 1 594 -> 605
99319 437 1 -> 0 593 -> 606
99319 436 0 -> 1 593 -> 606
99344 435 1 -> 0 592 -> 607
99344 434 0 -> 1 592 -> 607
99367 433 1 -> 0 591 -> 608
99367 432 0 -> 1 591 -> 608
99392 431 1 -> 0 590 -> 609
99392 430 0 -> 1 590 -> 609
99415 429 1 -> 0 589 -> 610
99415 428 0 -> 1 589 -> 610
99440 427 1 -> 0 588 -> 611
99440 426 0 -> 1 588 -> 611
99463 425 1 -> 0 587 -> 612
99463 424 0 -> 1 587 -> 612
99488 423 1 -> 0 586 -> 613
99488 422 0 -> 1 586 -> 613
99511 421 1 -> 0 585 -> 614
99511 420 0 -> 1 585 -> 614
99536 419 1 -> 0 584 -> 615
99536 418 0 -> 1 584 -> 615
99560 417 1 -> 0 583 -> 616
99560 416 0 -> 1 583 -> 616
99583 415 1 -> 0 582 -> 617
99583 414 0 -> 1 582 -> 617
99608 413 1 -> 0 581 -> 618
99608 412 0 -> 1 581 -> 618
99631 411 1 -> 0 580 -> 619
99631 410 0 -> 1 580 -> 619
99656 409 1 -> 0 579 -> 620
99656 408 0 -> 1 579 -> 620
99679 407 1 -> 0 578 -> 621
99679 406 0 -> 1 578 -> 621
99704 405 1 -> 0 577 -> 622
99704 404 0 -> 1 577 -> 622
99727 403 1 -> 0 576 -> 623
99727 402 0 -> 1 576 -> 623
99752 401 1 -> 0 575 -> 624
99752 400 0 -> 1 575 -> 624
99775 399 1 -> 0 574 -> 625
99775 398 0 -> 1 574 -> 625
99800 397 1 -> 0 573 -> 626
99800 396 0 -> 1 573 -> 626
99823 395 1 -> 0 572 -> 627
99823 394 0 -> 1 572 -> 627
99848 393 1 -> 0 571 -> 628
99848 392 0 -> 1 571 -> 628
99871 391 1 -> 0 570 -> 629
99871 390 0 -> 1 570 -> 629
99896 389 1 -> 0 569 -> 630
99896 388 0 -> 1 569 -> 630
99919 387 1 -> 0 568 -> 631
99919 386 0 -> 1 568 -> 631
99944 385 1 -> 0 567 -> 632
99944 384 0 -> 1 567 -> 632
99967 383 1 -> 0 566 -> 633
99967 382 0 -> 1 566 -> 633
99991 381 1 -> 0 565 -> 634
99991 380 0 -> 1 565 -> 634
