0 898 0 -> 1 0 -> 1
0 897 0 -> 1 0 -> 2
0 896 0 -> 1 0 -> 3
0 895 0 -> 1 0 -> 4
0 894 0 -> 1 0 -> 5
0 893 0 -> 1 0 -> 6
0 892 0 -> 1 0 -> 7
0 891 0 -> 1 0 -> 8
0 890 0 -> 1 0 -> 9
0 889 0 -> 1 0 -> 10
0 888 0 -> 1 0 -> 11
0 887 0 -> 1 0 -> 12
0 886 0 -> 1 0 -> 13
0 885 0 -> 1 0 -> 14
0 884 0 -> 1 0 -> 15
0 883 0 -> 1 0 -> 16
0 882 0 -> 1 0 -> 17
0 881 0 -> 1 0 -> 18
0 880 0 -> 1 0 -> 19
0 879 0 -> 1 0 -> 20
0 878 0 -> 1 0 -> 21
0 877 0 -> 1 0 -> 22
0 876 0 -> 1 0 -> 23
0 875 0 -> 1 0 -> 24
0 874 0 -> 1 0 -> 25
0 873 0 -> 1 0 -> 26
0 872 0 -> 1 0 -> 27
0 871 0 -> 1 0 -> 28
0 870 0 -> 1 0 -> 29
0 869 0 -> 1 0 -> 30
0 868 0 -> 1 0 -> 31
0 867 0 -> 1 0 -> 32
0 866 0 -> 1 0 -> 33
0 865 0 -> 1 0 -> 34
0 864 0 -> 1 0 -> 35
0 863 0 -> 1 0 -> 36
0 862 0 -> 1 0 -> 37
0 861 0 -> 1 0 -> 38
0 860 0 -> 1 0 -> 39
0 859 0 -> 1 0 -> 40
0 858 0 -> 1 0 -> 41
0 857 0 -> 1 0 -> 42
0 856 0 -> 1 0 -> 43
0 855 0 -> 1 0 -> 44
0 854 0 -> 1 0 -> 45
0 853 0 -> 1 0 -> 46
0 852 0 -> 1 0 -> 47
0 851 0 -> 1 0 -> 48
0 850 0 -> 1 0 -> 49
8170 848 0 -> 0 0 -> 1
8255 847 0 -> 0 0 -> 2
8339 846 0 -> 0 0 -> 3
8424 845 0 -> 0 0 -> 4
8509 844 0 -> 0 0 -> 5
8595 843 0 -> 0 0 -> 6
8680 842 0 -> 0 0 -> 7
8765 841 0 -> 0 0 -> 8
8849 840 0 -> 0 0 -> 9
8934 839 0 -> 0 0 -> 10
9019 838 0 -> 0 0 -> 11
9105 837 0 -> 0 0 -> 12
9190 836 0 -> 0 0 -> 13
9275 835 0 -> 0 0 -> 14
9359 834 0 -> 0 0 -> 15
9444 833 0 -> 0 0 -> 16
9529 832 0 -> 0 0 -> 17
9615 831 0 -> 0 0 -> 18
9700 830 0 -> 0 0 -> 19
9785 829 0 -> 0 0 -> 20
9869 828 0 -> 0 0 -> 21
9954 827 0 -> 0 0 -> 22
10039 826 0 -> 0 0 -> 23
10125 825 0 -> 0 0 -> 24
10210 824 0 -> 0 0 -> 25
10295 823 0 -> 0 0 -> 26
10379 822 0 -> 0 0 -> 27
10464 821 0 -> 0 0 -> 28
10549 820 0 -> 0 0 -> 29
10635 819 0 -> 0 0 -> 30
10720 818 0 -> 0 0 -> 31
10805 817 0 -> 0 0 -> 32
10889 816 0 -> 0 0 -> 33
10974 815 0 -> 0 0 -> 34
11059 814 0 -> 0 0 -> 35
11145 813 0 -> 0 0 -> 36
11230 812 0 -> 0 0 -> 37
11315 811 0 -> 0 0 -> 38
11399 810 0 -> 0 0 -> 39
11484 809 0 -> 0 0 -> 40
11569 808 0 -> 0 0 -> 41
11655 807 0 -> 0 0 -> 42
11740 806 0 -> 0 0 -> 43
11825 805 0 -> 0 0 -> 44
11910 804 0 -> 0 0 -> 45
11994 803 0 -> 0 0 -> 46
12079 802 0 -> 0 0 -> 47
12164 801 0 -> 0 0 -> 48
12250 800 0 -> 0 0 -> 49
32510 899 1 -> 1 0 -> 50
32679 898 1 -> 1 1 -> 51
32850 897 1 -> 1 2 -> 52
33020 896 1 -> 1 3 -> 53
33189 895 1 -> 1 4 -> 54
33360 894 1 -> 1 5 -> 55
33530 893 1 -> 1 6 -> 56
33699 892 1 -> 1 7 -> 57
33870 891 1 -> 1 8 -> 58
34040 890 1 -> 1 9 -> 59
34209 889 1 -> 1 10 -> 60
34379 888 1 -> 1 11 -> 61
34550 887 1 -> 1 12 -> 62
34719 886 1 -> 1 13 -> 63
34889 885 1 -> 1 14 -> 64
35060 884 1 -> 1 15 -> 65
35229 883 1 -> 1 16 -> 66
35399 882 1 -> 1 17 -> 67
35570 881 1 -> 1 18 -> 68
35739 880 1 -> 1 19 -> 69
35909 879 1 -> 1 20 -> 70
36080 878 1 -> 1 21 -> 71
36249 877 1 -> 1 22 -> 72
36419 876 1 -> 1 23 -> 73
36590 875 1 -> 1 24 -> 74
36759 874 1 -> 1 25 -> 75
36929 873 1 -> 1 26 -> 76
37100 872 1 -> 1 27 -> 77
37269 871 1 -> 1 28 -> 78
37439 870 1 -> 1 29 -> 79
37610 869 1 -> 1 30 -> 80
37779 868 1 -> 1 31 -> 81
37949 867 1 -> 1 32 -> 82
38120 866 1 -> 1 33 -> 83
38289 865 1 -> 1 34 -> 84
38459 864 1 -> 1 35 -> 85
38630 863 1 -> 1 36 -> 86
38800 862 1 -> 1 37 -> 87
38969 861 1 -> 1 38 -> 88
39140 860 1 -> 1 39 -> 89
39310 859 1 -> 1 40 -> 90
39479 858 1 -> 1 41 -> 91
39650 857 1 -> 1 42 -> 92
39820 856 1 -> 1 43 -> 93
39989 855 1 -> 1 44 -> 94
40160 854 1 -> 1 45 -> 95
40330 853 1 -> 1 46 -> 96
40499 852 1 -> 1 47 -> 97
40670 851 1 -> 1 48 -> 98
40840 850 1 -> 1 49 -> 99
48594 800 0 -> 0 49 -> 50
48764 801 0 -> 0 48 -> 51
48935 802 0 -> 0 47 -> 52
49104 803 0 -> 0 46 -> 53
49274 804 0 -> 0 45 -> 54
49445 805 0 -> 0 44 -> 55
49615 806 0 -> 0 43 -> 56
49784 807 0 -> 0 42 -> 57
49955 808 0 -> 0 41 -> 58
50125 809 0 -> 0 40 -> 59
50294 810 0 -> 0 39 -> 60
50465 811 0 -> 0 38 -> 61
50635 812 0 -> 0 37 -> 62
50804 813 0 -> 0 36 -> 63
50975 814 0 -> 0 35 -> 64
51145 815 0 -> 0 34 -> 65
51314 816 0 -> 0 33 -> 66
51485 817 0 -> 0 32 -> 67
51655 818 0 -> 0 31 -> 68
51824 819 0 -> 0 30 -> 69
51995 820 0 -> 0 29 -> 70
52165 821 0 -> 0 28 -> 71
52334 822 0 -> 0 27 -> 72
52505 823 0 -> 0 26 -> 73
52675 824 0 -> 0 25 -> 74
52844 825 0 -> 0 24 -> 75
53015 826 0 -> 0 23 -> 76
53185 827 0 -> 0 22 -> 77
53354 828 0 -> 0 21 -> 78
53525 829 0 -> 0 20 -> 79
53695 830 0 -> 0 19 -> 80
53864 831 0 -> 0 18 -> 81
54034 832 0 -> 0 17 -> 82
54205 833 0 -> 0 16 -> 83
54374 834 0 -> 0 15 -> 84
54544 835 0 -> 0 14 -> 85
54715 836 0 -> 0 13 -> 86
54884 837 0 -> 0 12 -> 87
55054 838 0 -> 0 11 -> 88
55225 839 0 -> 0 10 -> 89
55394 840 0 -> 0 9 -> 90
55564 841 0 -> 0 8 -> 91
55735 842 0 -> 0 7 -> 92
55904 843 0 -> 0 6 -> 93
56074 844 0 -> 0 5 -> 94
56245 845 0 -> 0 4 -> 95
56414 846 0 -> 0 3 -> 96
56584 847 0 -> 0 2 -> 97
56755 848 0 -> 0 1 -> 98
56924 849 0 -> 0 0 -> 99
73019 899 1 -> 1 50 -> 100
73190 898 1 -> 1 51 -> 101
73360 897 1 -> 1 52 -> 102
73529 896 1 -> 1 53 -> 103
73700 895 1 -> 1 54 -> 104
73870 894 1 -> 1 55 -> 105
74039 893 1 -> 1 56 -> 106
74210 892 1 -> 1 57 -> 107
74380 891 1 -> 1 58 -> 108
74549 890 1 -> 1 59 -> 109
74720 889 1 -> 1 60 -> 110
74890 888 1 -> 1 61 -> 111
75059 887 1 -> 1 62 -> 112
75230 886 1 -> 1 63 -> 113
75400 885 1 -> 1 64 -> 114
75569 884 1 -> 1 65 -> 115
75740 883 1 -> 1 66 -> 116
75910 882 1 -> 1 67 -> 117
76079 881 1 -> 1 68 -> 118
76250 880 1 -> 1 69 -> 119
76420 879 1 -> 1 70 -> 120
76589 878 1 -> 1 71 -> 121
76759 877 1 -> 1 72 -> 122
76930 876 1 -> 1 73 -> 123
77099 875 1 -> 1 74 -> 124
77269 874 1 -> 1 75 -> 125
77440 873 1 -> 1 76 -> 126
77609 872 1 -> 1 77 -> 127
77779 871 1 -> 1 78 -> 128
77950 870 1 -> 1 79 -> 129
78119 869 1 -> 1 80 -> 130
78289 868 1 -> 1 81 -> 131
78460 867 1 -> 1 82 -> 132
78629 866 1 -> 1 83 -> 133
78799 865 1 -> 1 84 -> 134
78970 864 1 -> 1 85 -> 135
79139 863 1 -> 1 86 -> 136
79309 862 1 -> 1 87 -> 137
79480 861 1 -> 1 88 -> 138
79649 860 1 -> 1 89 -> 139
79819 859 1 -> 1 90 -> 140
79990 858 1 -> 1 91 -> 141
80159 857 1 -> 1 92 -> 142
80329 856 1 -> 1 93 -> 143
80500 855 1 -> 1 94 -> 144
80670 854 1 -> 1 95 -> 145
80839 853 1 -> 1 96 -> 146
81010 852 1 -> 1 97 -> 147
81180 851 1 -> 1 98 -> 148
81349 850 1 -> 1 99 -> 149
89104 849 0 -> 0 99 -> 100
89275 848 0 -> 0 98 -> 101
89444 847 0 -> 0 97 -> 102
89614 846 0 -> 0 96 -> 103
89785 845 0 -> 0 95 -> 104
89954 844 0 -> 0 94 -> 105
90124 843 0 -> 0 93 -> 106
90295 842 0 -> 0 92 -> 107
90464 841 0 -> 0 91 -> 108
90634 840 0 -> 0 90 -> 109
90805 839 0 -> 0 89 -> 110
90974 838 0 -> 0 88 -> 111
91144 837 0 -> 0 87 -> 112
91315 836 0 -> 0 86 -> 113
91485 835 0 -> 0 85 -> 114
91654 834 0 -> 0 84 -> 115
91825 833 0 -> 0 83 -> 116
91995 832 0 -> 0 82 -> 117
92164 831 0 -> 0 81 -> 118
92335 830 0 -> 0 80 -> 119
92505 829 0 -> 0 79 -> 120
92674 828 0 -> 0 78 -> 121
92845 827 0 -> 0 77 -> 122
93015 826 0 -> 0 76 -> 123
93184 825 0 -> 0 75 -> 124
93355 824 0 -> 0 74 -> 125
93525 823 0 -> 0 73 -> 126
93694 822 0 -> 0 72 -> 127
93865 821 0 -> 0 71 -> 128
94035 820 0 -> 0 70 -> 129
94204 819 0 -> 0 69 -> 130
94375 818 0 -> 0 68 -> 131
94545 817 0 -> 0 67 -> 132
94714 816 0 -> 0 66 -> 133
94885 815 0 -> 0 65 -> 134
95055 814 0 -> 0 64 -> 135
95224 813 0 -> 0 63 -> 136
95395 812 0 -> 0 62 -> 137
95565 811 0 -> 0 61 -> 138
95734 810 0 -> 0 60 -> 139
95904 809 0 -> 0 59 -> 140
96075 808 0 -> 0 58 -> 141
96244 807 0 -> 0 57 -> 142
96414 806 0 -> 0 56 -> 143
96585 805 0 -> 0 55 -> 144
96754 804 0 -> 0 54 -> 145
96924 803 0 -> 0 53 -> 146
97095 802 0 -> 0 52 -> 147
97264 801 0 -> 0 51 -> 148
97434 800 0 -> 0 50 -> 149
