2047 446 0 -> 0 0 -> 1
2047 445 0 -> 1 0 -> 1
2047 444 0 -> 2 0 -> 1
2072 443 0 -> 0 0 -> 2
2072 442 0 -> 1 0 -> 2
2072 441 0 -> 2 0 -> 2
2095 440 0 -> 0 0 -> 3
2095 439 0 -> 1 0 -> 3
2095 438 0 -> 2 0 -> 3
2119 437 0 -> 0 0 -> 4
2119 436 0 -> 1 0 -> 4
2119 435 0 -> 2 0 -> 4
2144 434 0 -> 0 0 -> 5
2144 433 0 -> 1 0 -> 5
2144 432 0 -> 2 0 -> 5
2167 431 0 -> 0 0 -> 6
2167 430 0 -> 1 0 -> 6
2167 429 0 -> 2 0 -> 6
2192 428 0 -> 0 0 -> 7
2192 427 0 -> 1 0 -> 7
2192 426 0 -> 2 0 -> 7
2215 425 0 -> 0 0 -> 8
2215 424 0 -> 1 0 -> 8
2215 423 0 -> 2 0 -> 8
2240 422 0 -> 0 0 -> 9
2240 421 0 -> 1 0 -> 9
2240 420 0 -> 2 0 -> 9
2263 419 0 -> 0 0 -> 10
2263 418 0 -> 1 0 -> 10
2263 417 0 -> 2 0 -> 10
2288 416 0 -> 0 0 -> 11
2288 415 0 -> 1 0 -> 11
2288 414 0 -> 2 0 -> 11
2311 413 0 -> 0 0 -> 12
2311 412 0 -> 1 0 -> 12
2311 411 0 -> 2 0 -> 12
2336 410 0 -> 0 0 -> 13
2336 409 0 -> 1 0 -> 13
2336 408 0 -> 2 0 -> 13
2359 407 0 -> 0 0 -> 14
2359 406 0 -> 1 0 -> 14
2359 405 0 -> 2 0 -> 14
2384 404 0 -> 0 0 -> 15
2384 403 0 -> 1 0 -> 15
2384 402 0 -> 2 0 -> 15
2407 401 0 -> 0 0 -> 16
2407 400 0 -> 1 0 -> 16
2407 399 0 -> 2 0 -> 16
2432 398 0 -> 0 0 -> 17
2432 397 0 -> 1 0 -> 17
2432 396 0 -> 2 0 -> 17
2455 395 0 -> 0 0 -> 18
2455 394 0 -> 1 0 -> 18
2455 393 0 -> 2 0 -> 18
2480 392 0 -> 0 0 -> 19
2480 391 0 -> 1 0 -> 19
2480 390 0 -> 2 0 -> 19
2503 389 0 -> 0 0 -> 20
2503 388 0 -> 1 0 -> 20
2503 387 0 -> 2 0 -> 20
2528 386 0 -> 0 0 -> 21
2528 385 0 -> 1 0 -> 21
2528 384 0 -> 2 0 -> 21
2552 383 0 -> 0 0 -> 22
2552 382 0 -> 1 0 -> 22
2552 381 0 -> 2 0 -> 22
2575 380 0 -> 0 0 -> 23
2575 379 0 -> 1 0 -> 23
2575 378 0 -> 2 0 -> 23
2600 377 0 -> 0 0 -> 24
2600 376 0 -> 1 0 -> 24
2600 375 0 -> 2 0 -> 24
2623 374 0 -> 0 0 -> 25
2623 373 0 -> 1 0 -> 25
2623 372 0 -> 2 0 -> 25
2648 371 0 -> 0 0 -> 26
2648 370 0 -> 1 0 -> 26
2648 369 0 -> 2 0 -> 26
2671 368 0 -> 0 0 -> 27
2671 367 0 -> 1 0 -> 27
2671 366 0 -> 2 0 -> 27
2696 365 0 -> 0 0 -> 28
2696 364 0 -> 1 0 -> 28
2696 363 0 -> 2 0 -> 28
2719 362 0 -> 0 0 -> 29
2719 361 0 -> 1 0 -> 29
2719 360 0 -> 2 0 -> 29
2744 359 0 -> 0 0 -> 30
2744 358 0 -> 1 0 -> 30
2744 357 0 -> 2 0 -> 30
2767 356 0 -> 0 0 -> 31
2767 355 0 -> 1 0 -> 31
2767 354 0 -> 2 0 -> 31
2792 353 0 -> 0 0 -> 32
2792 352 0 -> 1 0 -> 32
2792 351 0 -> 2 0 -> 32
2815 350 0 -> 0 0 -> 33
2815 349 0 -> 1 0 -> 33
2815 348 0 -> 2 0 -> 33
2840 347 0 -> 0 0 -> 34
2840 346 0 -> 1 0 -> 34
2840 345 0 -> 2 0 -> 34
2863 344 0 -> 0 0 -> 35
2863 343 0 -> 1 0 -> 35
2863 342 0 -> 2 0 -> 35
2888 341 0 -> 0 0 -> 36
2888 340 0 -> 1 0 -> 36
2888 339 0 -> 2 0 -> 36
2911 338 0 -> 0 0 -> 37
2911 337 0 -> 1 0 -> 37
2911 336 0 -> 2 0 -> 37
2936 335 0 -> 0 0 -> 38
2936 334 0 -> 1 0 -> 38
2936 333 0 -> 2 0 -> 38
2960 332 0 -> 0 0 -> 39
2960 331 0 -> 1 0 -> 39
2960 330 0 -> 2 0 -> 39
2983 329 0 -> 0 0 -> 40
2983 328 0 -> 1 0 -> 40
2983 327 0 -> 2 0 -> 40
3008 326 0 -> 0 0 -> 41
3008 325 0 -> 1 0 -> 41
3008 324 0 -> 2 0 -> 41
3031 323 0 -> 0 0 -> 42
3031 322 0 -> 1 0 -> 42
3031 321 0 -> 2 0 -> 42
3056 320 0 -> 0 0 -> 43
3056 319 0 -> 1 0 -> 43
3056 318 0 -> 2 0 -> 43
3079 317 0 -> 0 0 -> 44
3079 316 0 -> 1 0 -> 44
3079 315 0 -> 2 0 -> 44
3104 314 0 -> 0 0 -> 45
3104 313 0 -> 1 0 -> 45
3104 312 0 -> 2 0 -> 45
3127 311 0 -> 0 0 -> 46
3127 310 0 -> 1 0 -> 46
3127 309 0 -> 2 0 -> 46
3152 308 0 -> 0 0 -> 47
3152 307 0 -> 1 0 -> 47
3152 306 0 -> 2 0 -> 47
3175 305 0 -> 0 0 -> 48
3175 304 0 -> 1 0 -> 48
3175 303 0 -> 2 0 -> 48
3200 302 0 -> 0 0 -> 49
3200 301 0 -> 1 0 -> 49
3200 300 0 -> 2 0 -> 49
3223 299 0 -> 0 0 -> 50
3223 298 0 -> 1 0 -> 50
3223 297 0 -> 2 0 -> 50
3248 296 0 -> 0 0 -> 51
3248 295 0 -> 1 0 -> 51
3248 294 0 -> 2 0 -> 51
3271 293 0 -> 0 0 -> 52
3271 292 0 -> 1 0 -> 52
3271 291 0 -> 2 0 -> 52
3296 290 0 -> 0 0 -> 53
3296 289 0 -> 1 0 -> 53
3296 288 0 -> 2 0 -> 53
3319 287 0 -> 0 0 -> 54
3319 286 0 -> 1 0 -> 54
3319 285 0 -> 2 0 -> 54
3344 284 0 -> 0 0 -> 55
3344 283 0 -> 1 0 -> 55
3344 282 0 -> 2 0 -> 55
3367 281 0 -> 0 0 -> 56
3367 280 0 -> 1 0 -> 56
3367 279 0 -> 2 0 -> 56
3391 278 0 -> 0 0 -> 57
3391 277 0 -> 1 0 -> 57
3391 276 0 -> 2 0 -> 57
3416 275 0 -> 0 0 -> 58
3416 274 0 -> 1 0 -> 58
3416 273 0 -> 2 0 -> 58
3439 272 0 -> 0 0 -> 59
3439 271 0 -> 1 0 -> 59
3439 270 0 -> 2 0 -> 59
3464 269 0 -> 0 0 -> 60
3464 268 0 -> 1 0 -> 60
3464 267 0 -> 2 0 -> 60
3487 266 0 -> 0 0 -> 61
3487 265 0 -> 1 0 -> 61
3487 264 0 -> 2 0 -> 61
3512 263 0 -> 0 0 -> 62
3512 262 0 -> 1 0 -> 62
3512 261 0 -> 2 0 -> 62
3535 260 0 -> 0 0 -> 63
3535 259 0 -> 1 0 -> 63
3535 258 0 -> 2 0 -> 63
3560 257 0 -> 0 0 -> 64
3560 256 0 -> 1 0 -> 64
3560 255 0 -> 2 0 -> 64
3583 254 0 -> 0 0 -> 65
3583 253 0 -> 1 0 -> 65
3583 252 0 -> 2 0 -> 65
3608 251 0 -> 0 0 -> 66
3608 250 0 -> 1 0 -> 66
3608 249 0 -> 2 0 -> 66
3631 248 0 -> 0 0 -> 67
3631 247 0 -> 1 0 -> 67
3631 246 0 -> 2 0 -> 67
3656 245 0 -> 0 0 -> 68
3656 244 0 -> 1 0 -> 68
3656 243 0 -> 2 0 -> 68
3679 242 0 -> 0 0 -> 69
3679 241 0 -> 1 0 -> 69
3679 240 0 -> 2 0 -> 69
3704 239 0 -> 0 0 -> 70
3704 238 0 -> 1 0 -> 70
3704 237 0 -> 2 0 -> 70
3727 236 0 -> 0 0 -> 71
3727 235 0 -> 1 0 -> 71
3727 234 0 -> 2 0 -> 71
3752 233 0 -> 0 0 -> 72
3752 232 0 -> 1 0 -> 72
3752 231 0 -> 2 0 -> 72
3775 230 0 -> 0 0 -> 73
3775 229 0 -> 1 0 -> 73
3775 228 0 -> 2 0 -> 73
3799 227 0 -> 0 0 -> 74
3799 226 0 -> 1 0 -> 74
3799 225 0 -> 2 0 -> 74
3824 224 0 -> 0 0 -> 75
3824 223 0 -> 1 0 -> 75
3824 222 0 -> 2 0 -> 75
3847 221 0 -> 0 0 -> 76
3847 220 0 -> 1 0 -> 76
3847 219 0 -> 2 0 -> 76
3872 218 0 -> 0 0 -> 77
3872 217 0 -> 1 0 -> 77
3872 216 0 -> 2 0 -> 77
3895 215 0 -> 0 0 -> 78
3895 214 0 -> 1 0 -> 78
3895 213 0 -> 2 0 -> 78
3920 212 0 -> 0 0 -> 79
3920 211 0 -> 1 0 -> 79
3920 210 0 -> 2 0 -> 79
3943 209 0 -> 0 0 -> 80
3943 208 0 -> 1 0 -> 80
3943 207 0 -> 2 0 -> 80
3968 206 0 -> 0 0 -> 81
3968 205 0 -> 1 0 -> 81
3968 204 0 -> 2 0 -> 81
3991 203 0 -> 0 0 -> 82
3991 202 0 -> 1 0 -> 82
3991 201 0 -> 2 0 -> 82
4016 200 0 -> 0 0 -> 83
4016 199 0 -> 1 0 -> 83
4016 198 0 -> 2 0 -> 83
4039 197 0 -> 0 0 -> 84
4039 196 0 -> 1 0 -> 84
4039 195 0 -> 2 0 -> 84
4064 194 0 -> 0 0 -> 85
4064 193 0 -> 1 0 -> 85
4064 192 0 -> 2 0 -> 85
4087 191 0 -> 0 0 -> 86
4087 190 0 -> 1 0 -> 86
4087 189 0 -> 2 0 -> 86
4112 188 0 -> 0 0 -> 87
4112 187 0 -> 1 0 -> 87
4112 186 0 -> 2 0 -> 87
4135 185 0 -> 0 0 -> 88
4135 184 0 -> 1 0 -> 88
4135 183 0 -> 2 0 -> 88
4160 182 0 -> 0 0 -> 89
4160 181 0 -> 1 0 -> 89
4160 180 0 -> 2 0 -> 89
4183 179 0 -> 0 0 -> 90
4183 178 0 -> 1 0 -> 90
4183 177 0 -> 2 0 -> 90
4208 176 0 -> 0 0 -> 91
4208 175 0 -> 1 0 -> 91
4208 174 0 -> 2 0 -> 91
4232 173 0 -> 0 0 -> 92
4232 172 0 -> 1 0 -> 92
4232 171 0 -> 2 0 -> 92
4255 170 0 -> 0 0 -> 93
4255 169 0 -> 1 0 -> 93
4255 168 0 -> 2 0 -> 93
4280 167 0 -> 0 0 -> 94
4280 166 0 -> 1 0 -> 94
4280 165 0 -> 2 0 -> 94
4303 164 0 -> 0 0 -> 95
4303 163 0 -> 1 0 -> 95
4303 162 0 -> 2 0 -> 95
4328 161 0 -> 0 0 -> 96
4328 160 0 -> 1 0 -> 96
4328 159 0 -> 2 0 -> 96
4351 158 0 -> 0 0 -> 97
4351 157 0 -> 1 0 -> 97
4351 156 0 -> 2 0 -> 97
4376 155 0 -> 0 0 -> 98
4376 154 0 -> 1 0 -> 98
4376 153 0 -> 2 0 -> 98
4399 152 0 -> 0 0 -> 99
4399 151 0 -> 1 0 -> 99
4399 150 0 -> 2 0 -> 99
4424 149 0 -> 0 0 -> 100
4424 148 0 -> 1 0 -> 100
4424 147 0 -> 2 0 -> 100
4447 146 0 -> 0 0 -> 101
4447 145 0 -> 1 0 -> 101
4447 144 0 -> 2 0 -> 101
4472 143 0 -> 0 0 -> 102
4472 142 0 -> 1 0 -> 102
4472 141 0 -> 2 0 -> 102
4495 140 0 -> 0 0 -> 103
4495 139 0 -> 1 0 -> 103
4495 138 0 -> 2 0 -> 103
4520 137 0 -> 0 0 -> 104
4520 136 0 -> 1 0 -> 104
4520 135 0 -> 2 0 -> 104
4543 134 0 -> 0 0 -> 105
4543 133 0 -> 1 0 -> 105
4543 132 0 -> 2 0 -> 105
4568 131 0 -> 0 0 -> 106
4568 130 0 -> 1 0 -> 106
4568 129 0 -> 2 0 -> 106
4591 128 0 -> 0 0 -> 107
4591 127 0 -> 1 0 -> 107
4591 126 0 -> 2 0 -> 107
4616 125 0 -> 0 0 -> 108
4616 124 0 -> 1 0 -> 108
4616 123 0 -> 2 0 -> 108
4639 122 0 -> 0 0 -> 109
4639 121 0 -> 1 0 -> 109
4639 120 0 -> 2 0 -> 109
4663 119 0 -> 0 0 -> 110
4663 118 0 -> 1 0 -> 110
4663 117 0 -> 2 0 -> 110
4688 116 0 -> 0 0 -> 111
4688 115 0 -> 1 0 -> 111
4688 114 0 -> 2 0 -> 111
4711 113 0 -> 0 0 -> 112
4711 112 0 -> 1 0 -> 112
4711 111 0 -> 2 0 -> 112
4736 110 0 -> 0 0 -> 113
4736 109 0 -> 1 0 -> 113
4736 108 0 -> 2 0 -> 113
4759 107 0 -> 0 0 -> 114
4759 106 0 -> 1 0 -> 114
4759 105 0 -> 2 0 -> 114
4784 104 0 -> 0 0 -> 115
4784 103 0 -> 1 0 -> 115
4784 102 0 -> 2 0 -> 115
4807 101 0 -> 0 0 -> 116
4807 100 0 -> 1 0 -> 116
4807 99 0 -> 2 0 -> 116
4832 98 0 -> 0 0 -> 117
4832 97 0 -> 1 0 -> 117
4832 96 0 -> 2 0 -> 117
4855 95 0 -> 0 0 -> 118
4855 94 0 -> 1 0 -> 118
4855 93 0 -> 2 0 -> 118
4880 92 0 -> 0 0 -> 119
4880 91 0 -> 1 0 -> 119
4880 90 0 -> 2 0 -> 119
4903 89 0 -> 0 0 -> 120
4903 88 0 -> 1 0 -> 120
4903 87 0 -> 2 0 -> 120
4928 86 0 -> 0 0 -> 121
4928 85 0 -> 1 0 -> 121
4928 84 0 -> 2 0 -> 121
4951 83 0 -> 0 0 -> 122
4951 82 0 -> 1 0 -> 122
4951 81 0 -> 2 0 -> 122
4976 80 0 -> 0 0 -> 123
4976 79 0 -> 1 0 -> 123
4976 78 0 -> 2 0 -> 123
4999 77 0 -> 0 0 -> 124
4999 76 0 -> 1 0 -> 124
4999 75 0 -> 2 0 -> 124
5024 74 0 -> 0 0 -> 125
5024 73 0 -> 1 0 -> 125
5024 72 0 -> 2 0 -> 125
5047 71 0 -> 0 0 -> 126
5047 70 0 -> 1 0 -> 126
5047 69 0 -> 2 0 -> 126
5071 68 0 -> 0 0 -> 127
5071 67 0 -> 1 0 -> 127
5071 66 0 -> 2 0 -> 127
5096 65 0 -> 0 0 -> 128
5096 64 0 -> 1 0 -> 128
5096 63 0 -> 2 0 -> 128
5119 62 0 -> 0 0 -> 129
5119 61 0 -> 1 0 -> 129
5119 60 0 -> 2 0 -> 129
5144 59 0 -> 0 0 -> 130
5144 58 0 -> 1 0 -> 130
5144 57 0 -> 2 0 -> 130
5167 56 0 -> 0 0 -> 131
5167 55 0 -> 1 0 -> 131
5167 54 0 -> 2 0 -> 131
5192 53 0 -> 0 0 -> 132
5192 52 0 -> 1 0 -> 132
5192 51 0 -> 2 0 -> 132
5215 50 0 -> 0 0 -> 133
5215 49 0 -> 1 0 -> 133
5215 48 0 -> 2 0 -> 133
5240 47 0 -> 0 0 -> 134
5240 46 0 -> 1 0 -> 134
5240 45 0 -> 2 0 -> 134
5263 44 0 -> 0 0 -> 135
5263 43 0 -> 1 0 -> 135
5263 42 0 -> 2 0 -> 135
5288 41 0 -> 0 0 -> 136
5288 40 0 -> 1 0 -> 136
5288 39 0 -> 2 0 -> 136
5311 38 0 -> 0 0 -> 137
5311 37 0 -> 1 0 -> 137
5311 36 0 -> 2 0 -> 137
5336 35 0 -> 0 0 -> 138
5336 34 0 -> 1 0 -> 138
5336 33 0 -> 2 0 -> 138
5359 32 0 -> 0 0 -> 139
5359 31 0 -> 1 0 -> 139
5359 30 0 -> 2 0 -> 139
5384 29 0 -> 0 0 -> 140
5384 28 0 -> 1 0 -> 140
5384 27 0 -> 2 0 -> 140
5407 26 0 -> 0 0 -> 141
5407 25 0 -> 1 0 -> 141
5407 24 0 -> 2 0 -> 141
5432 23 0 -> 0 0 -> 142
5432 22 0 -> 1 0 -> 142
5432 21 0 -> 2 0 -> 142
5455 20 0 -> 0 0 -> 143
5455 19 0 -> 1 0 -> 143
5455 18 0 -> 2 0 -> 143
5480 17 0 -> 0 0 -> 144
5480 16 0 -> 1 0 -> 144
5480 15 0 -> 2 0 -> 144
5504 14 0 -> 0 0 -> 145
5504 13 0 -> 1 0 -> 145
5504 12 0 -> 2 0 -> 145
5527 11 0 -> 0 0 -> 146
5527 10 0 -> 1 0 -> 146
5527 9 0 -> 2 0 -> 146
5552 8 0 -> 0 0 -> 147
5552 7 0 -> 1 0 -> 147
5552 6 0 -> 2 0 -> 147
5575 5 0 -> 0 0 -> 148
5575 4 0 -> 1 0 -> 148
5575 3 0 -> 2 0 -> 148
5600 2 0 -> 0 0 -> 149
5600 1 0 -> 1 0 -> 149
5600 0 0 -> 2 0 -> 149
6079 447 2 -> 0 0 -> 169
6079 448 1 -> 1 0 -> 169
9248 51 2 -> 0 132 -> 150
9295 45 2 -> 0 134 -> 151
9343 39 2 -> 0 136 -> 152
9391 33 2 -> 0 138 -> 153
9439 27 2 -> 0 140 -> 154
9487 21 2 -> 0 142 -> 155
9535 15 2 -> 0 144 -> 156
9583 9 2 -> 0 146 -> 157
9631 3 2 -> 0 148 -> 158
9679 0 2 -> 0 149 -> 159
9728 1 1 -> 0 149 -> 160
9776 224 0 -> 0 75 -> 161
9824 227 0 -> 0 74 -> 162
9872 4 1 -> 0 148 -> 163
9920 221 0 -> 0 76 -> 164
9968 6 2 -> 0 147 -> 165
10016 7 1 -> 0 147 -> 166
10064 230 0 -> 0 73 -> 167
10112 218 0 -> 0 77 -> 168
10119 447 0 -> 1 169 -> 170
10119 10 1 -> 2 146 -> 170
10143 12 2 -> 0 145 -> 170
10143 13 1 -> 1 145 -> 171
10143 233 0 -> 2 72 -> 171
10168 16 1 -> 1 144 -> 172
10168 18 2 -> 2 143 -> 172
10191 19 1 -> 0 143 -> 171
10191 236 0 -> 1 71 -> 173
10191 22 1 -> 2 142 -> 173
10216 24 2 -> 1 141 -> 174
10216 25 1 -> 2 141 -> 174
10239 239 0 -> 0 70 -> 172
10239 28 1 -> 1 140 -> 175
10239 30 2 -> 2 139 -> 175
10264 215 0 -> 1 78 -> 176
10264 31 1 -> 2 139 -> 176
10287 242 0 -> 0 69 -> 173
10287 34 1 -> 1 138 -> 177
10287 36 2 -> 2 137 -> 177
10312 37 1 -> 1 137 -> 178
10312 245 0 -> 2 68 -> 178
10335 40 1 -> 0 136 -> 174
10335 42 2 -> 1 135 -> 179
10335 43 1 -> 2 135 -> 179
10360 248 0 -> 1 67 -> 180
10360 46 1 -> 2 134 -> 180
10383 48 2 -> 0 133 -> 175
10383 49 1 -> 1 133 -> 181
10383 251 0 -> 2 66 -> 181
10408 52 1 -> 1 132 -> 182
10408 54 2 -> 2 131 -> 182
10431 212 0 -> 0 79 -> 176
10431 55 1 -> 1 131 -> 183
10431 254 0 -> 2 65 -> 183
10456 57 2 -> 1 130 -> 184
10456 58 1 -> 2 130 -> 184
10479 60 2 -> 0 129 -> 177
10479 61 1 -> 1 129 -> 185
10479 257 0 -> 2 64 -> 185
10504 63 2 -> 1 128 -> 186
10504 64 1 -> 2 128 -> 186
10527 66 2 -> 0 127 -> 178
10527 67 1 -> 1 127 -> 187
10527 260 0 -> 2 63 -> 187
10551 69 2 -> 1 126 -> 188
10551 70 1 -> 2 126 -> 188
10576 72 2 -> 0 125 -> 179
10576 73 1 -> 1 125 -> 189
10576 263 0 -> 2 62 -> 189
10599 448 1 -> 1 169 -> 190
10599 209 0 -> 2 80 -> 190
10624 75 2 -> 0 124 -> 180
10624 76 1 -> 1 124 -> 191
10624 78 2 -> 2 123 -> 191
10647 79 1 -> 1 123 -> 192
10647 266 0 -> 2 61 -> 192
10672 81 2 -> 0 122 -> 181
10672 82 1 -> 1 122 -> 193
10672 84 2 -> 2 121 -> 193
10695 85 1 -> 1 121 -> 194
10695 269 0 -> 2 60 -> 194
10720 87 2 -> 0 120 -> 182
10720 88 1 -> 1 120 -> 195
10720 90 2 -> 2 119 -> 195
10743 91 1 -> 1 119 -> 196
10743 272 0 -> 2 59 -> 196
10768 206 0 -> 0 81 -> 183
10768 93 2 -> 1 118 -> 197
10768 94 1 -> 2 118 -> 197
10791 96 2 -> 1 117 -> 198
10791 97 1 -> 2 117 -> 198
10816 275 0 -> 0 58 -> 184
10816 99 2 -> 1 116 -> 199
10816 100 1 -> 2 116 -> 199
10839 102 2 -> 1 115 -> 200
10839 103 1 -> 2 115 -> 200
10864 278 0 -> 0 57 -> 185
10864 105 2 -> 1 114 -> 201
10864 106 1 -> 2 114 -> 201
10887 108 2 -> 1 113 -> 202
10887 109 1 -> 2 113 -> 202
10912 281 0 -> 0 56 -> 186
10912 111 2 -> 1 112 -> 203
10912 112 1 -> 2 112 -> 203
10935 203 0 -> 1 82 -> 204
10935 114 2 -> 2 111 -> 204
10960 115 1 -> 0 111 -> 187
10960 284 0 -> 1 55 -> 205
10960 117 2 -> 2 110 -> 205
10984 118 1 -> 1 110 -> 206
10984 120 2 -> 2 109 -> 206
11007 121 1 -> 0 109 -> 188
11007 287 0 -> 1 54 -> 207
11007 123 2 -> 2 108 -> 207
11032 124 1 -> 1 108 -> 208
11032 126 2 -> 2 107 -> 208
11055 127 1 -> 0 107 -> 189
11055 290 0 -> 1 53 -> 209
11055 129 2 -> 2 106 -> 209
11080 130 1 -> 1 106 -> 210
11080 132 2 -> 2 105 -> 210
11103 200 0 -> 0 83 -> 190
11103 133 1 -> 1 105 -> 211
11103 293 0 -> 2 52 -> 211
11128 135 2 -> 1 104 -> 212
11128 136 1 -> 2 104 -> 212
11151 138 2 -> 0 103 -> 191
11151 139 1 -> 1 103 -> 213
11151 296 0 -> 2 51 -> 213
11176 141 2 -> 1 102 -> 214
11176 142 1 -> 2 102 -> 214
11199 144 2 -> 0 101 -> 192
11199 145 1 -> 1 101 -> 215
11199 299 0 -> 2 50 -> 215
11224 147 2 -> 1 100 -> 216
11224 148 1 -> 2 100 -> 216
11247 150 2 -> 0 99 -> 193
11247 151 1 -> 1 99 -> 217
11247 302 0 -> 2 49 -> 217
11272 197 0 -> 1 84 -> 218
11272 153 2 -> 2 98 -> 218
11295 194 0 -> 0 85 -> 194
11295 154 1 -> 1 98 -> 219
11295 156 2 -> 2 97 -> 219
11320 191 0 -> 1 86 -> 220
11320 157 1 -> 2 97 -> 220
11343 188 0 -> 0 87 -> 195
11343 305 0 -> 1 48 -> 221
11343 159 2 -> 2 96 -> 221
11368 185 0 -> 1 88 -> 222
11368 160 1 -> 2 96 -> 222
11392 182 0 -> 0 89 -> 196
11392 162 2 -> 1 95 -> 223
11392 163 1 -> 2 95 -> 223
11415 179 0 -> 1 90 -> 224
11415 308 0 -> 2 47 -> 224
11440 176 0 -> 0 91 -> 197
11440 165 2 -> 1 94 -> 225
11440 166 1 -> 2 94 -> 225
11463 173 0 -> 1 92 -> 226
11463 168 2 -> 2 93 -> 226
11488 170 0 -> 0 93 -> 198
11488 169 1 -> 1 93 -> 227
11488 311 0 -> 2 46 -> 227
11511 167 0 -> 1 94 -> 228
11511 171 2 -> 2 92 -> 228
11536 164 0 -> 0 95 -> 199
11536 172 1 -> 1 92 -> 229
11536 174 2 -> 2 91 -> 229
11559 161 0 -> 1 96 -> 230
11559 175 1 -> 2 91 -> 230
11584 158 0 -> 0 97 -> 200
11584 314 0 -> 1 45 -> 231
11584 177 2 -> 2 90 -> 231
11607 155 0 -> 1 98 -> 232
11607 178 1 -> 2 90 -> 232
11632 152 0 -> 0 99 -> 201
11632 180 2 -> 1 89 -> 233
11632 181 1 -> 2 89 -> 233
11655 149 0 -> 1 100 -> 234
11655 317 0 -> 2 44 -> 234
11680 146 0 -> 0 101 -> 202
11680 183 2 -> 1 88 -> 235
11680 184 1 -> 2 88 -> 235
11703 143 0 -> 1 102 -> 236
11703 186 2 -> 2 87 -> 236
11728 140 0 -> 0 103 -> 203
11728 187 1 -> 1 87 -> 237
11728 320 0 -> 2 43 -> 237
11751 137 0 -> 1 104 -> 238
11751 189 2 -> 2 86 -> 238
11776 134 0 -> 0 105 -> 204
11776 190 1 -> 1 86 -> 239
11776 192 2 -> 2 85 -> 239
11799 131 0 -> 1 106 -> 240
11799 193 1 -> 2 85 -> 240
11823 128 0 -> 0 107 -> 205
11823 323 0 -> 1 42 -> 241
11823 195 2 -> 2 84 -> 241
11848 125 0 -> 1 108 -> 242
11848 196 1 -> 2 84 -> 242
11871 122 0 -> 0 109 -> 206
11871 198 2 -> 1 83 -> 243
11871 199 1 -> 2 83 -> 243
11896 119 0 -> 1 110 -> 244
11896 326 0 -> 2 41 -> 244
11919 116 0 -> 0 111 -> 207
11919 201 2 -> 1 82 -> 245
11919 202 1 -> 2 82 -> 245
11944 113 0 -> 1 112 -> 246
11944 204 2 -> 2 81 -> 246
11967 110 0 -> 0 113 -> 208
11967 205 1 -> 1 81 -> 247
11967 329 0 -> 2 40 -> 247
11992 107 0 -> 1 114 -> 248
11992 207 2 -> 2 80 -> 248
12015 104 0 -> 0 115 -> 209
12015 208 1 -> 1 80 -> 249
12015 210 2 -> 2 79 -> 249
12040 101 0 -> 1 116 -> 250
12040 211 1 -> 2 79 -> 250
12063 98 0 -> 0 117 -> 210
12063 332 0 -> 1 39 -> 251
12063 213 2 -> 2 78 -> 251
12088 95 0 -> 1 118 -> 252
12088 214 1 -> 2 78 -> 252
12111 92 0 -> 0 119 -> 211
12111 216 2 -> 1 77 -> 253
12111 217 1 -> 2 77 -> 253
12136 89 0 -> 1 120 -> 254
12136 335 0 -> 2 38 -> 254
12159 86 0 -> 0 121 -> 212
12159 219 2 -> 1 76 -> 255
12159 220 1 -> 2 76 -> 255
12184 83 0 -> 1 122 -> 256
12184 222 2 -> 2 75 -> 256
12207 80 0 -> 0 123 -> 213
12207 223 1 -> 1 75 -> 257
12207 338 0 -> 2 37 -> 257
12232 77 0 -> 1 124 -> 258
12232 225 2 -> 2 74 -> 258
12256 74 0 -> 0 125 -> 214
12256 226 1 -> 1 74 -> 259
12256 228 2 -> 2 73 -> 259
12279 71 0 -> 1 126 -> 260
12279 229 1 -> 2 73 -> 260
12304 68 0 -> 0 127 -> 215
12304 341 0 -> 1 36 -> 261
12304 231 2 -> 2 72 -> 261
12327 65 0 -> 1 128 -> 262
12327 232 1 -> 2 72 -> 262
12352 62 0 -> 0 129 -> 216
12352 234 2 -> 1 71 -> 263
12352 235 1 -> 2 71 -> 263
12375 59 0 -> 1 130 -> 264
12375 344 0 -> 2 35 -> 264
12400 56 0 -> 0 131 -> 217
12400 237 2 -> 1 70 -> 265
12400 238 1 -> 2 70 -> 265
12423 240 2 -> 1 69 -> 266
12423 241 1 -> 2 69 -> 266
12448 53 0 -> 0 132 -> 218
12448 347 0 -> 1 34 -> 267
12448 243 2 -> 2 68 -> 267
12471 244 1 -> 1 68 -> 268
12471 246 2 -> 2 67 -> 268
12496 50 0 -> 0 133 -> 219
12496 247 1 -> 1 67 -> 269
12496 350 0 -> 2 33 -> 269
12519 249 2 -> 1 66 -> 270
12519 250 1 -> 2 66 -> 270
12544 47 0 -> 0 134 -> 220
12544 252 2 -> 1 65 -> 271
12544 253 1 -> 2 65 -> 271
12567 353 0 -> 1 32 -> 272
12567 255 2 -> 2 64 -> 272
12592 44 0 -> 0 135 -> 221
12592 256 1 -> 1 64 -> 273
12592 258 2 -> 2 63 -> 273
12615 259 1 -> 1 63 -> 274
12615 356 0 -> 2 31 -> 274
12640 41 0 -> 0 136 -> 222
12640 261 2 -> 1 62 -> 275
12640 262 1 -> 2 62 -> 275
12664 264 2 -> 1 61 -> 276
12664 265 1 -> 2 61 -> 276
12687 38 0 -> 0 137 -> 223
12687 359 0 -> 1 30 -> 277
12687 267 2 -> 2 60 -> 277
12712 268 1 -> 1 60 -> 278
12712 270 2 -> 2 59 -> 278
12735 35 0 -> 0 138 -> 224
12735 271 1 -> 1 59 -> 279
12735 362 0 -> 2 29 -> 279
12760 273 2 -> 1 58 -> 280
12760 274 1 -> 2 58 -> 280
12783 32 0 -> 0 139 -> 225
12783 276 2 -> 1 57 -> 281
12783 277 1 -> 2 57 -> 281
12808 365 0 -> 1 28 -> 282
12808 279 2 -> 2 56 -> 282
12831 29 0 -> 0 140 -> 226
12831 280 1 -> 1 56 -> 283
12831 282 2 -> 2 55 -> 283
12856 283 1 -> 1 55 -> 284
12856 368 0 -> 2 27 -> 284
12879 26 0 -> 0 141 -> 227
12879 285 2 -> 1 54 -> 285
12879 286 1 -> 2 54 -> 285
12904 288 2 -> 1 53 -> 286
12904 289 1 -> 2 53 -> 286
12927 23 0 -> 0 142 -> 228
12927 371 0 -> 1 26 -> 287
12927 291 2 -> 2 52 -> 287
12952 292 1 -> 1 52 -> 288
12952 294 2 -> 2 51 -> 288
12975 20 0 -> 0 143 -> 229
12975 295 1 -> 1 51 -> 289
12975 374 0 -> 2 25 -> 289
13000 297 2 -> 1 50 -> 290
13000 298 1 -> 2 50 -> 290
13023 17 0 -> 0 144 -> 230
13023 300 2 -> 1 49 -> 291
13023 301 1 -> 2 49 -> 291
13048 377 0 -> 1 24 -> 292
13048 303 2 -> 2 48 -> 292
13071 14 0 -> 0 145 -> 231
13071 304 1 -> 1 48 -> 293
13071 306 2 -> 2 47 -> 293
13095 307 1 -> 1 47 -> 294
13095 380 0 -> 2 23 -> 294
13120 11 0 -> 0 146 -> 232
13120 309 2 -> 1 46 -> 295
13120 310 1 -> 2 46 -> 295
13143 312 2 -> 1 45 -> 296
13143 313 1 -> 2 45 -> 296
13168 8 0 -> 0 147 -> 233
13168 383 0 -> 1 22 -> 297
13168 315 2 -> 2 44 -> 297
13191 316 1 -> 1 44 -> 298
13191 318 2 -> 2 43 -> 298
13216 5 0 -> 0 148 -> 234
13216 319 1 -> 1 43 -> 299
13216 386 0 -> 2 21 -> 299
13239 321 2 -> 1 42 -> 300
13239 322 1 -> 2 42 -> 300
13264 2 0 -> 0 149 -> 235
13264 51 0 -> 1 150 -> 301
13264 324 2 -> 2 41 -> 301
13287 325 1 -> 1 41 -> 302
13287 389 0 -> 2 20 -> 302
13312 45 0 -> 0 151 -> 236
13312 327 2 -> 1 40 -> 303
13312 328 1 -> 2 40 -> 303
13335 330 2 -> 1 39 -> 304
13335 331 1 -> 2 39 -> 304
13360 39 0 -> 0 152 -> 237
13360 392 0 -> 1 19 -> 305
13360 333 2 -> 2 38 -> 305
13383 334 1 -> 1 38 -> 306
13383 336 2 -> 2 37 -> 306
13408 33 0 -> 0 153 -> 238
13408 337 1 -> 1 37 -> 307
13408 395 0 -> 2 18 -> 307
13431 339 2 -> 1 36 -> 308
13431 340 1 -> 2 36 -> 308
13456 27 0 -> 0 154 -> 239
13456 342 2 -> 1 35 -> 309
13456 343 1 -> 2 35 -> 309
13479 398 0 -> 1 17 -> 310
13479 345 2 -> 2 34 -> 310
13503 21 0 -> 0 155 -> 240
13503 346 1 -> 1 34 -> 311
13503 348 2 -> 2 33 -> 311
13528 349 1 -> 1 33 -> 312
13528 401 0 -> 2 16 -> 312
13551 15 0 -> 0 156 -> 241
13551 351 2 -> 1 32 -> 313
13551 352 1 -> 2 32 -> 313
13576 354 2 -> 1 31 -> 314
13576 355 1 -> 2 31 -> 314
13599 9 0 -> 0 157 -> 242
13599 404 0 -> 1 15 -> 315
13599 357 2 -> 2 30 -> 315
13624 358 1 -> 1 30 -> 316
13624 360 2 -> 2 29 -> 316
13647 3 0 -> 0 158 -> 243
13647 361 1 -> 1 29 -> 317
13647 407 0 -> 2 14 -> 317
13672 363 2 -> 1 28 -> 318
13672 364 1 -> 2 28 -> 318
13695 0 0 -> 0 159 -> 244
13695 366 2 -> 1 27 -> 319
13695 367 1 -> 2 27 -> 319
13743 1 0 -> 1 160 -> 320
13743 410 0 -> 2 13 -> 320
13791 224 0 -> 0 161 -> 245
13791 369 2 -> 1 26 -> 321
13791 370 1 -> 2 26 -> 321
13839 227 0 -> 1 162 -> 322
13839 372 2 -> 2 25 -> 322
13887 4 0 -> 1 163 -> 323
13887 373 1 -> 2 25 -> 323
13936 221 0 -> 1 164 -> 324
13936 413 0 -> 2 12 -> 324
13959 375 2 -> 0 24 -> 246
13984 6 0 -> 1 165 -> 325
13984 376 1 -> 2 24 -> 325
14032 7 0 -> 1 166 -> 326
14032 378 2 -> 2 23 -> 326
14080 230 0 -> 1 167 -> 327
14080 379 1 -> 2 23 -> 327
14128 218 0 -> 0 168 -> 247
14128 416 0 -> 1 11 -> 328
14128 381 2 -> 2 22 -> 328
14176 10 2 -> 1 170 -> 329
14176 447 1 -> 2 170 -> 329
14224 18 2 -> 1 172 -> 330
14224 16 1 -> 2 172 -> 330
14272 25 2 -> 1 174 -> 331
14272 24 1 -> 2 174 -> 331
14295 30 2 -> 0 175 -> 248
14320 31 2 -> 1 176 -> 332
14320 215 1 -> 2 176 -> 332
14367 245 2 -> 1 178 -> 333
14367 37 1 -> 2 178 -> 333
14415 46 2 -> 1 180 -> 334
14415 248 1 -> 2 180 -> 334
14463 54 2 -> 0 182 -> 249
14463 52 1 -> 1 182 -> 335
14463 40 0 -> 2 174 -> 335
14511 58 2 -> 1 184 -> 336
14511 57 1 -> 2 184 -> 336
14559 64 2 -> 1 186 -> 337
14559 63 1 -> 2 186 -> 337
14607 70 2 -> 1 188 -> 338
14607 69 1 -> 2 188 -> 338
14632 263 2 -> 0 189 -> 250
14632 73 1 -> 1 189 -> 339
14655 209 2 -> 2 190 -> 339
14800 272 2 -> 0 196 -> 251
14967 112 2 -> 0 203 -> 252
15136 132 2 -> 0 210 -> 253
15304 302 2 -> 0 217 -> 254
15327 153 2 -> 0 218 -> 255
15352 156 2 -> 0 219 -> 256
15375 157 2 -> 0 220 -> 257
15400 159 2 -> 0 221 -> 258
15423 160 2 -> 0 222 -> 259
15448 163 2 -> 0 223 -> 260
15471 308 2 -> 0 224 -> 261
15496 166 2 -> 0 225 -> 262
15519 168 2 -> 0 226 -> 263
15544 311 2 -> 0 227 -> 264
15567 171 2 -> 0 228 -> 265
15592 174 2 -> 0 229 -> 266
15616 175 2 -> 0 230 -> 267
15639 177 2 -> 0 231 -> 268
15664 178 2 -> 0 232 -> 269
15687 181 2 -> 0 233 -> 270
15712 317 2 -> 0 234 -> 271
15735 184 2 -> 0 235 -> 272
15760 186 2 -> 0 236 -> 273
15783 320 2 -> 0 237 -> 274
15808 189 2 -> 0 238 -> 275
15831 192 2 -> 0 239 -> 276
15856 193 2 -> 0 240 -> 277
15879 195 2 -> 0 241 -> 278
15904 196 2 -> 0 242 -> 279
15927 199 2 -> 0 243 -> 280
15952 326 2 -> 0 244 -> 281
15975 202 2 -> 0 245 -> 282
16000 204 2 -> 0 246 -> 283
16023 329 2 -> 0 247 -> 284
16047 207 2 -> 0 248 -> 285
16072 210 2 -> 0 249 -> 286
16095 211 2 -> 0 250 -> 287
16120 213 2 -> 0 251 -> 288
16143 214 2 -> 0 252 -> 289
16168 217 2 -> 0 253 -> 290
16191 335 2 -> 0 254 -> 291
16216 220 2 -> 0 255 -> 292
16239 222 2 -> 0 256 -> 293
16264 338 2 -> 0 257 -> 294
16287 225 2 -> 0 258 -> 295
16312 228 2 -> 0 259 -> 296
16335 229 2 -> 0 260 -> 297
16360 231 2 -> 0 261 -> 298
16383 232 2 -> 0 262 -> 299
16408 235 2 -> 0 263 -> 300
16431 344 2 -> 0 264 -> 301
16480 241 2 -> 0 266 -> 302
16528 246 2 -> 0 268 -> 303
16576 250 2 -> 0 270 -> 304
16624 255 2 -> 0 272 -> 305
16672 356 2 -> 0 274 -> 306
16720 265 2 -> 0 276 -> 307
16768 270 2 -> 0 278 -> 308
16816 274 2 -> 0 280 -> 309
16864 279 2 -> 0 282 -> 310
16911 368 2 -> 0 284 -> 311
16959 289 2 -> 0 286 -> 312
17007 294 2 -> 0 288 -> 313
17055 298 2 -> 0 290 -> 314
17103 303 2 -> 0 292 -> 315
17151 380 2 -> 0 294 -> 316
17199 313 2 -> 0 296 -> 317
17247 318 2 -> 0 298 -> 318
17296 322 2 -> 0 300 -> 319
18215 381 2 -> 1 328 -> 340
18215 416 1 -> 2 328 -> 340
18240 447 2 -> 1 329 -> 341
18240 10 1 -> 2 329 -> 341
18263 218 0 -> 1 247 -> 342
18263 379 2 -> 2 327 -> 342
18288 16 2 -> 1 330 -> 343
18288 18 1 -> 2 330 -> 343
18311 230 1 -> 1 327 -> 344
18311 378 2 -> 2 326 -> 344
18336 24 2 -> 1 331 -> 345
18336 25 1 -> 2 331 -> 345
18359 7 1 -> 1 326 -> 346
18359 375 0 -> 2 246 -> 346
18384 215 2 -> 1 332 -> 347
18384 31 1 -> 2 332 -> 347
18407 30 0 -> 1 248 -> 348
18407 376 2 -> 2 325 -> 348
18432 37 2 -> 1 333 -> 349
18432 245 1 -> 2 333 -> 349
18455 6 1 -> 1 325 -> 350
18455 413 2 -> 2 324 -> 350
18480 248 2 -> 1 334 -> 351
18480 46 1 -> 2 334 -> 351
18503 221 1 -> 1 324 -> 352
18503 373 2 -> 2 323 -> 352
18528 40 2 -> 1 335 -> 353
18528 52 1 -> 2 335 -> 353
18551 4 1 -> 1 323 -> 354
18551 224 0 -> 2 245 -> 354
18575 57 2 -> 1 336 -> 355
18575 58 1 -> 2 336 -> 355
18600 54 0 -> 1 249 -> 356
18600 372 2 -> 2 322 -> 356
18623 63 2 -> 1 337 -> 357
18623 64 1 -> 2 337 -> 357
18648 227 1 -> 1 322 -> 358
18648 370 2 -> 2 321 -> 358
18671 69 2 -> 1 338 -> 359
18671 70 1 -> 2 338 -> 359
18696 73 1 -> 1 339 -> 360
18696 369 1 -> 2 321 -> 360
18719 209 2 -> 1 339 -> 361
18719 0 0 -> 2 244 -> 361
18744 263 0 -> 1 250 -> 362
18744 410 2 -> 2 320 -> 362
18767 1 1 -> 1 320 -> 363
18767 3 0 -> 2 243 -> 363
18792 367 2 -> 1 319 -> 364
18792 366 1 -> 2 319 -> 364
18815 364 2 -> 1 318 -> 365
18815 363 1 -> 2 318 -> 365
18840 9 0 -> 1 242 -> 366
18840 407 2 -> 2 317 -> 366
18863 361 1 -> 1 317 -> 367
18863 360 2 -> 2 316 -> 367
18888 358 1 -> 1 316 -> 368
18888 15 0 -> 2 241 -> 368
18911 272 0 -> 1 251 -> 369
18911 357 2 -> 2 315 -> 369
18936 404 1 -> 1 315 -> 370
18936 355 2 -> 2 314 -> 370
18959 354 1 -> 1 314 -> 371
18959 21 0 -> 2 240 -> 371
18983 352 2 -> 1 313 -> 372
18983 351 1 -> 2 313 -> 372
19008 401 2 -> 1 312 -> 373
19008 349 1 -> 2 312 -> 373
19031 27 0 -> 1 239 -> 374
19031 348 2 -> 2 311 -> 374
19056 346 1 -> 1 311 -> 375
19056 345 2 -> 2 310 -> 375
19079 112 0 -> 1 252 -> 376
19079 398 1 -> 2 310 -> 376
19104 33 0 -> 1 238 -> 377
19104 343 2 -> 2 309 -> 377
19127 342 1 -> 1 309 -> 378
19127 340 2 -> 2 308 -> 378
19152 339 1 -> 1 308 -> 379
19152 39 0 -> 2 237 -> 379
19175 395 2 -> 1 307 -> 380
19175 337 1 -> 2 307 -> 380
19200 336 2 -> 1 306 -> 381
19200 334 1 -> 2 306 -> 381
19223 45 0 -> 1 236 -> 382
19223 333 2 -> 2 305 -> 382
19248 132 0 -> 1 253 -> 383
19248 392 1 -> 2 305 -> 383
19271 331 2 -> 1 304 -> 384
19271 330 1 -> 2 304 -> 384
19296 2 0 -> 1 235 -> 385
19296 328 2 -> 2 303 -> 385
19319 327 1 -> 1 303 -> 386
19319 389 2 -> 2 302 -> 386
19344 325 1 -> 1 302 -> 387
19344 5 0 -> 2 234 -> 387
19367 324 2 -> 1 301 -> 388
19367 51 1 -> 2 301 -> 388
19392 321 1 -> 1 300 -> 389
19392 8 0 -> 2 233 -> 389
19416 302 0 -> 1 254 -> 390
19416 386 2 -> 2 299 -> 390
19439 319 1 -> 1 299 -> 391
19439 316 1 -> 2 298 -> 391
19464 153 0 -> 1 255 -> 392
19464 11 0 -> 2 232 -> 392
19487 315 2 -> 1 297 -> 393
19487 383 1 -> 2 297 -> 393
19512 156 0 -> 1 256 -> 394
19512 312 1 -> 2 296 -> 394
19535 14 0 -> 1 231 -> 395
19535 310 2 -> 2 295 -> 395
19560 157 0 -> 1 257 -> 396
19560 309 1 -> 2 295 -> 396
19583 307 1 -> 1 294 -> 397
19583 17 0 -> 2 230 -> 397
19608 159 0 -> 1 258 -> 398
19608 306 2 -> 2 293 -> 398
19631 304 1 -> 1 293 -> 399
19631 377 1 -> 2 292 -> 399
19656 160 0 -> 1 259 -> 400
19656 20 0 -> 2 229 -> 400
19679 301 2 -> 1 291 -> 401
19679 300 1 -> 2 291 -> 401
19704 163 0 -> 1 260 -> 402
19704 297 1 -> 2 290 -> 402
19727 23 0 -> 1 228 -> 403
19727 374 2 -> 2 289 -> 403
19752 308 0 -> 1 261 -> 404
19752 295 1 -> 2 289 -> 404
19775 292 1 -> 1 288 -> 405
19775 26 0 -> 2 227 -> 405
19800 166 0 -> 1 262 -> 406
19800 291 2 -> 2 287 -> 406
19823 371 1 -> 1 287 -> 407
19823 288 1 -> 2 286 -> 407
19847 168 0 -> 1 263 -> 408
19847 29 0 -> 2 226 -> 408
19872 286 2 -> 1 285 -> 409
19872 285 1 -> 2 285 -> 409
19895 311 0 -> 1 264 -> 410
19895 283 1 -> 2 284 -> 410
19920 32 0 -> 1 225 -> 411
19920 282 2 -> 2 283 -> 411
19943 171 0 -> 1 265 -> 412
19943 280 1 -> 2 283 -> 412
19968 365 1 -> 1 282 -> 413
19968 35 0 -> 2 224 -> 413
19991 174 0 -> 1 266 -> 414
19991 277 2 -> 2 281 -> 414
